ARM Linker, 5.01 [Build 94] 

==============================================================================

Image Symbol Table

    Local Symbols

    Symbol Name                              Value     Ov Type        Size  Object(Section)

    ../clib/angel/rt.s                       0x00000000   Number         0  aeabi_ldiv0_sigfpe.o ABSOLUTE
    ../clib/angel/rt.s                       0x00000000   Number         0  rt_div0.o ABSOLUTE
    ../clib/angel/rt.s                       0x00000000   Number         0  aeabi_ldiv0.o ABSOLUTE
    ../clib/angel/rt.s                       0x00000000   Number         0  aeabi_idiv0_sigfpe.o ABSOLUTE
    ../clib/angel/rt.s                       0x00000000   Number         0  rt_raise.o ABSOLUTE
    ../clib/angel/rt.s                       0x00000000   Number         0  aeabi_idiv0.o ABSOLUTE
    ../clib/angel/sys.s                      0x00000000   Number         0  use_no_semi.o ABSOLUTE
    ../clib/angel/sys.s                      0x00000000   Number         0  indicate_semi.o ABSOLUTE
    ../clib/angel/sysapp.c                   0x00000000   Number         0  sys_wrch.o ABSOLUTE
    ../clib/angel/sysapp.c                   0x00000000   Number         0  sys_exit.o ABSOLUTE
    ../clib/assert.c                         0x00000000   Number         0  assert_puts.o ABSOLUTE
    ../clib/assert.c                         0x00000000   Number         0  assert.o ABSOLUTE
    ../clib/division.s                       0x00000000   Number         0  aeabi_sdivfast_rs.o ABSOLUTE
    ../clib/division.s                       0x00000000   Number         0  aeabi_sdivfast_rs_div0.o ABSOLUTE
    ../clib/divrt.s                          0x00000000   Number         0  divrt_9e_div0.o ABSOLUTE
    ../clib/divrt.s                          0x00000000   Number         0  divrt_9e.o ABSOLUTE
    ../clib/longlong.s                       0x00000000   Number         0  lludiv5.o ABSOLUTE
    ../clib/memcpset.s                       0x00000000   Number         0  strcmp.o ABSOLUTE
    ../clib/memcpset.s                       0x00000000   Number         0  rt_memclr_w.o ABSOLUTE
    ../clib/memcpset.s                       0x00000000   Number         0  rt_memclr.o ABSOLUTE
    ../clib/memcpset.s                       0x00000000   Number         0  aeabi_memset.o ABSOLUTE
    ../clib/memcpset.s                       0x00000000   Number         0  memset.o ABSOLUTE
    ../clib/memcpset.s                       0x00000000   Number         0  rt_memcpy_w.o ABSOLUTE
    ../clib/memcpset.s                       0x00000000   Number         0  rt_memcpy.o ABSOLUTE
    ../clib/memcpset.s                       0x00000000   Number         0  memcpy.o ABSOLUTE
    ../clib/signal.c                         0x00000000   Number         0  defsig_other.o ABSOLUTE
    ../clib/signal.c                         0x00000000   Number         0  defsig_segv_inner.o ABSOLUTE
    ../clib/signal.c                         0x00000000   Number         0  defsig_cppl_inner.o ABSOLUTE
    ../clib/signal.c                         0x00000000   Number         0  defsig_pvfn_inner.o ABSOLUTE
    ../clib/signal.c                         0x00000000   Number         0  defsig_stak_inner.o ABSOLUTE
    ../clib/signal.c                         0x00000000   Number         0  defsig_rtmem_inner.o ABSOLUTE
    ../clib/signal.c                         0x00000000   Number         0  defsig_rtred_inner.o ABSOLUTE
    ../clib/signal.c                         0x00000000   Number         0  defsig_fpe_inner.o ABSOLUTE
    ../clib/signal.c                         0x00000000   Number         0  defsig_general.o ABSOLUTE
    ../clib/signal.c                         0x00000000   Number         0  __raise.o ABSOLUTE
    ../clib/signal.c                         0x00000000   Number         0  defsig_fpe_formal.o ABSOLUTE
    ../clib/signal.c                         0x00000000   Number         0  defsig_fpe_outer.o ABSOLUTE
    ../clib/signal.c                         0x00000000   Number         0  defsig_abrt_inner.o ABSOLUTE
    ../clib/signal.c                         0x00000000   Number         0  defsig_abrt_outer.o ABSOLUTE
    ../clib/signal.c                         0x00000000   Number         0  defsig_abrt_formal.o ABSOLUTE
    ../clib/signal.c                         0x00000000   Number         0  defsig_exit.o ABSOLUTE
    ../clib/signal.s                         0x00000000   Number         0  defsig.o ABSOLUTE
    ../clib/stdlib.c                         0x00000000   Number         0  abort.o ABSOLUTE
    ../clib/string.c                         0x00000000   Number         0  memcmp.o ABSOLUTE
    ../clib/string.c                         0x00000000   Number         0  strlen.o ABSOLUTE
    ../clib/string.c                         0x00000000   Number         0  strncmp.o ABSOLUTE
    ../clib/unhosted.s                       0x00000000   Number         0  uread4.o ABSOLUTE
[...]
    DALSYS_BusyWait                          0x0800a1c7   Thumb Code     4  DALModEnv.o(.text)
    DALSYS_MemDescAddBuf                     0x0800a1cb   Thumb Code     6  DALModEnv.o(.text)
    DALSYS_MemDescPrepare                    0x0800a1d1   Thumb Code     6  DALModEnv.o(.text)
    DALSYS_MemDescValidate                   0x0800a1d7   Thumb Code     6  DALModEnv.o(.text)
    DALSYS_GetDALPropertyHandle              0x0800a1dd   Thumb Code     4  DALModEnv.o(.text)
    DALSYS_GetPropertyValue                  0x0800a1e1   Thumb Code     4  DALModEnv.o(.text)
    DALSYS_InitSystemHandle                  0x0800a1e5   Thumb Code     2  DALModEnv.o(.text)
    DAL_DeviceDetach                         0x0800a23b   Thumb Code    52  DALModEnv.o(.text)
    DAL_DeviceAttachLocal                    0x0800a26f   Thumb Code    74  DALModEnv.o(.text)
    DAL_DeviceAttachEx                       0x0800a2b9   Thumb Code   212  DALModEnv.o(.text)
    DAL_DeviceAttach                         0x0800a38d   Thumb Code    62  DALModEnv.o(.text)
    DAL_StringDeviceAttachLocal              0x0800a3ff   Thumb Code    74  DALModEnv.o(.text)
    DAL_StringDeviceAttach                   0x0800a449   Thumb Code     8  DALModEnv.o(.text)
    DAL_StringDeviceAttachEx                 0x0800a451   Thumb Code    82  DALModEnv.o(.text)
    DAL_DeviceAttachRemote                   0x0800a4a3   Thumb Code     6  DALModEnv.o(.text)
    crc_16_calc                              0x0800a4b1   Thumb Code    96  crc.o(.text)
    crc_16_l_calc                            0x0800a511   Thumb Code    92  crc.o(.text)
    crc_30_calc                              0x0800a56d   Thumb Code    92  crc.o(.text)
    crc_30_step                              0x0800a5c9   Thumb Code    96  crc.o(.text)
    crc_16_step                              0x0800a629   Thumb Code    42  crc.o(.text)
    crc_16_l_step                            0x0800a653   Thumb Code    42  crc.o(.text)
    crc_32_calc                              0x0800a67d   Thumb Code    84  crc.o(.text)
    Clock_SBLConfig                          0x0800a849   Thumb Code     4  ClockSBLConfig.o(.text)
    Clock_SourceMapToMux                     0x0800a84d   Thumb Code    24  ClockSBLConfig.o(.text)
    Clock_MuxMapToSource                     0x0800a865   Thumb Code     4  ClockSBLConfig.o(.text)
    Clock_SourceMapToGCC                     0x0800a869   Thumb Code    34  ClockSBLConfig.o(.text)
    Clock_SourceMapToAPCS                    0x0800a88b   Thumb Code    34  ClockSBLConfig.o(.text)
    Clock_EnableSource                       0x0800a8ad   Thumb Code   166  ClockSBLConfig.o(.text)
    Clock_ConfigureSource                    0x0800a953   Thumb Code   204  ClockSBLConfig.o(.text)
    Clock_SetCPUPerfLevel                    0x0800aa3d   Thumb Code   130  ClockSBLCPU.o(.text)
    Clock_SetL2PerfLevel                     0x0800aabf   Thumb Code     4  ClockSBLCPU.o(.text)
    Clock_GetChipId                          0x0800aacd   Thumb Code     4  ClockTLMMSpareStub.o(.text)
    Clock_ExtBuckGPIOMisc                    0x0800aad1   Thumb Code     4  ClockTLMMSpareStub.o(.text)
    Clock_TriggerUpdate                      0x0800aad5   Thumb Code    50  ClockSBLCommon.o(.text)
    Clock_ConfigurePLL                       0x0800ab07   Thumb Code   310  ClockSBLCommon.o(.text)
    Clock_EnablePLL                          0x0800ac3d   Thumb Code   254  ClockSBLCommon.o(.text)
    Clock_DisablePLL                         0x0800ad3b   Thumb Code   110  ClockSBLCommon.o(.text)
    Clock_IsPLLEnabled                       0x0800ada9   Thumb Code    42  ClockSBLCommon.o(.text)
    Clock_ConfigMux                          0x0800add3   Thumb Code   172  ClockSBLCommon.o(.text)
    Clock_ToggleClock                        0x0800ae7f   Thumb Code    40  ClockSBLCommon.o(.text)
    Clock_DetectMuxCfg                       0x0800aea7   Thumb Code    40  ClockSBLCommon.o(.text)
    pm_comm_read_byte                        0x0800aecf   Thumb Code    46  pm_comm_spmi_lite.o(.text)
    pm_comm_read_byte_mask                   0x0800aefd   Thumb Code    28  pm_comm_spmi_lite.o(.text)
    pm_comm_write_byte                       0x0800af19   Thumb Code    34  pm_comm_spmi_lite.o(.text)
    pm_comm_write_byte_mask                  0x0800af3b   Thumb Code    88  pm_comm_spmi_lite.o(.text)
    pm_comm_write_byte_array                 0x0800af93   Thumb Code    28  pm_comm_spmi_lite.o(.text)
    pm_comm_read_byte_array                  0x0800afaf   Thumb Code    40  pm_comm_spmi_lite.o(.text)
    pm_version_detect                        0x0800afd9   Thumb Code   246  pm_version.o(.text)
    pm_get_pmic_model                        0x0800b0cf   Thumb Code    30  pm_version.o(.text)
    pm_get_pmic_revision                     0x0800b0ed   Thumb Code    32  pm_version.o(.text)
    pm_get_slave_id                          0x0800b10d   Thumb Code    62  pm_version.o(.text)
    pm_get_num_slaves_per_pmic               0x0800b14b   Thumb Code     4  pm_version.o(.text)
    pm_get_pmic_info                         0x0800b14f   Thumb Code    44  pm_version.o(.text)
    pm_resolve_chip_revision                 0x0800b17b   Thumb Code    56  pm_version.o(.text)
    qhsusb_fd_hdlc_set_core                  0x0800b34d   Thumb Code    40  qhsusb_fd_hdlc.o(.text)
    qhsusb_fd_set_bulk_mode                  0x0800b375   Thumb Code    16  qhsusb_fd_hdlc.o(.text)
    qhsusb_fd_hdlc_init                      0x0800b3a5   Thumb Code   486  qhsusb_fd_hdlc.o(.text)
    qhsusb_fd_hdlc_shutdown                  0x0800b58b   Thumb Code    22  qhsusb_fd_hdlc.o(.text)
    qhsusb_fd_hdlc_tx_byte                   0x0800b5a1   Thumb Code   132  qhsusb_fd_hdlc.o(.text)
    qhsusb_fd_hdlc_tx_pkt                    0x0800b625   Thumb Code   196  qhsusb_fd_hdlc.o(.text)
    qhsusb_fd_hdlc_is_tx_active              0x0800b6e9   Thumb Code    46  qhsusb_fd_hdlc.o(.text)
    qhsusb_fd_hdlc_rx_pkt                    0x0800b717   Thumb Code    76  qhsusb_fd_hdlc.o(.text)
    qhsusb_fd_hdlc_rx_completed              0x0800b763   Thumb Code    20  qhsusb_fd_hdlc.o(.text)
    qhsusb_fd_hdlc_update_vid_pid            0x0800b777   Thumb Code    30  qhsusb_fd_hdlc.o(.text)
    qhsusb_fd_hdlc_get_vid_pid               0x0800b795   Thumb Code    40  qhsusb_fd_hdlc.o(.text)
    qhsusb_fd_hdlc_rx_completed_int_buf_mode 0x0800b7bd   Thumb Code    26  qhsusb_fd_hdlc.o(.text)
    qhsusb_fd_hdlc_bulk_in_progress          0x0800b7d7   Thumb Code     4  qhsusb_fd_hdlc.o(.text)
    qhsusb_dcd_set_config                    0x0800b89d   Thumb Code   226  qhsusb_dcd_ch9.o(.text)
    qhsusb_submit_urb                        0x0800b97f   Thumb Code    44  qhsusb_dcd_ch9.o(.text)
    qhsusb_dcd_control_transfer              0x0800b9ab   Thumb Code    46  qhsusb_dcd_ch9.o(.text)
    qhsusb_dcd_port_status_changed           0x0800bc85   Thumb Code    92  qhsusb_dcd_ch9.o(.text)
    qhsusb_dcd_init                          0x0800bd89   Thumb Code    82  qhsusb_dcd_ch9.o(.text)
    qhsusb_dcd_poll                          0x0800bddb   Thumb Code    12  qhsusb_dcd_ch9.o(.text)
    qhsusb_dcd_shutdown                      0x0800bde7   Thumb Code    56  qhsusb_dcd_ch9.o(.text)
    qhsusb_dcd_is_enumerated                 0x0800be1f   Thumb Code    22  qhsusb_dcd_ch9.o(.text)
    qhsusb_dci_enable_test_mode              0x0800be41   Thumb Code    64  qhsusb_dci.o(.text)
    qhsusb_dci_get_enum_flag                 0x0800be81   Thumb Code     6  qhsusb_dci.o(.text)
    dci_skip_enumeration                     0x0800bf0d   Thumb Code    28  qhsusb_dci.o(.text)
    qhsusb_loop_here                         0x0800bf29   Thumb Code    10  qhsusb_dci.o(.text)
    qhsusb_dci_init                          0x0800bf33   Thumb Code   174  qhsusb_dci.o(.text)
    qhsusb_dci_poll_events                   0x0800c16b   Thumb Code   146  qhsusb_dci.o(.text)
    qhsusb_dci_set_address                   0x0800c1fd   Thumb Code    18  qhsusb_dci.o(.text)
    qhsusb_dci_stall_endpoint                0x0800c20f   Thumb Code   110  qhsusb_dci.o(.text)
    qhsusb_dci_unstall_endpoint              0x0800c27d   Thumb Code    94  qhsusb_dci.o(.text)
    qhsusb_dci_config_endpoint               0x0800c2db   Thumb Code   162  qhsusb_dci.o(.text)
    qhsusb_dci_unconfig_endpoint             0x0800c37d   Thumb Code    72  qhsusb_dci.o(.text)
    qhsusb_dci_transfer_request              0x0800c609   Thumb Code   208  qhsusb_dci.o(.text)
    qhsusb_dci_cancel_transfer               0x0800c6d9   Thumb Code   170  qhsusb_dci.o(.text)
    qhsusb_dci_cancel_transfer_wo_dqh_dtd    0x0800c783   Thumb Code    80  qhsusb_dci.o(.text)
    qhsusb_dci_shutdown                      0x0800c7d3   Thumb Code    86  qhsusb_dci.o(.text)
    qhsusb_dci_start_timer                   0x0800c829   Thumb Code    84  qhsusb_dci.o(.text)
    qhsusb_dci_stop_timer                    0x0800c87d   Thumb Code    32  qhsusb_dci.o(.text)
    qhsusb_dci_get_time_usec                 0x0800c89d   Thumb Code    48  qhsusb_dci.o(.text)
    qhsusb_dci_get_speed                     0x0800c8cd   Thumb Code    10  qhsusb_dci.o(.text)
    qhsusb_dci_set_max_packet_size           0x0800c8d7   Thumb Code     6  qhsusb_dci.o(.text)
    qhsusb_dci_is_suspended                  0x0800c8dd   Thumb Code    16  qhsusb_dci.o(.text)
    qhsusb_dci_get_line_state                0x0800c8ed   Thumb Code    10  qhsusb_dci.o(.text)
    qhsusb_dci_set_runstop_bit               0x0800c8f7   Thumb Code    12  qhsusb_dci.o(.text)
    qhsusb_dci_ulpi_read                     0x0800c903   Thumb Code    64  qhsusb_dci.o(.text)
    qhsusb_dci_ulpi_write                    0x0800c943   Thumb Code    88  qhsusb_dci.o(.text)
    qhsusb_dci_detect_charger_type           0x0800c99b   Thumb Code    10  qhsusb_dci.o(.text)
    qhsusb_dci_set_enum_flag                 0x0800c9a5   Thumb Code     6  qhsusb_dci.o(.text)
    qhsusb_dci_write_scratch                 0x0800c9ab   Thumb Code    12  qhsusb_dci.o(.text)
    qhsusb_dci_read_scratch                  0x0800c9b7   Thumb Code    16  qhsusb_dci.o(.text)
    dci_set_bulk_progress                    0x0800c9c7   Thumb Code     6  qhsusb_dci.o(.text)
    SpmiMaster_LoadFirmware                  0x0800c9e9   Thumb Code   224  GeniImage.o(.text)
    DALSYS_HeapInit                          0x0800cb09   Thumb Code    56  DALHeap.o(.text)
    IsExternalMemReady                       0x0800cb41   Thumb Code    16  DALHeap.o(.text)
    malloc                                   0x0800cb51   Thumb Code    92  DALHeap.o(.text)
    free                                     0x0800cbad   Thumb Code     2  DALHeap.o(.text)
    _DALSYS_GetDALPropertyHandle             0x0800cbb5   Thumb Code    68  DALProps.o(.text)
    DAL_StringDeviceObjectLookup             0x0800cc19   Thumb Code   228  DALProps.o(.text)
    DALSYS_GetDALPropertyHandleStr           0x0800ccfd   Thumb Code    60  DALProps.o(.text)
    _DALSYS_GetPropertyValue                 0x0800cf13   Thumb Code   174  DALProps.o(.text)
    flash_prog_erase_bad_block_table         0x0800cfdd   Thumb Code   246  nand_core.o(.text)
    flash_prog_write_current_page            0x0800d1f9   Thumb Code   426  nand_core.o(.text)
    flash_prog_write_magic_number_page       0x0800d3a3   Thumb Code   102  nand_core.o(.text)
    flash_prog_write_partial_page_data       0x0800d409   Thumb Code    32  nand_core.o(.text)
    flash_prog_erase_partition               0x0800d5f1   Thumb Code   114  nand_core.o(.text)
    flash_prog_erase_some_of_chip            0x0800d663   Thumb Code   138  nand_core.o(.text)
    flash_prog_erase_chip                    0x0800d6ed   Thumb Code     4  nand_core.o(.text)
    flash_prog_find_starting_erase_block     0x0800d6f1   Thumb Code   144  nand_core.o(.text)
    flash_prog_set_security_mode             0x0800d781   Thumb Code    66  nand_core.o(.text)
    flash_prog_init_parti                    0x0800d7c3   Thumb Code   442  nand_core.o(.text)
    flash_prog_deinit_tools                  0x0800d97d   Thumb Code    44  nand_core.o(.text)
    flash_prog_program_img                   0x0800d9a9   Thumb Code   456  nand_core.o(.text)
    flash_prog_str2int                       0x0800db71   Thumb Code    42  nand_core.o(.text)
    flash_prog_program_factory_img           0x0800df01   Thumb Code   912  nand_core.o(.text)
    flash_prog_program_flash_bin             0x0800e291   Thumb Code  1260  nand_core.o(.text)
    flash_prog_get_flash_info                0x0800e77d   Thumb Code    78  nand_core.o(.text)
    mdelay                                   0x0800e7cb   Thumb Code    18  nand_core.o(.text)
    clk_pause                                0x0800e7dd   Thumb Code     8  nand_core.o(.text)
    nand_dispatch                            0x0800e7f1   Thumb Code   152  nand_entry.o(.text)
    busywait_init                            0x0800e89d   Thumb Code    78  busywait_hw_qtimer.o(.text)
    busywait                                 0x0800e8eb   Thumb Code    46  busywait_hw_qtimer.o(.text)
    qhsusb_boot_dload_get_qpst_cookie        0x0800e959   Thumb Code     4  qhsusb_boot_dload.o(.text)
    qhsusb_boot_dload_mark_dload_info_invalid 0x0800e95d   Thumb Code    12  qhsusb_boot_dload.o(.text)
    qhsusb_boot_dload_is_dload_info_pid_valid 0x0800e969   Thumb Code    24  qhsusb_boot_dload.o(.text)
    qhsusb_boot_dload_is_dload_info_serial_num_valid 0x0800e981   Thumb Code    24  qhsusb_boot_dload.o(.text)
    qhsusb_boot_dload_get_dload_info_ptr     0x0800e999   Thumb Code     4  qhsusb_boot_dload.o(.text)
    qhsusb_dci_is_attached                   0x0800e9cd   Thumb Code    20  qhsusb_dci_8909.o(.text)
    qhsusb_dci_is_wall_charger               0x0800e9e1   Thumb Code     4  qhsusb_dci_8909.o(.text)
    qhsusb_dci_is_connected                  0x0800e9e5   Thumb Code     6  qhsusb_dci_8909.o(.text)
    qhsusb_dci_connect                       0x0800e9eb   Thumb Code    18  qhsusb_dci_8909.o(.text)
    qhsusb_dci_disconnect                    0x0800e9fd   Thumb Code    18  qhsusb_dci_8909.o(.text)
    qhsusb_get_shared_imem_address           0x0800ea0f   Thumb Code     4  qhsusb_dci_8909.o(.text)
    dci_clk_regime_msm_reset_assert          0x0800ea13   Thumb Code    32  qhsusb_dci_8909.o(.text)
    dci_clk_regime_msm_reset_deassert        0x0800ea33   Thumb Code    32  qhsusb_dci_8909.o(.text)
    dci_init_phy                             0x0800eb1d   Thumb Code    28  qhsusb_dci_8909.o(.text)
    qhsusb_dci_check_for_pbl_dload           0x0800eb39   Thumb Code   220  qhsusb_dci_8909.o(.text)
    qhsusb_dci_soft_reset_core               0x0800ec15   Thumb Code    26  qhsusb_dci_8909.o(.text)
    dci_dcache_inval                         0x0800ec2f   Thumb Code     4  qhsusb_dci_8909.o(.text)
    dci_dcache_flush                         0x0800ec33   Thumb Code     4  qhsusb_dci_8909.o(.text)
    dci_enable_ulpi_control_for_charger_block 0x0800ecc7   Thumb Code     2  qhsusb_dci_8909.o(.text)
    dci_detect_charger_type                  0x0800ede5   Thumb Code   462  qhsusb_dci_8909.o(.text)
    dci_is_streaming_mode_disable_required   0x0800efb3   Thumb Code     4  qhsusb_dci_8909.o(.text)
    qhsusb_dci_clk_enable                    0x0800efbd   Thumb Code     4  qhsusb_dci_8909_hw_apis_sbl1.o(.text)
    qhsusb_dci_clk_is_usb_system_clk_on      0x0800efc1   Thumb Code    10  qhsusb_dci_8909_hw_apis_sbl1.o(.text)
    qhsusb_dci_clk_disable                   0x0800efcb   Thumb Code     4  qhsusb_dci_8909_hw_apis_sbl1.o(.text)
    qhsusb_dci_usb_reset_assert              0x0800efcf   Thumb Code    54  qhsusb_dci_8909_hw_apis_sbl1.o(.text)
    qhsusb_dci_usb_reset_deassert            0x0800f005   Thumb Code    42  qhsusb_dci_8909_hw_apis_sbl1.o(.text)
    qhsusb_dci_delay_ms                      0x0800f02f   Thumb Code    26  qhsusb_dci_8909_hw_apis_sbl1.o(.text)
    qhsusb_dci_delay_us                      0x0800f049   Thumb Code     4  qhsusb_dci_8909_hw_apis_sbl1.o(.text)
    qhsusb_dci_dcache_flush                  0x0800f04d   Thumb Code     2  qhsusb_dci_8909_hw_apis_sbl1.o(.text)
    qhsusb_dci_dcache_inval                  0x0800f04f   Thumb Code     2  qhsusb_dci_8909_hw_apis_sbl1.o(.text)
    qhsusb_log_init                          0x0800f061   Thumb Code     2  qhsusb_log.o(.text)
    qhsusb_log                               0x0800f063   Thumb Code     2  qhsusb_log.o(.text)
    bam_pipe_eot_handler                     0x0800f097   Thumb Code   434  bams.o(.text)
    bam_isr                                  0x0800f249   Thumb Code     2  bams.o(.text)
    bam_secure_init                          0x0800f285   Thumb Code    70  bams.o(.text)
    bam_drv_init                             0x0800f2cb   Thumb Code    30  bams.o(.text)
    bam_drv_deinit                           0x0800f2e9   Thumb Code    30  bams.o(.text)
    bam_init                                 0x0800f307   Thumb Code   884  bams.o(.text)
    bam_deinit                               0x0800f67b   Thumb Code   214  bams.o(.text)
    bam_reset                                0x0800f751   Thumb Code   128  bams.o(.text)
    bam_setirqmode                           0x0800f7d1   Thumb Code     4  bams.o(.text)
    bam_pipe_init                            0x0800f7d5   Thumb Code   364  bams.o(.text)
    bam_pipe_deinit                          0x0800f941   Thumb Code   144  bams.o(.text)
    bam_pipe_enable                          0x0800f9d1   Thumb Code   122  bams.o(.text)
    bam_pipe_disable                         0x0800fa4b   Thumb Code    86  bams.o(.text)
    bam_pipe_setirqmode                      0x0800faa1   Thumb Code    98  bams.o(.text)
    bami_pipe_transfer_no_lock               0x0800fb03   Thumb Code   238  bams.o(.text)
    bam_pipe_isirqmode                       0x0800fbf1   Thumb Code     4  bams.o(.text)
    bam_pipe_transfer                        0x0800fbf5   Thumb Code    90  bams.o(.text)
    bam_pipe_getfreecount                    0x0800fc4f   Thumb Code    36  bams.o(.text)
    bam_pipe_bulktransfer                    0x0800fc73   Thumb Code   198  bams.o(.text)
    bam_pipe_isempty                         0x0800fd39   Thumb Code    42  bams.o(.text)
    bam_pipe_poll                            0x0800fd63   Thumb Code   108  bams.o(.text)
    bam_pipe_get_current_descriptor_info     0x0800fdcf   Thumb Code   100  bams.o(.text)
    bam_fill_ce                              0x0800fe33   Thumb Code    50  bams.o(.text)
    flash_prog_init_for_partition_image      0x0800ff13   Thumb Code   186  nand_partition.o(.text)
    flash_prog_print_mibib                   0x0800ffcd   Thumb Code    52  nand_partition.o(.text)
    flash_prog_print_layout                  0x08010001   Thumb Code   174  nand_partition.o(.text)
    flash_prog_erase_MIBIB_partition         0x080100af   Thumb Code   114  nand_partition.o(.text)
    flash_prog_partition_tables_are_equal    0x08010133   Thumb Code   178  nand_partition.o(.text)
    flash_prog_find_nth_good_block           0x080101e5   Thumb Code   168  nand_partition.o(.text)
    flash_prog_convert_usr_parti_tbl_to_sys  0x0801028d   Thumb Code   604  nand_partition.o(.text)
    flash_prog_read_page                     0x08010511   Thumb Code   102  nand_wrapper.o(.text)
    flash_prog_write_page                    0x08010577   Thumb Code   102  nand_wrapper.o(.text)
    flash_prog_write_page_and_udata          0x080105dd   Thumb Code   114  nand_wrapper.o(.text)
    flash_prog_read_page_and_udata           0x0801064f   Thumb Code   114  nand_wrapper.o(.text)
    nand_memcpy                              0x080106c1   Thumb Code    54  nand_wrapper.o(.text)
    flash_prog_prepare_this_block            0x08010765   Thumb Code   422  nand_core_v2.o(.text)
    flash_prog_image_init                    0x0801090b   Thumb Code   988  nand_core_v2.o(.text)
    flash_prog_set_block_offsets_in_mibib    0x08010ce7   Thumb Code    36  nand_core_v2.o(.text)
    flash_prog_get_bbtb_block_from_mibib     0x08010d0b   Thumb Code     6  nand_core_v2.o(.text)
    flash_prog_write_mibib                   0x08010e43   Thumb Code   228  nand_core_v2.o(.text)
    flash_prog_setup_mibib_not_present       0x08010f27   Thumb Code    68  nand_core_v2.o(.text)
    flash_prog_setup_mibib_present           0x08010f6b   Thumb Code   318  nand_core_v2.o(.text)
    flash_prog_image_finalize                0x080110a9   Thumb Code   140  nand_core_v2.o(.text)
    DALFW_MemDescBufPtr                      0x08011193   Thumb Code    20  DALMemDesc.o(.text)
    DALFW_MemDescInit                        0x080111a7   Thumb Code    98  DALMemDesc.o(.text)
    DALFW_MemDescAddBuf                      0x08011209   Thumb Code    62  DALMemDesc.o(.text)
    DALFW_AllocPhysForMemDescBufs            0x0801145d   Thumb Code   144  DALMemDesc.o(.text)
    DALFW_MemDescListCopyBufs                0x080114ed   Thumb Code   240  DALMemDesc.o(.text)
    bam_osal_init                            0x080115e5   Thumb Code     2  bamosal.o(.text)
    bam_osal_deinit                          0x080115e7   Thumb Code     2  bamosal.o(.text)
    bam_osal_malloc                          0x080115e9   Thumb Code    18  bamosal.o(.text)
    bam_osal_free                            0x080115fb   Thumb Code     4  bamosal.o(.text)
    bam_osal_memcpy                          0x080115ff   Thumb Code    12  bamosal.o(.text)
    bam_osal_mallocmemregion                 0x0801160b   Thumb Code    84  bamosal.o(.text)
    bam_osal_freememregion                   0x0801165f   Thumb Code    16  bamosal.o(.text)
    bam_osal_cachecmd                        0x0801166f   Thumb Code    24  bamosal.o(.text)
    bam_osal_memorybarrier                   0x08011687   Thumb Code     4  bamosal.o(.text)
    bam_osal_syncinit                        0x0801168b   Thumb Code     4  bamosal.o(.text)
    bam_osal_syncdestroy                     0x0801168f   Thumb Code     4  bamosal.o(.text)
    bam_osal_syncenter                       0x08011693   Thumb Code     2  bamosal.o(.text)
    bam_osal_syncleave                       0x08011695   Thumb Code     2  bamosal.o(.text)
    bam_osal_isrinstall                      0x08011697   Thumb Code     4  bamosal.o(.text)
    bam_osal_isruninstall                    0x0801169b   Thumb Code     2  bamosal.o(.text)
    bam_osal_israck                          0x0801169d   Thumb Code     2  bamosal.o(.text)
    bam_osal_clock_ctl_init                  0x0801169f   Thumb Code     4  bamosal.o(.text)
    bam_osal_clock_ctl_deinit                0x080116a3   Thumb Code     4  bamosal.o(.text)
    bam_osal_clock_ctl_enable                0x080116a7   Thumb Code     4  bamosal.o(.text)
    bam_osal_clock_ctl_disable               0x080116ab   Thumb Code     4  bamosal.o(.text)
    bamdev_write_reg                         0x080116b5   Thumb Code     6  bamcore.o(.text)
    bamdev_write_reg_field                   0x080116bb   Thumb Code    20  bamcore.o(.text)
    bamdev_read_reg                          0x080116cf   Thumb Code     6  bamcore.o(.text)
    bamcore_lpae_supported                   0x080116df   Thumb Code     4  bamcore.o(.text)
    bamcore_setirqmode                       0x080116e3   Thumb Code    70  bamcore.o(.text)
    bamcore_init                             0x08011729   Thumb Code   134  bamcore.o(.text)
    bamcore_deinit                           0x080117af   Thumb Code    18  bamcore.o(.text)
    bamcore_secure_init                      0x080117e7   Thumb Code    92  bamcore.o(.text)
    bamcore_bam_enabled                      0x08011843   Thumb Code    98  bamcore.o(.text)
    bamcore_check                            0x080118a5   Thumb Code   298  bamcore.o(.text)
    bamcore_pipe_secure_init                 0x080119cf   Thumb Code   196  bamcore.o(.text)
    bamcore_secure_set_sg                    0x08011a93   Thumb Code    98  bamcore.o(.text)
    bamcore_getirqmode                       0x08011af5   Thumb Code     4  bamcore.o(.text)
    bamcore_getmaxtransfersize               0x08011af9   Thumb Code     6  bamcore.o(.text)
    bamcore_get_error_address                0x08011aff   Thumb Code    48  bamcore.o(.text)
    bamcore_get_error_data                   0x08011b2f   Thumb Code     6  bamcore.o(.text)
    bamcore_get_error_bus_ctrls              0x08011b35   Thumb Code     6  bamcore.o(.text)
    bamcore_get_irq_sources                  0x08011b3b   Thumb Code    22  bamcore.o(.text)
    bamcore_get_and_clear_irq_status         0x08011b51   Thumb Code    34  bamcore.o(.text)
    bamcore_pipe_setlockgroup                0x08011b73   Thumb Code    26  bamcore.o(.text)
    bamcore_pipe_setirqmode                  0x08011b8d   Thumb Code   144  bamcore.o(.text)
    bamcore_pipe_init                        0x08011c1d   Thumb Code   258  bamcore.o(.text)
    bamcore_pipe_deinit                      0x08011d1f   Thumb Code    72  bamcore.o(.text)
    bamcore_pipe_getirqmode                  0x08011d67   Thumb Code    32  bamcore.o(.text)
    bamcore_pipe_getirqmask                  0x08011d87   Thumb Code     8  bamcore.o(.text)
    bamcore_pipe_getandclearirqstatus        0x08011d8f   Thumb Code    38  bamcore.o(.text)
    bamcore_pipe_setdescwriteoffset          0x08011db5   Thumb Code    12  bamcore.o(.text)
    bamcore_pipe_getdescwriteoffset          0x08011dc1   Thumb Code    14  bamcore.o(.text)
    bamcore_pipe_getdescreadoffset           0x08011dcf   Thumb Code    16  bamcore.o(.text)
    bamcore_pipe_getdescfifofullflag         0x08011ddf   Thumb Code    24  bamcore.o(.text)
    bamcore_pipe_timerconfig                 0x08011df7   Thumb Code     2  bamcore.o(.text)
    bamcore_pipe_timerreset                  0x08011df9   Thumb Code     2  bamcore.o(.text)
    bamcore_pipe_timergetcount               0x08011dfb   Thumb Code     8  bamcore.o(.text)
    bamcore_pipe_getevtregoffset             0x08011e03   Thumb Code    10  bamcore.o(.text)
    bamcore_pipe_enabled                     0x08011e0d   Thumb Code    14  bamcore.o(.text)
    bamcore_pipe_nwd_done                    0x08011e1b   Thumb Code    26  bamcore.o(.text)
    bamcore_pipe_get_descfifobase            0x08011e35   Thumb Code     8  bamcore.o(.text)
    bamcore_pipe_get_descfifosize            0x08011e3d   Thumb Code    14  bamcore.o(.text)
    bamcore_pipe_get_toggle                  0x08011e4b   Thumb Code    24  bamcore.o(.text)
    bamcore_pipe_desc_published              0x08011e63   Thumb Code    26  bamcore.o(.text)
    bam_tgt_getcfg                           0x08011ead   Thumb Code    64  bamtgtcfg.o(.text)
    bam_tgt_getnumdevs                       0x08011eed   Thumb Code    56  bamtgtcfg.o(.text)
    bam_tgt_getpipelockgroup                 0x08011f25   Thumb Code     4  bamtgtcfg.o(.text)
    bam_tgt_initpipemem                      0x08011f29   Thumb Code     2  bamtgtcfg.o(.text)
    bam_tgt_getpipememstartaddr              0x08011f2b   Thumb Code     6  bamtgtcfg.o(.text)
    bam_tgt_getpipememendaddr                0x08011f31   Thumb Code     6  bamtgtcfg.o(.text)
    bam_tgt_getpipememptaddr                 0x08011f37   Thumb Code     4  bamtgtcfg.o(.text)
    flash_fwk_attach                         0x08011fb1   Thumb Code    82  flash_dal_fwk.o(.text)
    DALFW_AttachToStringDevice               0x080122ed   Thumb Code   170  dalfwkbase.o(.text)
    DALFW_AttachToDevice                     0x08012397   Thumb Code   132  dalfwkbase.o(.text)
    DALFW_MarkDeviceStatic                   0x0801241b   Thumb Code    16  dalfwkbase.o(.text)
    DALFW_AddRef                             0x0801242b   Thumb Code    28  dalfwkbase.o(.text)
    DALFW_Release                            0x08012447   Thumb Code    62  dalfwkbase.o(.text)
    flash_dal_driver_init                    0x08012485   Thumb Code     4  flash_dal.o(.text)
    flash_dal_driver_deinit                  0x08012489   Thumb Code     4  flash_dal.o(.text)
    flash_dal_device_init                    0x0801248d   Thumb Code   116  flash_dal.o(.text)
    flash_dal_device_deinit                  0x08012501   Thumb Code    40  flash_dal.o(.text)
    rex_int_free                             0x08012529   Thumb Code     2  nand_stubs.o(.text)
    rex_int_lock                             0x0801252b   Thumb Code     2  nand_stubs.o(.text)
    memory_barrier                           0x0801252d   Thumb Code     2  nand_stubs.o(.text)
    flash_get_property                       0x08012531   Thumb Code    82  flash_properties.o(.text)
    kick_watchdog                            0x08012583   Thumb Code     2  flash_properties.o(.text)
    nand_entry_mem_alloc                     0x080125c1   Thumb Code   194  flash_nand_entry.o(.text)
    nand_entry_erase_blocks                  0x080128a3   Thumb Code    90  flash_nand_entry.o(.text)
    nand_entry_block_get_state               0x0801292f   Thumb Code    50  flash_nand_entry.o(.text)
    nand_entry_write_pages                   0x08012961   Thumb Code   190  flash_nand_entry.o(.text)
    nand_entry_read_pages                    0x08012a1f   Thumb Code   166  flash_nand_entry.o(.text)
    nand_get_entry_vtbl_reduced              0x08012b61   Thumb Code    32  flash_nand_entry.o(.text)
    nand_get_entry_vtbl_default              0x08012b81   Thumb Code    56  flash_nand_entry.o(.text)
    nand_entry_device_probe                  0x08012bb9   Thumb Code    82  flash_nand_entry.o(.text)
    flash_vtop_init_list                     0x08012c69   Thumb Code     8  flash_dal_util.o(.text)
    flash_vtop_set_list_count                0x08012c71   Thumb Code     6  flash_dal_util.o(.text)
    flash_vtop_add_item                      0x08012c77   Thumb Code    38  flash_dal_util.o(.text)
    flash_vtop_get_physical                  0x08012c9d   Thumb Code    64  flash_dal_util.o(.text)
    flash_strcpy                             0x08012cdd   Thumb Code    28  flash_dal_util.o(.text)
    flash_extract_uuid                       0x08012cf9   Thumb Code   350  flash_dal_util.o(.text)
    flash_busy_wait                          0x08012e57   Thumb Code     4  flash_dal_util.o(.text)
    flash_dcache_clean                       0x08012e5b   Thumb Code    10  flash_dal_util.o(.text)
    flash_dcache_inval                       0x08012e65   Thumb Code    10  flash_dal_util.o(.text)
    nand_read_id                             0x080130bd   Thumb Code    38  flash_nand_core.o(.text)
    nand_erase_blocks                        0x080130e3   Thumb Code   114  flash_nand_core.o(.text)
    nand_set_block_state                     0x08013155   Thumb Code   252  flash_nand_core.o(.text)
    nand_get_block_state                     0x0801332f   Thumb Code     2  flash_nand_core.o(.text)
    nand_write_pages                         0x08013331   Thumb Code   168  flash_nand_core.o(.text)
    nand_read_pages                          0x080133d9   Thumb Code   168  flash_nand_core.o(.text)
    nand_copy_pages                          0x08013481   Thumb Code   340  flash_nand_core.o(.text)
    nand_read_otp_page                       0x080135d5   Thumb Code   384  flash_nand_core.o(.text)
    nand_get_uuid                            0x08013755   Thumb Code    86  flash_nand_core.o(.text)
    nand_get_base_tbl_default                0x080137ab   Thumb Code    46  flash_nand_core.o(.text)
    nand_get_base_tbl_reduced                0x080137d9   Thumb Code    16  flash_nand_core.o(.text)
    nand_predef_init                         0x08013889   Thumb Code    98  flash_nand_init.o(.text)
    nand_close                               0x080138eb   Thumb Code    38  flash_nand_init.o(.text)
    nand_deinit                              0x08013a4d   Thumb Code    72  flash_nand_init.o(.text)
    nand_open_partition                      0x08013a95   Thumb Code     2  flash_nand_init.o(.text)
    nand_probe                               0x08013e01   Thumb Code   174  flash_nand_init.o(.text)
    smem_retrieve_mibib                      0x08014147   Thumb Code     6  flash_nand_partition.o(.text)
    nand_retrieve_mibib                      0x0801414d   Thumb Code   442  flash_nand_partition.o(.text)
    nand_partition_update_limits             0x08014307   Thumb Code    54  flash_nand_partition.o(.text)
    nand_get_entry_vtbl                      0x08014345   Thumb Code     4  flash_dal_nand_default.o(.text)
    flash_hal_handle_unc_memcpy              0x08014349   Thumb Code    94  flash_hal_properties.o(.text)
    flash_hal_handle_opti_memcpy             0x080143a7   Thumb Code    14  flash_hal_properties.o(.text)
    flash_hal_handle_unc_memset              0x080143b5   Thumb Code    22  flash_hal_properties.o(.text)
    flash_hal_set_property                   0x080143cb   Thumb Code    68  flash_hal_properties.o(.text)
    flash_hal_memcpy                         0x0801440f   Thumb Code     6  flash_hal_properties.o(.text)
    flash_hal_memset                         0x08014415   Thumb Code     6  flash_hal_properties.o(.text)
    flash_hal_busywait                       0x0801441b   Thumb Code     6  flash_hal_properties.o(.text)
    flash_hal_cache_clean                    0x08014421   Thumb Code    12  flash_hal_properties.o(.text)
    flash_hal_cache_inval                    0x0801442d   Thumb Code    12  flash_hal_properties.o(.text)
    strlcpy                                  0x08014445   Thumb Code    66  strlcpy.o(.text)
    gen_crc                                  0x08014489   Thumb Code    78  flash_onfi.o(.text)
    nand_onfi_probe                          0x0801459d   Thumb Code   530  flash_onfi.o(.text)
    flash_nand_get_configs                   0x080147c1   Thumb Code     6  flash_nand_config.o(.text)
    flash_get_otp_configs                    0x080147cd   Thumb Code    24  flash_otp_config.o(.text)
    flash_hal_init                           0x080147e9   Thumb Code     6  flash_hal_main.o(.text)
    flash_hal_reset                          0x080147ef   Thumb Code     2  flash_hal_main.o(.text)
    flash_hal_save                           0x080147f1   Thumb Code     2  flash_hal_main.o(.text)
    flash_hal_restore                        0x080147f3   Thumb Code     2  flash_hal_main.o(.text)
    flash_hal_dev_init                       0x080147f5   Thumb Code    16  flash_hal_main.o(.text)
    flash_hal_dev_deinit                     0x08014805   Thumb Code    28  flash_hal_main.o(.text)
    flash_hal_set_ecc_state                  0x08014821   Thumb Code    24  flash_hal_main.o(.text)
    flash_hal_set_ecc_length                 0x08014839   Thumb Code    24  flash_hal_main.o(.text)
    flash_hal_set_page_size                  0x08014851   Thumb Code    24  flash_hal_main.o(.text)
    flash_hal_set_spare_size                 0x08014869   Thumb Code    24  flash_hal_main.o(.text)
    flash_hal_set_dev_width                  0x08014881   Thumb Code    24  flash_hal_main.o(.text)
    flash_hal_set_address_cycles             0x08014899   Thumb Code    20  flash_hal_main.o(.text)
    flash_hal_set_clk_cycle_gap              0x080148ad   Thumb Code    72  flash_hal_main.o(.text)
    flash_hal_get_page_layout                0x080148f5   Thumb Code    24  flash_hal_main.o(.text)
    flash_hal_begin_op                       0x0801490d   Thumb Code    56  flash_hal_main.o(.text)
    flash_hal_end_op                         0x08014945   Thumb Code    24  flash_hal_main.o(.text)
    flash_hal_get_op_list                    0x0801495d   Thumb Code   124  flash_hal_main.o(.text)
    flash_hal_post_process_op_list           0x080149d9   Thumb Code    22  flash_hal_main.o(.text)
    flash_hal_exec_op                        0x080149ef   Thumb Code    88  flash_hal_main.o(.text)
    flash_hal_get_predef_mem_usage           0x08014a47   Thumb Code    24  flash_hal_main.o(.text)
    flash_hal_predef_init                    0x08014a5f   Thumb Code    22  flash_hal_main.o(.text)
    flash_hal_read_id                        0x08014a75   Thumb Code    36  flash_hal_main.o(.text)
    flash_hal_read_onfi_id                   0x08014a99   Thumb Code    36  flash_hal_main.o(.text)
    flash_hal_read_param_page                0x08014abd   Thumb Code    36  flash_hal_main.o(.text)
    flash_hal_read_page                      0x08014ae1   Thumb Code    36  flash_hal_main.o(.text)
    flash_hal_read_bb_marker                 0x08014b05   Thumb Code    36  flash_hal_main.o(.text)
    flash_hal_write_page                     0x08014b29   Thumb Code    36  flash_hal_main.o(.text)
    flash_hal_erase_block                    0x08014b4d   Thumb Code    36  flash_hal_main.o(.text)
    flash_hal_set_xfer_cfg                   0x08014b71   Thumb Code    38  flash_hal_main.o(.text)
    flash_hal_nand_begin_op                  0x08014bd5   Thumb Code    64  flash_hal_nand_main.o(.text)
    flash_hal_nand_end_op                    0x08014c15   Thumb Code    32  flash_hal_nand_main.o(.text)
    flash_hal_nand_map_buffers               0x08014c35   Thumb Code   188  flash_hal_nand_main.o(.text)
    flash_hal_set_cmd                        0x08014cf1   Thumb Code    70  flash_hal_nand_main.o(.text)
    flash_hal_set_sub_cmd                    0x08014d37   Thumb Code    92  flash_hal_nand_main.o(.text)
    flash_hal_set_addr                       0x08014d93   Thumb Code    80  flash_hal_nand_main.o(.text)
    flash_hal_wait                           0x08014de3   Thumb Code    64  flash_hal_nand_main.o(.text)
    flash_hal_read_data                      0x08014e23   Thumb Code    64  flash_hal_nand_main.o(.text)
    flash_hal_write_data                     0x08014e63   Thumb Code    66  flash_hal_nand_main.o(.text)
    flash_hal_read_main_spare                0x08014ea5   Thumb Code    66  flash_hal_nand_main.o(.text)
    flash_hal_write_main_spare               0x08014ee7   Thumb Code    66  flash_hal_nand_main.o(.text)
    flash_hal_read_data_with_offset          0x08014f29   Thumb Code    70  flash_hal_nand_main.o(.text)
    flash_hal_init_ws_buffer                 0x08014f81   Thumb Code   132  flash_hal_common.o(.text)
    flash_hal_get_next_ws_addr               0x08015005   Thumb Code    60  flash_hal_common.o(.text)
    flash_hal_get_next_pp_addr               0x08015041   Thumb Code    42  flash_hal_common.o(.text)
    get_mask                                 0x0801507d   Thumb Code    22  flash_hal_nandc_common.o(.text)
    hal_nandc_get_memory_usage               0x08015093   Thumb Code    72  flash_hal_nandc_common.o(.text)
    hal_nandc_get_page_layout                0x080150db   Thumb Code   102  flash_hal_nandc_common.o(.text)
    hal_nandc_close                          0x080153f5   Thumb Code    12  flash_hal_nandc_common.o(.text)
    hal_nandc_init                           0x08015401   Thumb Code   128  flash_hal_nandc_common.o(.text)
    hal_nandc_deinit                         0x08015481   Thumb Code     4  flash_hal_nandc_common.o(.text)
    hal_nandc_set_xfer_cfg                   0x08015bfb   Thumb Code    54  flash_hal_nandc_predef_direct_cpu.o(.text)
    hal_nandc_predef_deinit                  0x08015c31   Thumb Code     2  flash_hal_nandc_predef_direct_cpu.o(.text)
    hal_nandc_predef_init                    0x08015c33   Thumb Code     6  flash_hal_nandc_predef_direct_cpu.o(.text)
    hal_nandc_fptrs_init_default             0x08015c39   Thumb Code    64  flash_hal_nandc_predef_direct_cpu.o(.text)
    hal_nandc_fptrs_init_reduced             0x08015c79   Thumb Code    54  flash_hal_nandc_predef_direct_cpu.o(.text)
    hal_nandc_predef_cmd_ptrs_init_default   0x08015caf   Thumb Code     4  flash_hal_nandc_predef_direct_cpu.o(.text)
    hal_nandc_predef_cmd_ptrs_init_reduced   0x08015cb3   Thumb Code     4  flash_hal_nandc_predef_direct_cpu.o(.text)
    hal_nandc_iface_init                     0x08015cb7   Thumb Code     4  flash_hal_nandc_predef_direct_cpu.o(.text)
    hal_nandc_iface_deinit                   0x08015cbb   Thumb Code     2  flash_hal_nandc_predef_direct_cpu.o(.text)
    hal_nandc_predef_cmd_ptrs_init           0x08015cf9   Thumb Code     4  flash_hal_nandc_default.o(.text)
    hal_nandc_fptrs_init                     0x08015cfd   Thumb Code     4  flash_hal_nandc_default.o(.text)
    hal_nandc_post_process_op_list           0x08015dc3   Thumb Code   194  flash_hal_nandc.o(.text)
    hal_nandc_process_cmd                    0x0801674d   Thumb Code    88  flash_hal_nandc.o(.text)
    hal_nandc_transfer                       0x080167a5   Thumb Code   100  flash_hal_nandc.o(.text)
    __aeabi_uldivmod                         0x08016814   ARM Code       0  lludiv5.o(.text)
    _ll_udiv                                 0x08016814   ARM Code     816  lludiv5.o(.text)
    _ll_udiv_donemoving                      0x08016828   ARM Code       0  lludiv5.o(.text)
    __aeabi_assert                           0x08016b45   Thumb Code    86  assert.o(.text)
    __assert                                 0x08016b45   Thumb Code     0  assert.o(.text)
    memcmp                                   0x08016bc5   Thumb Code    88  memcmp.o(.text)
    strlen                                   0x08016c1d   Thumb Code    58  strlen.o(.text)
    strncmp                                  0x08016c58   ARM Code     236  strncmp.o(.text)
    memcpy                                   0x08016d48   ARM Code      12  memcpy.o(.text)
    __aeabi_memcpy                           0x08016d54   ARM Code       0  rt_memcpy.o(.text)
    __rt_memcpy                              0x08016d54   ARM Code     212  rt_memcpy.o(.text)
    _memcpy_lastbytes                        0x08016e08   ARM Code       0  rt_memcpy.o(.text)
    __aeabi_memcpy4                          0x08016e28   ARM Code       0  rt_memcpy_w.o(.text)
    __aeabi_memcpy8                          0x08016e28   ARM Code       0  rt_memcpy_w.o(.text)
    __rt_memcpy_w                            0x08016e28   ARM Code     100  rt_memcpy_w.o(.text)
    _memcpy_lastbytes_aligned                0x08016e74   ARM Code       0  rt_memcpy_w.o(.text)
    memset                                   0x08016e8d   Thumb Code    22  memset.o(.text)
    __aeabi_memset                           0x08016ea3   Thumb Code    16  aeabi_memset.o(.text)
    __aeabi_memclr                           0x08016eb3   Thumb Code     0  rt_memclr.o(.text)
    __rt_memclr                              0x08016eb3   Thumb Code    68  rt_memclr.o(.text)
    _memset                                  0x08016eb7   Thumb Code     0  rt_memclr.o(.text)
    __aeabi_memclr4                          0x08016ef7   Thumb Code     0  rt_memclr_w.o(.text)
    __aeabi_memclr8                          0x08016ef7   Thumb Code     0  rt_memclr_w.o(.text)
    __rt_memclr_w                            0x08016ef7   Thumb Code    78  rt_memclr_w.o(.text)
    _memset_w                                0x08016efb   Thumb Code     0  rt_memclr_w.o(.text)
    strcmp                                   0x08016f44   ARM Code     156  strcmp.o(.text)
    __aeabi_uread4                           0x08016fe5   Thumb Code     0  uread4.o(.text)
    __rt_uread4                              0x08016fe5   Thumb Code    22  uread4.o(.text)
    __aeabi_idiv                             0x08016ffc   ARM Code       0  aeabi_sdivfast_rs.o(.text)
    __aeabi_idivmod                          0x08016ffc   ARM Code     556  aeabi_sdivfast_rs.o(.text)
    abort                                    0x08017229   Thumb Code    16  abort.o(.text)
    __assert_puts                            0x08017239   Thumb Code    20  assert_puts.o(.text)
    _ttywrch                                 0x0801724d   Thumb Code    14  sys_wrch.o(.text)
    _sys_exit                                0x0801725d   Thumb Code     8  sys_exit.o(.text)
    __rt_SIGABRT                             0x08017269   Thumb Code    14  defsig_abrt_outer.o(.text)
    __I$use$semihosting                      0x08017277   Thumb Code     0  use_no_semi.o(.text)
    __use_no_semihosting_swi                 0x08017277   Thumb Code     2  use_no_semi.o(.text)
    __semihosting_library_function           0x08017279   Thumb Code     0  indicate_semi.o(.text)
    __sig_exit                               0x08017279   Thumb Code    10  defsig_exit.o(.text)
    __rt_SIGABRT_inner                       0x08017285   Thumb Code    14  defsig_abrt_inner.o(.text)
    __default_signal_display                 0x080172b5   Thumb Code    50  defsig_general.o(.text)
    __aeabi_uidiv                            0x080172e8   ARM Code       0  aeabi_sdivfast_rs.o(.text_udiv)
    __aeabi_uidivmod                         0x080172e8   ARM Code      48  aeabi_sdivfast_rs.o(.text_udiv)
    flash_hal_asm_memcpy                     0x08017318   ARM Code       0  flash_hal_util_asm.o(FLASH_UTIL_ASM)
    __aeabi_dadd                             0x0801736d   Thumb Code     0  daddsub_clz.o(x$fpl$dadd)
    _dadd                                    0x0801736d   Thumb Code   332  daddsub_clz.o(x$fpl$dadd)
    __aeabi_d2uiz                            0x080174bd   Thumb Code     0  dfixu.o(x$fpl$dfixu)
    _dfixu                                   0x080174bd   Thumb Code    90  dfixu.o(x$fpl$dfixu)
    __aeabi_ui2d                             0x08017517   Thumb Code     0  dflt_clz.o(x$fpl$dfltu)
    _dfltu                                   0x08017517   Thumb Code    38  dflt_clz.o(x$fpl$dfltu)
    __aeabi_dmul                             0x0801753d   Thumb Code     0  dmul.o(x$fpl$dmul)
    _dmul                                    0x0801753d   Thumb Code   332  dmul.o(x$fpl$dmul)
    __fpl_dnaninf                            0x08017691   Thumb Code   156  dnaninf.o(x$fpl$dnaninf)
    __fpl_dretinf                            0x0801772d   Thumb Code    12  dretinf.o(x$fpl$dretinf)
    __aeabi_dsub                             0x08017739   Thumb Code     0  daddsub_clz.o(x$fpl$dsub)
    _dsub                                    0x08017739   Thumb Code   464  daddsub_clz.o(x$fpl$dsub)
    __I$use$fp                               0x0801790c   Number         0  usenofp.o(x$fpl$usenofp)
    Image$$APP_RAM$$Base                     0x08017944   Number         0  SpmiCfg.o(.constdata)
    Load$$APP_RAM$$Base                      0x08017944   Number         0  anon$$obj.o ABSOLUTE
    digs                                     0x08017949   Data          17  hostdl_packet.o(.constdata)
    Clock_I2CRegs                            0x0801799c   Data          56  ClockSBL.o(.constdata)
    Clock_SDCCRegs                           0x08017a4c   Data          72  ClockTools.o(.constdata)
    DALSystem_DriverInfo                     0x08017aac   Data          12  DALModEnv.o(.constdata)
    crc30_table                              0x08017b38   Data        1024  crc.o(.constdata)
    crc16_table                              0x08017f38   Data         512  crc.o(.constdata)
    crc_16_l_table                           0x08018138   Data         512  crc.o(.constdata)
    crc32_table                              0x08018338   Data        1024  crc.o(.constdata)
    DALPROP_PropBin                          0x08018954   Data         116  DALConfig_boot.o(.constdata)
    DALPROP_PropsInfo                        0x080189c8   Data          16  DALConfig_boot.o(.constdata)
    DALFlash_DriverInfo                      0x080189d8   Data          12  flash_dal_info.o(.constdata)
    bam_tgt_config                           0x080189e8   Data          96  bamtgtcfg.o(.constdata)
    disptbl                                  0x08018be8   Data           4  hostdl.o(.data)
    process_packet_flag                      0x08018bf2   Data           1  hostdl_packet.o(.data)
    partition_status                         0x08018bf5   Data           1  hostdl_packet.o(.data)
    open_multi_status                        0x08018bf6   Data           1  hostdl_packet.o(.data)
    reply_length                             0x08018bf8   Data           2  hostdl_packet.o(.data)
    size_msg_fixed                           0x08018c08   Data           4  hostdl_packet.o(.data)
    size_msg_overrun                         0x08018c0c   Data           4  hostdl_packet.o(.data)
    enable_crc_check                         0x08018c10   Data           4  hostdl_packet.o(.data)
    free_list                                0x08018c14   Data           4  hostdl_packet.o(.data)
    waiting                                  0x08018c18   Data           4  hostdl_packet.o(.data)
    waiting_last                             0x08018c1c   Data           4  hostdl_packet.o(.data)
    current                                  0x08018c20   Data           4  hostdl_packet.o(.data)
    packet_handler                           0x08018c24   Data         196  hostdl_packet.o(.data)
    flash_dev_type                           0x08018ce8   Data           1  hostdl_flash.o(.data)
    nand_device_params                       0x08018cec   Data           4  hostdl_flash.o(.data)
    Clock_platf_info                         0x08018cf4   Data           4  ClockSBL.o(.data)
    usb_dispatch_table                       0x08018e2c   Data          24  qhsusb_al_hostdl.o(.data)
    pmicArbHwioBase                          0x08018e44   Data           4  SpmiHal.o(.data)
    gDALProcessDriverModList                 0x08018e50   Data           4  DALModEnv.o(.data)
    flash_prog_function_tbl                  0x08018e58   Data          32  nand_tools.o(.data)
    Clock_SBLConfigData                      0x08018e78   Data        1328  ClockSBLConfig.o(.data)
    Clock_SBL_MuxMap                         0x080193a8   Data          20  ClockSBLConfig.o(.data)
    clock_apps_speed_khz                     0x080193bc   Data           4  ClockSBLCPU.o(.data)
    hdlc_usb_config_obex                     0x080193e6   Data          32  qhsusb_fd_hdlc.o(.data)
    hdlc_usb_config_obex_only                0x08019406   Data          32  qhsusb_fd_hdlc.o(.data)
    sw_config                                0x08019564   Data          16  qhsusb_fd_hdlc.o(.data)
    sw_device                                0x08019574   Data         172  qhsusb_fd_hdlc.o(.data)
    sw_strings                               0x08019620   Data          48  qhsusb_fd_hdlc.o(.data)
    DALPROP_StructPtrs                       0x08019684   Data           4  DALConfig_boot.o(.data)
    gDALModDriverInfoList                    0x08019690   Data           8  DALModDir_boot.o(.data)
    write_type                               0x080196b8   Data           1  nand_core.o(.data)
    read_type                                0x080196b9   Data           1  nand_core.o(.data)
    current_bad_block_mode                   0x080196ba   Data           1  nand_core.o(.data)
    partition_rcvd                           0x080196c0   Data           4  nand_core.o(.data)
    oldest_mibib_block                       0x080196c4   Data           4  nand_core.o(.data)
    newest_mibib_block                       0x080196c8   Data           4  nand_core.o(.data)
    enable_read_verify                       0x080196cc   Data           4  nand_core.o(.data)
    num_allocated_devices                    0x080196e4   Data           4  bams.o(.data)
    bams                                     0x080196ec   Data           4  bams.o(.data)
    bam_drv_sync                             0x080196f0   Data           4  bams.o(.data)
    current_mode                             0x08019710   Data           1  nand_core_v2.o(.data)
    bamcore_pipe_tzprotect                   0x08019730   Data           4  bamcore.o(.data)
    bam_tgt_config_ptr                       0x08019734   Data           4  bamtgtcfg.o(.data)
    bam_num_configs                          0x08019738   Data           4  bamtgtcfg.o(.data)
    watchdog_table                           0x08019900   Data           4  flash_properties.o(.data)
    hal_ws_buffer                            0x08019918   Data           4  flash_nand_init.o(.data)
    hal_ws_buffer_size                       0x0801991c   Data           4  flash_nand_init.o(.data)
    nand_partition_table                     0x08019924   Data           8  flash_nand_partition.o(.data)
    cfg1_sequence                            0x08019b24   Data         120  flash_otp_config.o(.data)
    cfg2_sequence                            0x08019b9c   Data         120  flash_otp_config.o(.data)
    cfg3_sequence                            0x08019c14   Data          80  flash_otp_config.o(.data)
    cfg4_sequence                            0x08019c64   Data          20  flash_otp_config.o(.data)
    cfg5_sequence                            0x08019c78   Data          20  flash_otp_config.o(.data)
    cfg6_sequence                            0x08019c8c   Data         100  flash_otp_config.o(.data)
    flash_hal_op_seq                         0x08019d50   Data           8  flash_hal_main.o(.data)
    nand_write_buff                          0x08019d58   Data           4  flash_hal_nand_main.o(.data)
    hal_dma_state                            0x08019d5c   Data           1  flash_hal_common.o(.data)
    hal_status                               0x08019d60   Data           4  flash_hal_common.o(.data)
    Image$$APP_RAM$$ZI$$Base                 0x08019db8   Number         0  hostdl.o(.bss)
    svc_stack                                0x08019db8   Data        4096  hostdl.o(.bss)
    irq_stack                                0x0801adb8   Data        2048  hostdl.o(.bss)
    abort_stack                              0x0801b5b8   Data         256  hostdl.o(.bss)
    undef_stack                              0x0801b6b8   Data         256  hostdl.o(.bss)
    spmiBusInfo                              0x0801b7b8   Data         696  SpmiBus.o(.bss)
    packet_data                              0x0801ba70   Data        2096  hostdl_packet.o(.bss)
    aligned_buffer                           0x0801c2a0   Data        1028  hostdl_packet.o(.bss)
    reply_buffer                             0x0801c6a4   Data        1024  hostdl_packet.o(.bss)
    size_msg                                 0x0801caa4   Data          64  hostdl_packet.o(.bss)
    spmiPmicArbInfo                          0x0801cae4   Data        1160  PmicArb.o(.bss)
    DAL_Mod_Info                             0x0801d018   Data          16  DALModDir_boot.o(.bss)
    oldest_parti_buffer                      0x0801f420   Data        4096  nand_core.o(.bss)
    oldest_usr_parti_buffer                  0x08020420   Data        4096  nand_core.o(.bss)
    partial_page_buffer                      0x08021420   Data        4224  nand_core.o(.bss)
    factory_img_buffer                       0x080224a0   Data        4224  nand_core.o(.bss)
    mibib                                    0x08023520   Data        1288  nand_core.o(.bss)
    prog_param                               0x08023a28   Data          36  nand_param.o(.bss)
    mibib_pg_buf                             0x08025aa0   Data        4096  nand_core_v2.o(.bss)
    image                                    0x08026aa0   Data        1288  nand_core_v2.o(.bss)
    boot_layout                              0x08026fa8   Data          12  nand_core_v2.o(.bss)
    nand_entry_init_data                     0x0802705c   Data          64  flash_nand_entry.o(.bss)
    flash_dbg                                0x0802709c   Data          20  flash_dal_util.o(.bss)
    nand_base_vtbl                           0x080270cc   Data          84  flash_nand_core.o(.bss)
    nand_dev_info                            0x08027120   Data          32  flash_nand_init.o(.bss)
    flash_hal_prop_tbl                       0x0802718c   Data          20  flash_hal_properties.o(.bss)
    flash_hal_devices                        0x080271a0   Data         236  flash_hal_main.o(.bss)
    hal_op_list                              0x0802728c   Data          16  flash_hal_main.o(.bss)
    ws_buffer_info                           0x08028e6c   Data          36  flash_hal_common.o(.bss)
    Image$$APP_RAM$$ZI$$Limit                0x08028e90   Number         0  flash_hal_common.o(.bss)



==============================================================================

Memory Map of the image

  Image Entry point : 0x08006050

  Load Region RAM (Base: 0x08006050, Size: 0x00013d68, Max: 0xffffffff, ABSOLUTE)

    Execution Region ZI_RAM (Base: 0x00210000, Size: 0x000097ac, Max: 0xffffffff, ABSOLUTE)

    Base Addr    Size         Type   Attr      Idx    E Section Name        Object

    0x00210000   0x0000236c   Zero   RW          834    .bss                qhsusb_armprg.lib(qhsusb_fd_hdlc.o)
    0x0021236c   0x0000004a   Zero   RW          872    .bss                qhsusb_armprg.lib(qhsusb_dcd_ch9.o)
    0x002123b6   0x0000044a   PAD
    0x00212800   0x00002180   Zero   RW          892    .bss                qhsusb_armprg.lib(qhsusb_dci.o)
    0x00214980   0x0000000c   Zero   RW         1092    .bss                qhsusb_armprg.lib(qhsusb_dci_8909.o)
    0x0021498c   0x00004e20   Zero   RW         1035    FLASH_TOOLS_HEAP_ZONE  nand_hostdl.lib(nand_entry.o)


    Execution Region CODE (Base: 0x08006050, Size: 0x00000190, Max: 0xffffffff, ABSOLUTE)

    Base Addr    Size         Type   Attr      Idx    E Section Name        Object

    0x08006050   0x00000190   Code   RO            1  * BootRom             hostdl_startup.o


    Execution Region CODE_ALL (Base: 0x080061e0, Size: 0x00011764, Max: 0xffffffff, ABSOLUTE)

    Base Addr    Size         Type   Attr      Idx    E Section Name        Object

    0x080061e0   0x00000080   Code   RO            6    .text               hostdl.lib(hostdl.o)
    0x08006260   0x00000078   Code   RO           81    .text               hostdl_config_v2.lib(hostdl_config.o)
    0x080062d8   0x000006f8   Code   RO          161    .text               Spmi.lib(SpmiCfg.o)
    0x080069d0   0x00000528   Code   RO          222    .text               Spmi.lib(SpmiBus.o)
    0x08006ef8   0x0000001e   Code   RO          243    .text               libstd.lib(memscpy.o)
    0x08006f16   0x00000002   PAD
    0x08006f18   0x00000e3c   Code   RO          255    .text               hostdl.lib(hostdl_packet.o)
    0x08007d54   0x0000039c   Code   RO          288    .text               hostdl.lib(hostdl_flash.o)
    0x080080f0   0x000006f0   Code   RO          309    .text               Clock_msm8909_emmc_SBL.lib(ClockSBL.o)
    0x080087e0   0x0000022c   Code   RO          357    .text               Clock_msm8909_emmc_SBL.lib(ClockTools.o)
    0x08008a0c   0x00000adc   Code   RO          372    .text               pmic_drivers_pon.lib(pm_pon.o)
    0x080094e8   0x000000bc   Code   RO          460    .text               qhsusb_armprg.lib(qhsusb_al_hostdl.o)
    0x080095a4   0x000005cc   Code   RO          515    .text               Spmi.lib(PmicArb.o)
    0x08009b70   0x00000154   Code   RO          535    .text               Spmi.lib(SpmiMaster.o)
    0x08009cc4   0x000001dc   Code   RO          548    .text               Spmi.lib(SpmiRadixTree.o)
    0x08009ea0   0x00000034   Code   RO          560    .text               Spmi.lib(SpmiOsImage.o)
    0x08009ed4   0x0000001c   Code   RO          585    .text               Spmi.lib(SpmiHal.o)
    0x08009ef0   0x000005c0   Code   RO          601    .text               DALFwk.lib(DALModEnv.o)
    0x0800a4b0   0x00000238   Code   RO          653    .text               utils_tools.lib(crc.o)
    0x0800a6e8   0x00000160   Code   RO          672    .text               nand_hostdl.lib(nand_tools.o)
    0x0800a848   0x000001f4   Code   RO          712    .text               Clock_msm8909_emmc_SBL.lib(ClockSBLConfig.o)
    0x0800aa3c   0x00000090   Code   RO          727    .text               Clock_msm8909_emmc_SBL.lib(ClockSBLCPU.o)
    0x0800aacc   0x00000008   Code   RO          742    .text               Clock_msm8909_emmc_SBL.lib(ClockTLMMSpareStub.o)
    0x0800aad4   0x000003fa   Code   RO          754    .text               Clock_Common_SBL.lib(ClockSBLCommon.o)
    0x0800aece   0x00000108   Code   RO          768    .text               pmic_comm_spmi_lite.lib(pm_comm_spmi_lite.o)
    0x0800afd6   0x00000002   PAD
    0x0800afd8   0x000001ec   Code   RO          800    .text               pmic_framework.lib(pm_version.o)
    0x0800b1c4   0x0000062c   Code   RO          833    .text               qhsusb_armprg.lib(qhsusb_fd_hdlc.o)
    0x0800b7f0   0x00000650   Code   RO          871    .text               qhsusb_armprg.lib(qhsusb_dcd_ch9.o)
    0x0800be40   0x00000ba8   Code   RO          891    .text               qhsusb_armprg.lib(qhsusb_dci.o)
    0x0800c9e8   0x00000120   Code   RO          912    .text               Spmi.lib(GeniImage.o)
    0x0800cb08   0x000000ac   Code   RO          952    .text               DALFwk.lib(DALHeap.o)
    0x0800cbb4   0x00000410   Code   RO          967    .text               DALFwk.lib(DALProps.o)
    0x0800cfc4   0x0000182c   Code   RO          981    .text               nand_hostdl.lib(nand_core.o)
    0x0800e7f0   0x000000ac   Code   RO         1033    .text               nand_hostdl.lib(nand_entry.o)
    0x0800e89c   0x000000bc   Code   RO         1057    .text               busywait_lib.lib(busywait_hw_qtimer.o)
    0x0800e958   0x0000004c   Code   RO         1075    .text               qhsusb_armprg.lib(qhsusb_boot_dload.o)
    0x0800e9a4   0x00000618   Code   RO         1091    .text               qhsusb_armprg.lib(qhsusb_dci_8909.o)
    0x0800efbc   0x000000a4   Code   RO         1115    .text               qhsusb_armprg.lib(qhsusb_dci_8909_hw_apis_sbl1.o)
    0x0800f060   0x00000004   Code   RO         1127    .text               qhsusb_armprg.lib(qhsusb_log.o)
    0x0800f064   0x00000e00   Code   RO         1139    .text               bam.lib(bams.o)
    0x0800fe64   0x000006ac   Code   RO         1185    .text               nand_hostdl.lib(nand_partition.o)
    0x08010510   0x00000254   Code   RO         1219    .text               nand_hostdl.lib(nand_wrapper.o)
    0x08010764   0x000009dc   Code   RO         1235    .text               nand_config_v2.lib(nand_core_v2.o)
    0x08011140   0x000004a4   Code   RO         1262    .text               DALFwk.lib(DALMemDesc.o)
    0x080115e4   0x000000d0   Code   RO         1276    .text               bam.lib(bamosal.o)
    0x080116b4   0x000007f8   Code   RO         1289    .text               bam.lib(bamcore.o)
    0x08011eac   0x00000094   Code   RO         1307    .text               bam.lib(bamtgtcfg.o)
    0x08011f40   0x00000338   Code   RO         1327    .text               DALflash.lib(flash_dal_fwk.o)
    0x08012278   0x0000020c   Code   RO         1342    .text               DALFwk.lib(dalfwkbase.o)
    0x08012484   0x000000a4   Code   RO         1354    .text               DALflash.lib(flash_dal.o)
    0x08012528   0x00000006   Code   RO         1369    .text               nand_hostdl.lib(nand_stubs.o)
    0x0801252e   0x00000002   PAD
    0x08012530   0x00000060   Code   RO         1378    .text               DALflash.lib(flash_properties.o)
    0x08012590   0x000006d8   Code   RO         1433    .text               DALflash_nand_dcpu.lib(flash_nand_entry.o)
    0x08012c68   0x0000020c   Code   RO         1453    .text               DALflash.lib(flash_dal_util.o)
    0x08012e74   0x00000978   Code   RO         1471    .text               DALflash_nand_dcpu.lib(flash_nand_core.o)
    0x080137ec   0x000006d4   Code   RO         1487    .text               DALflash_nand_dcpu.lib(flash_nand_init.o)
    0x08013ec0   0x00000484   Code   RO         1505    .text               DALflash_nand_dcpu.lib(flash_nand_partition.o)
    0x08014344   0x00000004   Code   RO         1524    .text               DALflash_nand_dcpu.lib(flash_dal_nand_default.o)
    0x08014348   0x000000fc   Code   RO         1536    .text               HALflash.lib(flash_hal_properties.o)
    0x08014444   0x00000042   Code   RO         1559    .text               libstd.lib(strlcpy.o)
    0x08014486   0x00000002   PAD
    0x08014488   0x00000338   Code   RO         1571    .text               DALflash_nand_dcpu.lib(flash_onfi.o)
    0x080147c0   0x0000000c   Code   RO         1586    .text               DALflash_nand_dcpu.lib(flash_nand_config.o)
    0x080147cc   0x0000001c   Code   RO         1611    .text               DALflash_nand_dcpu.lib(flash_otp_config.o)
    0x080147e8   0x000003ec   Code   RO         1638    .text               HALflash_qpic_dcpu.lib(flash_hal_main.o)
    0x08014bd4   0x000003ac   Code   RO         1662    .text               HALflash_qpic_dcpu.lib(flash_hal_nand_main.o)
    0x08014f80   0x000000fc   Code   RO         1686    .text               HALflash.lib(flash_hal_common.o)
    0x0801507c   0x0000041c   Code   RO         1704    .text               HALflash_qpic_dcpu.lib(flash_hal_nandc_common.o)
    0x08015498   0x00000860   Code   RO         1734    .text               HALflash_qpic_dcpu.lib(flash_hal_nandc_predef_direct_cpu.o)
    0x08015cf8   0x00000008   Code   RO         1748    .text               HALflash_qpic_dcpu.lib(flash_hal_nandc_default.o)
    0x08015d00   0x00000b14   Code   RO         1760    .text               HALflash_qpic_dcpu.lib(flash_hal_nandc.o)
    0x08016814   0x00000330   Code   RO         1774    .text               c_2.l(lludiv5.o)
    0x08016b44   0x00000080   Code   RO         1776    .text               c_2.l(assert.o)
    0x08016bc4   0x00000058   Code   RO         1778    .text               c_2.l(memcmp.o)
    0x08016c1c   0x0000003a   Code   RO         1780    .text               c_2.l(strlen.o)
    0x08016c56   0x00000002   PAD
    0x08016c58   0x000000f0   Code   RO         1782    .text               c_2.l(strncmp.o)
    0x08016d48   0x0000000c   Code   RO         1784    .text               c_2.l(memcpy.o)
    0x08016d54   0x000000d4   Code   RO         1786    .text               c_2.l(rt_memcpy.o)
    0x08016e28   0x00000064   Code   RO         1788    .text               c_2.l(rt_memcpy_w.o)
    0x08016e8c   0x00000016   Code   RO         1790    .text               c_2.l(memset.o)
    0x08016ea2   0x00000010   Code   RO         1792    .text               c_2.l(aeabi_memset.o)
    0x08016eb2   0x00000044   Code   RO         1794    .text               c_2.l(rt_memclr.o)
    0x08016ef6   0x0000004e   Code   RO         1796    .text               c_2.l(rt_memclr_w.o)
    0x08016f44   0x000000a0   Code   RO         1798    .text               c_2.l(strcmp.o)
    0x08016fe4   0x00000016   Code   RO         1800    .text               c_2.l(uread4.o)
    0x08016ffa   0x00000002   PAD
    0x08016ffc   0x0000022c   Code   RO         1802    .text               c_2.l(aeabi_sdivfast_rs.o)
    0x08017228   0x00000010   Code   RO         1844    .text               c_2.l(abort.o)
    0x08017238   0x00000014   Code   RO         1846    .text               c_2.l(assert_puts.o)
    0x0801724c   0x0000000e   Code   RO         1853    .text               c_2.l(sys_wrch.o)
    0x0801725a   0x00000002   PAD
    0x0801725c   0x0000000c   Code   RO         1855    .text               c_2.l(sys_exit.o)
    0x08017268   0x0000000e   Code   RO         1859    .text               c_2.l(defsig_abrt_outer.o)
    0x08017276   0x00000002   Code   RO         1863    .text               c_2.l(use_no_semi.o)
    0x08017278   0x00000000   Code   RO         1865    .text               c_2.l(indicate_semi.o)
    0x08017278   0x0000000a   Code   RO         1868    .text               c_2.l(defsig_exit.o)
    0x08017282   0x00000002   PAD
    0x08017284   0x00000030   Code   RO         1870    .text               c_2.l(defsig_abrt_inner.o)
    0x080172b4   0x00000032   Code   RO         1878    .text               c_2.l(defsig_general.o)
    0x080172e6   0x00000002   PAD
    0x080172e8   0x00000030   Code   RO         1803    .text_udiv          c_2.l(aeabi_sdivfast_rs.o)
    0x08017318   0x00000054   Code   RO         1635    FLASH_UTIL_ASM      HALflash.lib(flash_hal_util_asm.o)
    0x0801736c   0x00000150   Code   RO         1818    x$fpl$dadd          fz_2s.l(daddsub_clz.o)
    0x080174bc   0x0000005a   Code   RO         1824    x$fpl$dfixu         fz_2s.l(dfixu.o)
    0x08017516   0x00000026   Code   RO         1828    x$fpl$dfltu         fz_2s.l(dflt_clz.o)
    0x0801753c   0x00000154   Code   RO         1834    x$fpl$dmul          fz_2s.l(dmul.o)
    0x08017690   0x0000009c   Code   RO         1848    x$fpl$dnaninf       fz_2s.l(dnaninf.o)
    0x0801772c   0x0000000c   Code   RO         1850    x$fpl$dretinf       fz_2s.l(dretinf.o)
    0x08017738   0x000001d4   Code   RO         1820    x$fpl$dsub          fz_2s.l(daddsub_clz.o)
    0x0801790c   0x00000000   Code   RO         1852    x$fpl$usenofp       fz_2s.l(usenofp.o)
    0x0801790c   0x00000036   Data   RO          258    .conststring        hostdl.lib(hostdl_packet.o)


    Execution Region APP_RAM (Base: 0x08017944, Size: 0x0001154c, Max: 0xffffffff, ABSOLUTE)

    Base Addr    Size         Type   Attr      Idx    E Section Name        Object

    0x08017944   0x00000005   Data   RO          162    .constdata          Spmi.lib(SpmiCfg.o)
    0x08017949   0x00000053   Data   RO          257    .constdata          hostdl.lib(hostdl_packet.o)
    0x0801799c   0x000000b0   Data   RO          312    .constdata          Clock_msm8909_emmc_SBL.lib(ClockSBL.o)
    0x08017a4c   0x00000060   Data   RO          358    .constdata          Clock_msm8909_emmc_SBL.lib(ClockTools.o)
    0x08017aac   0x0000000c   Data   RO          603    .constdata          DALFwk.lib(DALModEnv.o)
    0x08017ab8   0x00000080   Data   RO          604    .constdata          DALFwk.lib(DALModEnv.o)
    0x08017b38   0x00000c00   Data   RO          654    .constdata          utils_tools.lib(crc.o)
    0x08018738   0x00000004   Data   RO          835    .constdata          qhsusb_armprg.lib(qhsusb_fd_hdlc.o)
    0x0801873c   0x0000003e   Data   RO          836    .constdata          qhsusb_armprg.lib(qhsusb_fd_hdlc.o)
    0x0801877a   0x00000024   Data   RO          837    .constdata          qhsusb_armprg.lib(qhsusb_fd_hdlc.o)
    0x0801879e   0x00000022   Data   RO          838    .constdata          qhsusb_armprg.lib(qhsusb_fd_hdlc.o)
    0x080187c0   0x00000194   Data   RO          913    .constdata          Spmi.lib(GeniImage.o)
    0x08018954   0x00000074   Data   RO          926    .constdata          DALConfig.lib(DALConfig_boot.o)
    0x080189c8   0x00000010   Data   RO          927    .constdata          DALConfig.lib(DALConfig_boot.o)
    0x080189d8   0x0000000c   Data   RO         1167    .constdata          DALflash.lib(flash_dal_info.o)
    0x080189e4   0x00000004   PAD
    0x080189e8   0x00000060   Data   RO         1308    .constdata          bam.lib(bamtgtcfg.o)
    0x08018a48   0x00000070   Data   RO         1328    .constdata          DALflash.lib(flash_dal_fwk.o)
    0x08018ab8   0x00000020   Data   RO         1587    .constdata          DALflash_nand_dcpu.lib(flash_nand_config.o)
    0x08018ad8   0x00000020   Data   RO         1588    .constdata          DALflash_nand_dcpu.lib(flash_nand_config.o)
    0x08018af8   0x00000028   Data   RO         1705    .constdata          HALflash_qpic_dcpu.lib(flash_hal_nandc_common.o)
    0x08018b20   0x00000014   Data   RO         1706    .constdata          HALflash_qpic_dcpu.lib(flash_hal_nandc_common.o)
    0x08018b34   0x00000028   Data   RO         1707    .constdata          HALflash_qpic_dcpu.lib(flash_hal_nandc_common.o)
    0x08018b5c   0x00000014   Data   RO         1708    .constdata          HALflash_qpic_dcpu.lib(flash_hal_nandc_common.o)
    0x08018b70   0x00000028   Data   RO         1709    .constdata          HALflash_qpic_dcpu.lib(flash_hal_nandc_common.o)
    0x08018b98   0x00000014   Data   RO         1710    .constdata          HALflash_qpic_dcpu.lib(flash_hal_nandc_common.o)
    0x08018bac   0x00000028   Data   RO         1711    .constdata          HALflash_qpic_dcpu.lib(flash_hal_nandc_common.o)
    0x08018bd4   0x00000014   Data   RO         1712    .constdata          HALflash_qpic_dcpu.lib(flash_hal_nandc_common.o)
    0x08018be8   0x00000004   Data   RW           11    .data               hostdl.lib(hostdl.o)
    0x08018bec   0x00000004   Data   RW          163    .data               Spmi.lib(SpmiCfg.o)
    0x08018bf0   0x000000f8   Data   RW          259    .data               hostdl.lib(hostdl_packet.o)
    0x08018ce8   0x00000008   Data   RW          289    .data               hostdl.lib(hostdl_flash.o)
    0x08018cf0   0x00000008   Data   RW          313    .data               Clock_msm8909_emmc_SBL.lib(ClockSBL.o)
    0x08018cf8   0x00000114   Data   RW          377    .data               pmic_drivers_pon.lib(pm_pon.o)
    0x08018e0c   0x00000020   Data   RW          461    .data               qhsusb_armprg.lib(qhsusb_al_hostdl.o)
    0x08018e2c   0x00000018   Data   RW          462    .data               qhsusb_armprg.lib(qhsusb_al_hostdl.o)
    0x08018e44   0x00000004   Data   RW          586    .data               Spmi.lib(SpmiHal.o)
    0x08018e48   0x00000004   Data   RW          605    .data               DALFwk.lib(DALModEnv.o)
    0x08018e4c   0x00000008   Data   RW          606    .data               DALFwk.lib(DALModEnv.o)
    0x08018e54   0x00000001   Data   RW          673    .data               nand_hostdl.lib(nand_tools.o)
    0x08018e55   0x00000003   PAD
    0x08018e58   0x00000020   Data   RW          674    .data               nand_hostdl.lib(nand_tools.o)
    0x08018e78   0x00000544   Data   RW          713    .data               Clock_msm8909_emmc_SBL.lib(ClockSBLConfig.o)
    0x080193bc   0x00000004   Data   RW          728    .data               Clock_msm8909_emmc_SBL.lib(ClockSBLCPU.o)
    0x080193c0   0x00000001   Data   RW          802    .data               pmic_framework.lib(pm_version.o)
    0x080193c1   0x00000003   PAD
    0x080193c4   0x0000025c   Data   RW          839    .data               qhsusb_armprg.lib(qhsusb_fd_hdlc.o)
    0x08019620   0x00000030   Data   RW          840    .data               qhsusb_armprg.lib(qhsusb_fd_hdlc.o)
    0x08019650   0x00000010   Data   RW          873    .data               qhsusb_armprg.lib(qhsusb_dcd_ch9.o)
    0x08019660   0x00000024   Data   RW          893    .data               qhsusb_armprg.lib(qhsusb_dci.o)
    0x08019684   0x00000004   Data   RW          928    .data               DALConfig.lib(DALConfig_boot.o)
    0x08019688   0x00000008   Data   RW          941    .data               DALConfig.lib(DALModDir_boot.o)
    0x08019690   0x00000008   Data   RW          942    .data               DALConfig.lib(DALModDir_boot.o)
    0x08019698   0x00000020   Data   RW          953    .data               DALFwk.lib(DALHeap.o)
    0x080196b8   0x00000018   Data   RW          983    .data               nand_hostdl.lib(nand_core.o)
    0x080196d0   0x00000004   Data   RW         1034    .data               nand_hostdl.lib(nand_entry.o)
    0x080196d4   0x0000000c   Data   RW         1059    .data               busywait_lib.lib(busywait_hw_qtimer.o)
    0x080196e0   0x00000003   Data   RW         1094    .data               qhsusb_armprg.lib(qhsusb_dci_8909.o)
    0x080196e3   0x00000001   PAD
    0x080196e4   0x00000010   Data   RW         1140    .data               bam.lib(bams.o)
    0x080196f4   0x00000010   Data   RW         1168    .data               DALflash.lib(flash_dal_info.o)
    0x08019704   0x00000008   Data   RW         1187    .data               nand_hostdl.lib(nand_partition.o)
    0x0801970c   0x00000004   Data   RW         1221    .data               nand_hostdl.lib(nand_wrapper.o)
    0x08019710   0x00000001   Data   RW         1238    .data               nand_config_v2.lib(nand_core_v2.o)
    0x08019711   0x00000003   PAD
    0x08019714   0x0000001c   Data   RW         1263    .data               DALFwk.lib(DALMemDesc.o)
    0x08019730   0x00000004   Data   RW         1290    .data               bam.lib(bamcore.o)
    0x08019734   0x00000008   Data   RW         1309    .data               bam.lib(bamtgtcfg.o)
    0x0801973c   0x00000004   PAD
    0x08019740   0x000001c0   Data   RW         1329    .data               DALflash.lib(flash_dal_fwk.o)
    0x08019900   0x00000014   Data   RW         1379    .data               DALflash.lib(flash_properties.o)
    0x08019914   0x00000001   Data   RW         1435    .data               DALflash_nand_dcpu.lib(flash_nand_entry.o)
    0x08019915   0x00000003   PAD
    0x08019918   0x0000000c   Data   RW         1489    .data               DALflash_nand_dcpu.lib(flash_nand_init.o)
    0x08019924   0x00000008   Data   RW         1507    .data               DALflash_nand_dcpu.lib(flash_nand_partition.o)
    0x0801992c   0x00000064   Data   RW         1572    .data               DALflash_nand_dcpu.lib(flash_onfi.o)
    0x08019990   0x00000010   Data   RW         1589    .data               DALflash_nand_dcpu.lib(flash_nand_config.o)
    0x080199a0   0x0000002c   Data   RW         1590    .data               DALflash_nand_dcpu.lib(flash_nand_config.o)
    0x080199cc   0x00000130   Data   RW         1594    .data               DALflash_nand_dcpu.lib(flash_nand_config.o)
    0x08019afc   0x00000028   Data   RW         1595    .data               DALflash_nand_dcpu.lib(flash_nand_config.o)
    0x08019b24   0x00000078   Data   RW         1612    .data               DALflash_nand_dcpu.lib(flash_otp_config.o)
    0x08019b9c   0x00000078   Data   RW         1613    .data               DALflash_nand_dcpu.lib(flash_otp_config.o)
    0x08019c14   0x00000050   Data   RW         1614    .data               DALflash_nand_dcpu.lib(flash_otp_config.o)
    0x08019c64   0x00000014   Data   RW         1615    .data               DALflash_nand_dcpu.lib(flash_otp_config.o)
    0x08019c78   0x00000014   Data   RW         1616    .data               DALflash_nand_dcpu.lib(flash_otp_config.o)
    0x08019c8c   0x00000064   Data   RW         1617    .data               DALflash_nand_dcpu.lib(flash_otp_config.o)
    0x08019cf0   0x0000000c   Data   RW         1618    .data               DALflash_nand_dcpu.lib(flash_otp_config.o)
    0x08019cfc   0x0000000c   Data   RW         1619    .data               DALflash_nand_dcpu.lib(flash_otp_config.o)
    0x08019d08   0x00000048   Data   RW         1620    .data               DALflash_nand_dcpu.lib(flash_otp_config.o)
    0x08019d50   0x00000008   Data   RW         1640    .data               HALflash_qpic_dcpu.lib(flash_hal_main.o)
    0x08019d58   0x00000004   Data   RW         1664    .data               HALflash_qpic_dcpu.lib(flash_hal_nand_main.o)
    0x08019d5c   0x00000001   Data   RW         1688    .data               HALflash.lib(flash_hal_common.o)
    0x08019d5d   0x00000003   PAD
    0x08019d60   0x00000004   Data   RW         1689    .data               HALflash.lib(flash_hal_common.o)
    0x08019d64   0x00000050   Data   RW         1713    .data               HALflash_qpic_dcpu.lib(flash_hal_nandc_common.o)
    0x08019db4   0x00000004   Data   RW         1735    .data               HALflash_qpic_dcpu.lib(flash_hal_nandc_predef_direct_cpu.o)
    0x08019db8   0x00001000   Zero   RW            7    .bss                hostdl.lib(hostdl.o)
    0x0801adb8   0x00000800   Zero   RW            8    .bss                hostdl.lib(hostdl.o)
    0x0801b5b8   0x00000100   Zero   RW            9    .bss                hostdl.lib(hostdl.o)
    0x0801b6b8   0x00000100   Zero   RW           10    .bss                hostdl.lib(hostdl.o)
    0x0801b7b8   0x000002b8   Zero   RW          223    .bss                Spmi.lib(SpmiBus.o)
    0x0801ba70   0x00001074   Zero   RW          256    .bss                hostdl.lib(hostdl_packet.o)
    0x0801cae4   0x00000488   Zero   RW          516    .bss                Spmi.lib(PmicArb.o)
    0x0801cf6c   0x00000020   Zero   RW          602    .bss                DALFwk.lib(DALModEnv.o)
    0x0801cf8c   0x0000008c   Zero   RW          801    .bss                pmic_framework.lib(pm_version.o)
    0x0801d018   0x00000010   Zero   RW          940    .bss                DALConfig.lib(DALModDir_boot.o)
    0x0801d028   0x00000018   PAD
    0x0801d040   0x000069e8   Zero   RW          982    .bss                nand_hostdl.lib(nand_core.o)
    0x08023a28   0x00000024   Zero   RW         1023    .bss                nand_hostdl.lib(nand_param.o)
    0x08023a4c   0x0000000c   Zero   RW         1058    .bss                busywait_lib.lib(busywait_hw_qtimer.o)
    0x08023a58   0x00000008   PAD
    0x08023a60   0x00002000   Zero   RW         1186    .bss                nand_hostdl.lib(nand_partition.o)
    0x08025a60   0x0000003c   Zero   RW         1220    .bss                nand_hostdl.lib(nand_wrapper.o)
    0x08025a9c   0x00000004   PAD
    0x08025aa0   0x00001514   Zero   RW         1236    .bss                nand_config_v2.lib(nand_core_v2.o)
    0x08026fb4   0x000000e8   Zero   RW         1434    .bss                DALflash_nand_dcpu.lib(flash_nand_entry.o)
    0x0802709c   0x00000014   Zero   RW         1454    .bss                DALflash.lib(flash_dal_util.o)
    0x080270b0   0x0000001c   Zero   RW         1455    .bss                DALflash.lib(flash_dal_util.o)
    0x080270cc   0x00000054   Zero   RW         1472    .bss                DALflash_nand_dcpu.lib(flash_nand_core.o)
    0x08027120   0x00000020   Zero   RW         1488    .bss                DALflash_nand_dcpu.lib(flash_nand_init.o)
    0x08027140   0x0000004c   Zero   RW         1506    .bss                DALflash_nand_dcpu.lib(flash_nand_partition.o)
    0x0802718c   0x00000014   Zero   RW         1537    .bss                HALflash.lib(flash_hal_properties.o)
    0x080271a0   0x000000fc   Zero   RW         1639    .bss                HALflash_qpic_dcpu.lib(flash_hal_main.o)
    0x0802729c   0x00001bd0   Zero   RW         1663    .bss                HALflash_qpic_dcpu.lib(flash_hal_nand_main.o)
    0x08028e6c   0x00000024   Zero   RW         1687    .bss                HALflash.lib(flash_hal_common.o)


==============================================================================

Image component sizes


      Code (inc. data)   RO Data    RW Data    ZI Data      Debug   Object Name

       400         74          0          0          0        732   hostdl_startup.o

    ----------------------------------------------------------------------
       400         74          0          0          0        732   Object Totals
         0          0          0          0          0          0   (incl. Generated)
         0          0          0          0          0          0   (incl. Padding)

    ----------------------------------------------------------------------

      Code (inc. data)   RO Data    RW Data    ZI Data      Debug   Library Member Name

      1018          0          0          0          0      17530   ClockSBLCommon.o
      1776        212        176          8          0      35520   ClockSBL.o
       144         10          0          4          0       2692   ClockSBLCPU.o
       500         30          0       1348          0       4207   ClockSBLConfig.o
         8          0          0          0          0        760   ClockTLMMSpareStub.o
       556         42         96          0          0       4967   ClockTools.o
         0          0        132          4          0       1199   DALConfig_boot.o
         0          0          0         16         16       1116   DALModDir_boot.o
       172          6          0         32          0       3153   DALHeap.o
      1188         46          0         28          0       8152   DALMemDesc.o
      1472        136        140         12         32      39976   DALModEnv.o
      1040          4          0          0          0       9552   DALProps.o
       524          0          0          0          0       4012   dalfwkbase.o
       164          0          0          0          0       4566   flash_dal.o
       824         16        112        448          0      11815   flash_dal_fwk.o
         0          0         12         16          0      12342   flash_dal_info.o
       524          6          0          0         48       5143   flash_dal_util.o
        96         18          0         20          0      15840   flash_properties.o
         4          0          0          0          0        662   flash_dal_nand_default.o
        12          6         64        404          0       5725   flash_nand_config.o
      2424         22          0          0         84      12762   flash_nand_core.o
      1752        122          0          1        232      14986   flash_nand_entry.o
      1748         30          0         12         32      12756   flash_nand_init.o
      1156         44          0          8         76       9202   flash_nand_partition.o
       824         18          0        100          0       6757   flash_onfi.o
        28          4          0        556          0       2014   flash_otp_config.o
       252         18          0          5         36       2767   flash_hal_common.o
       252         20          0          0         20      14620   flash_hal_properties.o
        84          0          0          0          0        608   flash_hal_util_asm.o
      1004         62          0          8        252      13598   flash_hal_main.o
       940         18          0          4       7120       6481   flash_hal_nand_main.o
      2836         86          0          0          0      11230   flash_hal_nandc.o
      1052         20        240         80          0       5460   flash_hal_nandc_common.o
         8          0          0          0          0       1802   flash_hal_nandc_default.o
      2144         76          0          4          0      11187   flash_hal_nandc_predef_direct_cpu.o
       288         64        404          0          0       1822   GeniImage.o
      1484         24          0          0       1160      10388   PmicArb.o
      1320         16          0          0        696      12805   SpmiBus.o
      1784         28          5          4          0      16755   SpmiCfg.o
        28          6          0          4          0       1792   SpmiHal.o
       340          4          0          0          0       2310   SpmiMaster.o
        52          0          0          0          0       3183   SpmiOsImage.o
       476          4          0          0          0       3907   SpmiRadixTree.o
      2040         52          0          4          0      17932   bamcore.o
       208          6          0          0          0       6241   bamosal.o
      3584         20          0         16          0      28037   bams.o
       148          6         96          8          0       4420   bamtgtcfg.o
       188         64          0         12         12       1565   busywait_hw_qtimer.o
        16          0          0          0          0         72   abort.o
        16          0          0          0          0         68   aeabi_memset.o
       604          0          0          0          0        144   aeabi_sdivfast_rs.o
       128         42          0          0          0         76   assert.o
        20          0          0          0          0         76   assert_puts.o
        48         34          0          0          0         76   defsig_abrt_inner.o
        14          0          0          0          0         80   defsig_abrt_outer.o
        10          0          0          0          0         68   defsig_exit.o
        50          0          0          0          0         88   defsig_general.o
         0          0          0          0          0          0   indicate_semi.o
       816         64          0          0          0         84   lludiv5.o
        88          0          0          0          0         76   memcmp.o
        12          0          0          0          0         76   memcpy.o
        22          0          0          0          0         76   memset.o
        68          0          0          0          0         68   rt_memclr.o
        78          0          0          0          0         80   rt_memclr_w.o
       212          0          0          0          0         68   rt_memcpy.o
       100          0          0          0          0         80   rt_memcpy_w.o
       160          4          0          0          0         80   strcmp.o
        58          0          0          0          0         68   strlen.o
       240          4          0          0          0         80   strncmp.o
        12          4          0          0          0         68   sys_exit.o
        14          0          0          0          0         76   sys_wrch.o
        22          0          0          0          0         68   uread4.o
         2          0          0          0          0         68   use_no_semi.o
       804         16          0          0          0        280   daddsub_clz.o
        90          4          0          0          0         92   dfixu.o
        38          0          0          0          0         68   dflt_clz.o
       340         12          0          0          0        104   dmul.o
       156          4          0          0          0         92   dnaninf.o
        12          0          0          0          0         68   dretinf.o
         0          0          0          0          0          0   usenofp.o
       128         12          0          4       6656      12448   hostdl.o
       924         48          0          8          0       8257   hostdl_flash.o
      3644        938        137        248       4212      21746   hostdl_packet.o
       120         30          0          0          0      35055   hostdl_config.o
        30          0          0          0          0        798   memscpy.o
        66          0          0          0          0        846   strlcpy.o
      2524        420          0          1       5396      23036   nand_core_v2.o
      6188        280          0         24      27112      48194   nand_core.o
       172         20          0          4      20000       7099   nand_entry.o
         0          0          0          0         36        837   nand_param.o
      1708         76          0          8       8192      29810   nand_partition.o
         6          0          0          0          0        739   nand_stubs.o
       352         40          0         33          0      14998   nand_tools.o
       596          8          0          4         60      12096   nand_wrapper.o
       264          0          0          0          0      14747   pm_comm_spmi_lite.o
      2780        156          0        276          0      28030   pm_pon.o
       492         18          0          1        140       6676   pm_version.o
       188         12          0         56          0      36495   qhsusb_al_hostdl.o
        76          8          0          0          0       4914   qhsusb_boot_dload.o
      1616         30          0         16         74      16246   qhsusb_dcd_ch9.o
      2984         90          0         36       8576      19003   qhsusb_dci.o
      1560         38          0          3         12      12486   qhsusb_dci_8909.o
       164         16          0          0          0       3373   qhsusb_dci_8909_hw_apis_sbl1.o
      1580         78        136        652       9068      12761   qhsusb_fd_hdlc.o
         4          0          0          0          0        821   qhsusb_log.o
       568         24       3072          0          0       4251   crc.o

    ----------------------------------------------------------------------
     71468       3896       4828       4560     100484     804646   Library Totals
        18          0          6         20       1134          0   (incl. Padding)

    ----------------------------------------------------------------------

      Code (inc. data)   RO Data    RW Data    ZI Data      Debug   Library Name

      1018          0          0          0          0      17530   Clock_Common_SBL.lib
      2984        294        272       1360          0      48146   Clock_msm8909_emmc_SBL.lib
         0          0        132         20         16       2315   DALConfig.lib
      4396        192        140         72         32      64845   DALFwk.lib
      1608         40        124        484         48      49706   DALflash.lib
      7948        246         64       1081        424      64864   DALflash_nand_dcpu.lib
       588         38          0          5         56      17995   HALflash.lib
      7984        262        240         96       7372      49758   HALflash_qpic_dcpu.lib
      5772        146        409          8       1856      52962   Spmi.lib
      5980         84         96         28          0      56630   bam.lib
       188         64          0         12         12       1565   busywait_lib.lib
      2810        152          0          0          0       1864   c_2.l
      1440         36          0          0          0        704   fz_2s.l
      4696        998        137        260      10868      42451   hostdl.lib
       120         30          0          0          0      35055   hostdl_config_v2.lib
        96          0          0          0          0       1644   libstd.lib
      2524        420          0          1       5396      23036   nand_config_v2.lib
      9022        424          0         73      55400     113773   nand_hostdl.lib
       264          0          0          0          0      14747   pmic_comm_spmi_lite.lib
      2780        156          0        276          0      28030   pmic_drivers_pon.lib
       492         18          0          1        140       6676   pmic_framework.lib
      8172        272        136        763      17730     106099   qhsusb_armprg.lib
       568         24       3072          0          0       4251   utils_tools.lib

    ----------------------------------------------------------------------
     71468       3896       4828       4560     100484     804646   Library Totals

    ----------------------------------------------------------------------

==============================================================================


      Code (inc. data)   RO Data    RW Data    ZI Data      Debug   

     71868       3970       4828       4560     100484     797974   Grand Totals
     71868       3970       4828       4560     100484     797974   ELF Image Totals
     71868       3970       4828       4560          0          0   ROM Totals

==============================================================================

    Total RO  Size (Code + RO Data)                76696 (  74.90kB)
    Total RW  Size (RW Data + ZI Data)            105044 ( 102.58kB)
    Total ROM Size (Code + RO Data + RW Data)      81256 (  79.35kB)

==============================================================================

