ARM Linker, 5.01 [Build 94] 

==============================================================================

Image Symbol Table

    Local Symbols

    Symbol Name                              Value     Ov Type        Size  Object(Section)

    [Anonymous Symbol]                       0x00000000   ARM Code       0  sbl1.o ABSOLUTE
    ../clib/angel/rt.s                       0x00000000   Number         0  rt_div0.o ABSOLUTE
    ../clib/angel/rt.s                       0x00000000   Number         0  rt_errno_addr.o ABSOLUTE
    ../clib/angel/rt.s                       0x00000000   Number         0  rt_errno_addr_intlibspace.o ABSOLUTE
    ../clib/angel/rt.s                       0x00000000   Number         0  aeabi_ldiv0.o ABSOLUTE
    ../clib/angel/rt.s                       0x00000000   Number         0  aeabi_ldiv0_sigfpe.o ABSOLUTE
    ../clib/angel/rt.s                       0x00000000   Number         0  aeabi_idiv0.o ABSOLUTE
    ../clib/angel/rt.s                       0x00000000   Number         0  aeabi_idiv0_sigfpe.o ABSOLUTE
    ../clib/angel/rt.s                       0x00000000   Number         0  rt_ctype_table.o ABSOLUTE
    ../clib/angel/rt.s                       0x00000000   Number         0  rt_locale_intlibspace.o ABSOLUTE
    ../clib/angel/rt.s                       0x00000000   Number         0  rt_locale.o ABSOLUTE
    ../clib/angel/sys.s                      0x00000000   Number         0  indicate_semi.o ABSOLUTE
    ../clib/angel/sys.s                      0x00000000   Number         0  use_no_semi.o ABSOLUTE
    ../clib/angel/sys.s                      0x00000000   Number         0  libspace.o ABSOLUTE
    ../clib/angel/sysapp.c                   0x00000000   Number         0  sys_wrch.o ABSOLUTE
    ../clib/angel/sysapp.c                   0x00000000   Number         0  sys_exit.o ABSOLUTE
    ../clib/angel/sysapp.c                   0x00000000   Number         0  sys_command.o ABSOLUTE
    ../clib/armsys.c                         0x00000000   Number         0  argv_veneer.o ABSOLUTE
    ../clib/armsys.c                         0x00000000   Number         0  argv_veneer.o ABSOLUTE
    ../clib/armsys.c                         0x00000000   Number         0  _get_argv_nomalloc.o ABSOLUTE
    ../clib/armsys.c                         0x00000000   Number         0  no_argv.o ABSOLUTE
    ../clib/bigflt.c                         0x00000000   Number         0  bigflt0.o ABSOLUTE
    ../clib/btod.s                           0x00000000   Number         0  btod.o ABSOLUTE
    ../clib/division.s                       0x00000000   Number         0  aeabi_sdiv_cr4.o ABSOLUTE
    ../clib/division.s                       0x00000000   Number         0  aeabi_sdiv_div0_cr4.o ABSOLUTE
    ../clib/division.s                       0x00000000   Number         0  aeabi_sdiv_rt_cr4.o ABSOLUTE
    ../clib/division.s                       0x00000000   Number         0  aeabi_sdiv_rt_div0_cr4.o ABSOLUTE
    ../clib/division.s                       0x00000000   Number         0  rtudiv10.o ABSOLUTE
    ../clib/heapalloc.c                      0x00000000   Number         0  hrguard.o ABSOLUTE
    ../clib/libinit.s                        0x00000000   Number         0  libinit2.o ABSOLUTE
    ../clib/locale.c                         0x00000000   Number         0  locale_r.o ABSOLUTE
    ../clib/locale.c                         0x00000000   Number         0  locale.o ABSOLUTE
    ../clib/locale.c                         0x00000000   Number         0  _wcrtomb.o ABSOLUTE
    ../clib/locale.s                         0x00000000   Number         0  lc_ctype_c.o ABSOLUTE
    ../clib/locale.s                         0x00000000   Number         0  lc_numeric_c.o ABSOLUTE
    ../clib/locale.s                         0x00000000   Number         0  null_locale.o ABSOLUTE
    ../clib/longlong.s                       0x00000000   Number         0  llsdiv.o ABSOLUTE
    ../clib/longlong.s                       0x00000000   Number         0  llshl.o ABSOLUTE
    ../clib/longlong.s                       0x00000000   Number         0  lludiv5.o ABSOLUTE
    ../clib/longlong.s                       0x00000000   Number         0  lludiv10.o ABSOLUTE
    ../clib/memcpset.s                       0x00000000   Number         0  aeabi_memset.o ABSOLUTE
    ../clib/memcpset.s                       0x00000000   Number         0  rt_memmove_w.o ABSOLUTE
    ../clib/memcpset.s                       0x00000000   Number         0  strcmp.o ABSOLUTE
    ../clib/memcpset.s                       0x00000000   Number         0  rt_memclr_w.o ABSOLUTE
    ../clib/memcpset.s                       0x00000000   Number         0  rt_memcpy_w.o ABSOLUTE
    ../clib/memcpset.s                       0x00000000   Number         0  rt_memcpy.o ABSOLUTE
    ../clib/memcpset.s                       0x00000000   Number         0  rt_memmove.o ABSOLUTE
    ../clib/memcpset.s                       0x00000000   Number         0  rt_memclr.o ABSOLUTE
[...]
    0x08019274   0x00000210   Code   RO         4639    i.sdcc_config_mmc_modes_segment  mini_sdcc.lib(sdcc_mmc_util.o)
    0x08019484   0x0000003e   Code   RO         4545    i.sdcc_config_rca   mini_sdcc.lib(sdcc_pal_tool.o)
    0x080194c2   0x0000008c   Code   RO         4594    i.sdcc_decode_csd   mini_sdcc.lib(sdcc_util.o)
    0x0801954e   0x00000110   Code   RO         4640    i.sdcc_decode_extCSD  mini_sdcc.lib(sdcc_mmc_util.o)
    0x0801965e   0x0000006a   Code   RO         4641    i.sdcc_decode_mmc_cid  mini_sdcc.lib(sdcc_mmc_util.o)
    0x080196c8   0x00000028   Code   RO         5760    i.sdcc_decode_scr   mini_sdcc.lib(sdcc_sd_util.o)
    0x080196f0   0x0000004e   Code   RO         5761    i.sdcc_decode_sd_cid  mini_sdcc.lib(sdcc_sd_util.o)
    0x0801973e   0x0000001a   Code   RO         5763    i.sdcc_decode_sd_status  mini_sdcc.lib(sdcc_sd_util.o)
    0x08019758   0x00000068   Code   RO         4595    i.sdcc_decode_std_csd  mini_sdcc.lib(sdcc_util.o)
    0x080197c0   0x00000098   Code   RO         5764    i.sdcc_decode_switch_data  mini_sdcc.lib(sdcc_sd_util.o)
    0x08019858   0x00000048   Code   RO         4596    i.sdcc_deinit       mini_sdcc.lib(sdcc_util.o)
    0x080198a0   0x00000058   Code   RO         4670    i.sdcc_deregister_client_handle  mini_sdcc.lib(sdcc_handle_util.o)
    0x080198f8   0x00000002   Code   RO         4624    i.sdcc_display_mem_device_info  mini_sdcc.lib(sdcc_debug.o)
    0x080198fa   0x00000016   Code   RO         4546    i.sdcc_do_transfer  mini_sdcc.lib(sdcc_pal_tool.o)
    0x08019910   0x00000152   Code   RO         4547    i.sdcc_do_transfer_qc_mode  mini_sdcc.lib(sdcc_pal_tool.o)
    0x08019a62   0x00000004   Code   RO         4709    i.sdcc_do_transfer_sdhci_mode  mini_sdcc.lib(sdcc_hc_stub.o)
    0x08019a66   0x00000002   PAD
    0x08019a68   0x00000080   Code   RO         4644    i.sdcc_find_mmc_device  mini_sdcc.lib(sdcc_mmc_util.o)
    0x08019ae8   0x000000d0   Code   RO         5765    i.sdcc_find_sd_device  mini_sdcc.lib(sdcc_sd_util.o)
    0x08019bb8   0x00000046   Code   RO         4548    i.sdcc_get_cid      mini_sdcc.lib(sdcc_pal_tool.o)
    0x08019bfe   0x00000026   Code   RO         4645    i.sdcc_get_ext_csd  mini_sdcc.lib(sdcc_mmc_util.o)
    0x08019c24   0x000000ae   Code   RO         4597    i.sdcc_get_memory_info  mini_sdcc.lib(sdcc_util.o)
    0x08019cd2   0x00000002   PAD
    0x08019cd4   0x0000004c   Code   RO         5766    i.sdcc_get_scr      mini_sdcc.lib(sdcc_sd_util.o)
    0x08019d20   0x00000026   Code   RO         5767    i.sdcc_get_sd_speed_class  mini_sdcc.lib(sdcc_sd_util.o)
    0x08019d46   0x00000002   PAD
    0x08019d48   0x0000004c   Code   RO         5768    i.sdcc_get_sd_status  mini_sdcc.lib(sdcc_sd_util.o)
    0x08019d94   0x0000001c   Code   RO         4598    i.sdcc_get_slot_handle  mini_sdcc.lib(sdcc_util.o)
    0x08019db0   0x0000001e   Code   RO         4599    i.sdcc_get_std_memory_info  mini_sdcc.lib(sdcc_util.o)
    0x08019dce   0x0000001a   Code   RO         3023    i.sdcc_handle_close  mini_sdcc.lib(sdcc_mini_api.o)
    0x08019de8   0x000000b8   Code   RO         3024    i.sdcc_handle_erase  mini_sdcc.lib(sdcc_mini_api.o)
    0x08019ea0   0x000000b8   Code   RO         4549    i.sdcc_handle_find_card  mini_sdcc.lib(sdcc_pal_tool.o)
    0x08019f58   0x000000f6   Code   RO         3028    i.sdcc_handle_mem_get_device_info  mini_sdcc.lib(sdcc_mini_api.o)
    0x0801a04e   0x00000002   PAD
    0x0801a050   0x00000104   Code   RO         3029    i.sdcc_handle_open  mini_sdcc.lib(sdcc_mini_api.o)
    0x0801a154   0x0000008c   Code   RO         4550    i.sdcc_handle_optimized_open  mini_sdcc.lib(sdcc_pal_tool.o)
    0x0801a1e0   0x00000092   Code   RO         3030    i.sdcc_handle_read  mini_sdcc.lib(sdcc_mini_api.o)
    0x0801a272   0x00000022   Code   RO         3031    i.sdcc_handle_set_active_bootable_partition  mini_sdcc.lib(sdcc_mini_api.o)
    0x0801a294   0x00000090   Code   RO         3034    i.sdcc_handle_write  mini_sdcc.lib(sdcc_mini_api.o)
    0x0801a324   0x00000004   Code   RO         4710    i.sdcc_hc_config_buswidth  mini_sdcc.lib(sdcc_hc_stub.o)
    0x0801a328   0x00000004   Code   RO         4711    i.sdcc_hc_enable_ddr50  mini_sdcc.lib(sdcc_hc_stub.o)
    0x0801a32c   0x00000004   Code   RO         4712    i.sdcc_hc_set_clock  mini_sdcc.lib(sdcc_hc_stub.o)
    0x0801a330   0x00000052   Code   RO         4551    i.sdcc_init_memory_device  mini_sdcc.lib(sdcc_pal_tool.o)
    0x0801a382   0x00000002   PAD
    0x0801a384   0x000000f8   Code   RO         4600    i.sdcc_init_qc_mode  mini_sdcc.lib(sdcc_util.o)
    0x0801a47c   0x00000004   Code   RO         4713    i.sdcc_init_sdhci_mode  mini_sdcc.lib(sdcc_hc_stub.o)
    0x0801a480   0x00000030   Code   RO         4672    i.sdcc_is_device_still_in_use  mini_sdcc.lib(sdcc_handle_util.o)
    0x0801a4b0   0x00000020   Code   RO         4553    i.sdcc_is_partial_enumeration  mini_sdcc.lib(sdcc_pal_tool.o)
    0x0801a4d0   0x00000086   Code   RO         4647    i.sdcc_mmc_get_phy_partition_info  mini_sdcc.lib(sdcc_mmc_util.o)
    0x0801a556   0x00000030   Code   RO         4648    i.sdcc_mmc_is_phy_partition_bootable  mini_sdcc.lib(sdcc_mmc_util.o)
    0x0801a586   0x00000002   PAD
    0x0801a588   0x00000060   Code   RO         4649    i.sdcc_mmc_set_active_bootable_partition  mini_sdcc.lib(sdcc_mmc_util.o)
    0x0801a5e8   0x00000048   Code   RO         4650    i.sdcc_mmc_set_partition_access  mini_sdcc.lib(sdcc_mmc_util.o)
    0x0801a630   0x00000060   Code   RO         4652    i.sdcc_mmc_switch   mini_sdcc.lib(sdcc_mmc_util.o)
    0x0801a690   0x0000007c   Code   RO         4554    i.sdcc_partial_enumeration  mini_sdcc.lib(sdcc_pal_tool.o)
    0x0801a70c   0x0000006a   Code   RO         4555    i.sdcc_partial_init  mini_sdcc.lib(sdcc_pal_tool.o)
    0x0801a776   0x00000002   PAD
    0x0801a778   0x0000008c   Code   RO         4601    i.sdcc_poll_status  mini_sdcc.lib(sdcc_util.o)
    0x0801a804   0x000000a0   Code   RO         4557    i.sdcc_read_fifo    mini_sdcc.lib(sdcc_pal_tool.o)
    0x0801a8a4   0x00000048   Code   RO         4673    i.sdcc_register_client_handle  mini_sdcc.lib(sdcc_handle_util.o)
    0x0801a8ec   0x0000006c   Code   RO         4602    i.sdcc_reset_reinit  mini_sdcc.lib(sdcc_util.o)
    0x0801a958   0x00000110   Code   RO         5769    i.sdcc_sd_switch_to_hs  mini_sdcc.lib(sdcc_sd_util.o)
    0x0801aa68   0x00000032   Code   RO         4603    i.sdcc_select_card  mini_sdcc.lib(sdcc_util.o)
    0x0801aa9a   0x00000032   Code   RO         4558    i.sdcc_send_app_command  mini_sdcc.lib(sdcc_pal_tool.o)
    0x0801aacc   0x000000a4   Code   RO         4604    i.sdcc_send_cmd     mini_sdcc.lib(sdcc_util.o)
    0x0801ab70   0x00000030   Code   RO         4605    i.sdcc_send_status  mini_sdcc.lib(sdcc_util.o)
    0x0801aba0   0x0000002e   Code   RO         4559    i.sdcc_set_partition  mini_sdcc.lib(sdcc_pal_tool.o)
    0x0801abce   0x00000060   Code   RO         5770    i.sdcc_set_sd_bus_width  mini_sdcc.lib(sdcc_sd_util.o)
    0x0801ac2e   0x00000002   PAD
    0x0801ac30   0x00000058   Code   RO         4560    i.sdcc_setup_data_xfer  mini_sdcc.lib(sdcc_pal_tool.o)
    0x0801ac88   0x00000030   Code   RO         4561    i.sdcc_wait_card_ready  mini_sdcc.lib(sdcc_pal_tool.o)
    0x0801acb8   0x00000046   Code   RO         4562    i.sdcc_wait_data_xfer_complete  mini_sdcc.lib(sdcc_pal_tool.o)
    0x0801acfe   0x00000002   PAD
    0x0801ad00   0x00000054   Code   RO         4606    i.sdcc_wait_prog_done  mini_sdcc.lib(sdcc_util.o)
    0x0801ad54   0x000000dc   Code   RO         4563    i.sdcc_write_fifo   mini_sdcc.lib(sdcc_pal_tool.o)
    0x0801ae30   0x0000026c   Code   RO         2246    i.secboot_authenticate  secboot_auth.lib(secboot.o)
    0x0801b09c   0x00000044   Code   RO         2294    i.secboot_cal_cert_num  secboot_auth.lib(secboot_x509.o)
    0x0801b0e0   0x00000014   Code   RO         2247    i.secboot_deinit    secboot_auth.lib(secboot.o)
    0x0801b0f4   0x0000002c   Code   RO         2248    i.secboot_get_ftbl  secboot_auth.lib(secboot.o)
    0x0801b120   0x000000e8   Code   RO         2249    i.secboot_hash      secboot_auth.lib(secboot.o)
    0x0801b208   0x0000013c   Code   RO         2250    i.secboot_hash_certificates  secboot_auth.lib(secboot.o)
    0x0801b344   0x00000064   Code   RO         2319    i.secboot_hw_get_auth_id  secboot_auth.lib(secboot_hw.o)
    0x0801b3a8   0x0000003c   Code   RO         2320    i.secboot_hw_get_ftbl  secboot_auth.lib(secboot_hw.o)
    0x0801b3e4   0x0000001e   Code   RO         2321    i.secboot_hw_get_is_hash_in_fuse  secboot_auth.lib(secboot_hw.o)
    0x0801b402   0x00000040   Code   RO         2322    i.secboot_hw_get_msm_hw_id  secboot_auth.lib(secboot_hw.o)
    0x0801b442   0x0000007c   Code   RO         2323    i.secboot_hw_get_root_cert_info  secboot_auth.lib(secboot_hw.o)
    0x0801b4be   0x00000016   Code   RO         3879    i.secboot_hw_get_root_cert_sel  secboot_auth.lib(secboot_hw_apps.o)
    0x0801b4d4   0x000000ac   Code   RO         2324    i.secboot_hw_get_root_of_trust  secboot_auth.lib(secboot_hw.o)
    0x0801b580   0x00000016   Code   RO         2325    i.secboot_hw_get_serial_num  secboot_auth.lib(secboot_hw.o)
    0x0801b596   0x0000001e   Code   RO         2326    i.secboot_hw_get_use_serial_num  secboot_auth.lib(secboot_hw.o)
    0x0801b5b4   0x00000034   Code   RO         2327    i.secboot_hw_is_auth_enabled  secboot_auth.lib(secboot_hw.o)
    0x0801b5e8   0x00000034   Code   RO         2328    i.secboot_hw_update_and_read_root_cert_sel  secboot_auth.lib(secboot_hw.o)
    0x0801b61c   0x000000a0   Code   RO         2251    i.secboot_init      secboot_auth.lib(secboot.o)
    0x0801b6bc   0x00000024   Code   RO         2252    i.secboot_init_fuses  secboot_auth.lib(secboot.o)
    0x0801b6e0   0x00000012   Code   RO         2253    i.secboot_log       secboot_auth.lib(secboot.o)
    0x0801b6f2   0x000000bc   Code   RO         2254    i.secboot_read_hw_fuses  secboot_auth.lib(secboot.o)
    0x0801b7ae   0x00000002   PAD
    0x0801b7b0   0x000000e8   Code   RO         2255    i.secboot_verify_cert_chain  secboot_auth.lib(secboot.o)
    0x0801b898   0x00000288   Code   RO         2256    i.secboot_verify_cert_signature  secboot_auth.lib(secboot.o)
    0x0801bb20   0x00000040   Code   RO         2257    i.secboot_verify_exponent  secboot_auth.lib(secboot.o)
    0x0801bb60   0x000003dc   Code   RO         2258    i.secboot_verify_image_signature  secboot_auth.lib(secboot.o)
    0x0801bf3c   0x00000048   Code   RO         3175    i.sechsharm_sha256_final  deviceprogrammer.lib(deviceprogrammer_security.o)
    0x0801bf84   0x00000028   Code   RO         3176    i.sechsharm_sha256_init  deviceprogrammer.lib(deviceprogrammer_security.o)
    0x0801bfac   0x000000ac   Code   RO         3177    i.sechsharm_sha256_pad  deviceprogrammer.lib(deviceprogrammer_security.o)
    0x0801c058   0x00000930   Code   RO         3178    i.sechsharm_sha256_transform  deviceprogrammer.lib(deviceprogrammer_security.o)
    0x0801c988   0x000000c8   Code   RO         3179    i.sechsharm_sha256_update  deviceprogrammer.lib(deviceprogrammer_security.o)
    0x0801ca50   0x0000005e   Code   RO         3882    i.secmath_BIGINT_modexp  secmath.lib(secmath_mod_exp.o)
    0x0801caae   0x0000006e   Code   RO         3885    i.secmath_BIGINT_read_unsigned_bin  secmath.lib(secmath_BIGINT_read_unsigned_bin.o)
    0x0801cb1c   0x00000006   Code   RO         3113    i.sendResponse      deviceprogrammer.lib(deviceprogrammer_firehose.o)
    0x0801cb22   0x00000002   PAD
    0x0801cb24   0x00000134   Code   RO         3114    i.sendResponseFields  deviceprogrammer.lib(deviceprogrammer_firehose.o)
    0x0801cc58   0x00000020   Code   RO         3115    i.sendXMLBuffer     deviceprogrammer.lib(deviceprogrammer_firehose.o)
    0x0801cc78   0x00000084   Code   RO         1201    i.shellSort         Spmi.lib(SpmiCfg.o)
    0x0801ccfc   0x00000074   Code   RO         3067    i.simpleStrReplace  deviceprogrammer.lib(deviceprogrammer_utils.o)
    0x0801cd70   0x00000020   Code   RO         2144    i.smem_alloc        smem_boot.lib(smem.o)
    0x0801cd90   0x00000134   Code   RO         2146    i.smem_alloc_dynamic  smem_boot.lib(smem.o)
    0x0801cec4   0x00000060   Code   RO         2148    i.smem_alloc_static  smem_boot.lib(smem.o)
    0x0801cf24   0x00000004   Code   RO         3790    i.smem_ext_get_smem_base  smem_ext_common.lib(smem_ext.o)
    0x0801cf28   0x00000004   Code   RO         3791    i.smem_ext_get_smem_size  smem_ext_common.lib(smem_ext.o)
    0x0801cf2c   0x00000044   Code   RO         2154    i.smem_get_offset   smem_boot.lib(smem.o)
    0x0801cf70   0x0000001c   Code   RO         2155    i.smem_get_phys_base_addr  smem_boot.lib(smem.o)
    0x0801cf8c   0x00000018   Code   RO         2156    i.smem_get_size     smem_boot.lib(smem.o)
    0x0801cfa4   0x00000084   Code   RO         2158    i.smem_init         smem_boot.lib(smem.o)
    0x0801d028   0x00000004   Code   RO         3786    i.smem_map_base_va  smem_boot.lib(smem_mapping_rex.o)
    0x0801d02c   0x0000000c   Code   RO         2190    i.smem_map_memory_va  smem_boot.lib(smem_boot.o)
    0x0801d038   0x0000001c   Code   RO         2191    i.smem_map_smem_targ_info  smem_boot.lib(smem_boot.o)
    0x0801d054   0x00000004   Code   RO         2192    i.smem_map_spinlock_region_va  smem_boot.lib(smem_boot.o)
    0x0801d058   0x00000024   Code   RO         5557    i.smem_os_ext_get_smem_base  smem_boot.lib(smem_rex.o)
    0x0801d07c   0x00000024   Code   RO         5558    i.smem_os_ext_get_smem_size  smem_boot.lib(smem_rex.o)
    0x0801d0a0   0x00000024   Code   RO         2159    i.smem_set_base_addr  smem_boot.lib(smem.o)
    0x0801d0c4   0x0000002c   Code   RO         2160    i.smem_set_ext_mem_region  smem_boot.lib(smem.o)
    0x0801d0f0   0x00000024   Code   RO         2161    i.smem_set_heap_info  smem_boot.lib(smem.o)
    0x0801d114   0x00000002   Code   RO         2193    i.smem_set_spin_lock_api  smem_boot.lib(smem_boot.o)
    0x0801d116   0x00000002   PAD
    0x0801d118   0x00000018   Code   RO         2162    i.smem_set_spinlock_base_addr  smem_boot.lib(smem.o)
    0x0801d130   0x00000002   Code   RO         2195    i.smem_spin_lock    smem_boot.lib(smem_boot.o)
    0x0801d132   0x00000002   Code   RO         2196    i.smem_spin_lock_init  smem_boot.lib(smem_boot.o)
    0x0801d134   0x00000002   Code   RO         2198    i.smem_spin_unlock  smem_boot.lib(smem_boot.o)
    0x0801d136   0x00000052   Code   RO         2163    i.smem_version_set  smem_boot.lib(smem.o)
    0x0801d188   0x00000016   Code   RO         4757    i.storageDeviceClosePartition  deviceprogrammer.lib(deviceprogrammer_storage_device.o)
    0x0801d19e   0x00000032   Code   RO         4759    i.storageDeviceErase  deviceprogrammer.lib(deviceprogrammer_storage_device.o)
    0x0801d1d0   0x00000028   Code   RO         4760    i.storageDeviceExtrasCommit  deviceprogrammer.lib(deviceprogrammer_storage_device.o)
    0x0801d1f8   0x000001d8   Code   RO         4761    i.storageDeviceFWUpdate  deviceprogrammer.lib(deviceprogrammer_storage_device.o)
    0x0801d3d0   0x000000dc   Code   RO         4762    i.storageDeviceGetExtras  deviceprogrammer.lib(deviceprogrammer_storage_device.o)
    0x0801d4ac   0x00000024   Code   RO         4764    i.storageDeviceGetPartitionSizeSectors  deviceprogrammer.lib(deviceprogrammer_storage_device.o)
    0x0801d4d0   0x0000008c   Code   RO         4765    i.storageDeviceGetStorageInfo  deviceprogrammer.lib(deviceprogrammer_storage_device.o)
    0x0801d55c   0x00000028   Code   RO         4767    i.storageDeviceRead  deviceprogrammer.lib(deviceprogrammer_storage_device.o)
    0x0801d584   0x0000001e   Code   RO         4768    i.storageDeviceSetBootableStorageDrive  deviceprogrammer.lib(deviceprogrammer_storage_device.o)
    0x0801d5a2   0x00000002   PAD
    0x0801d5a4   0x0000017c   Code   RO         4769    i.storageDeviceSetExtras  deviceprogrammer.lib(deviceprogrammer_storage_device.o)
    0x0801d720   0x0000002e   Code   RO         4770    i.storageDeviceWrite  deviceprogrammer.lib(deviceprogrammer_storage_device.o)
    0x0801d74e   0x00000030   Code   RO         4773    i.storage_device_open_partition  deviceprogrammer.lib(deviceprogrammer_storage_device.o)
    0x0801d77e   0x00000008   Code   RO         5553    i.strcasecmp        libstd.lib(strcasecmp.o)
    0x0801d786   0x00000044   Code   RO         3068    i.stringToNumber    deviceprogrammer.lib(deviceprogrammer_utils.o)
    0x0801d7ca   0x00000040   Code   RO         1389    i.strlcat           libstd.lib(strlcat.o)
    0x0801d80a   0x00000038   Code   RO         1391    i.strlcpy           libstd.lib(strlcpy.o)
    0x0801d842   0x0000003e   Code   RO         3782    i.strncasecmp       libstd.lib(strncasecmp.o)
    0x0801d880   0x00000032   Code   RO         5601    i.sub               secmath.lib(secmath_montmul_utils.o)
    0x0801d8b2   0x00000002   PAD
    0x0801d8b4   0x000000f4   Code   RO         3513    i.transfer_data_request  qhsusb_bulk_chg.lib(qhsusb_dci.o)
    0x0801d9a8   0x0000007c   Code   RO         5498    i.uart_log          UART.lib(Uart_log.o)
    0x0801da24   0x000000ac   Code   RO         3116    i.validateXMLBuffer  deviceprogrammer.lib(deviceprogrammer_firehose.o)
    0x0801dad0   0x00000080   Code   RO         1992    i.waitForStatusDone  Spmi.lib(PmicArb.o)
    0x0801db50   0x00000030   Code   RO         3117    i.writeChannel      deviceprogrammer.lib(deviceprogrammer_firehose.o)
    0x0801db80   0x0000006c   Code   RO         1993    i.writeSpmiData     Spmi.lib(PmicArb.o)
    0x0801dbec   0x0000003e   Code   RO         4794    i.xmlGetAttributeName  deviceprogrammer.lib(deviceprogrammer_xml_parser.o)
    0x0801dc2a   0x0000003e   Code   RO         4795    i.xmlGetAttributeValue  deviceprogrammer.lib(deviceprogrammer_xml_parser.o)
    0x0801dc68   0x0000003e   Code   RO         4796    i.xmlGetTag         deviceprogrammer.lib(deviceprogrammer_xml_parser.o)
    0x0801dca6   0x0000027c   Code   RO         4797    i.xmlGetToken       deviceprogrammer.lib(deviceprogrammer_xml_parser.o)
    0x0801df22   0x00000014   Code   RO         4798    i.xmlInitReader     deviceprogrammer.lib(deviceprogrammer_xml_parser.o)
    0x0801df36   0x00000028   Code   RO         4799    i.xmlInitWriter     deviceprogrammer.lib(deviceprogrammer_xml_parser.o)
    0x0801df5e   0x00000026   Code   RO         4800    i.xmlIsAttribute    deviceprogrammer.lib(deviceprogrammer_xml_parser.o)
    0x0801df84   0x00000026   Code   RO         4801    i.xmlIsTag          deviceprogrammer.lib(deviceprogrammer_xml_parser.o)
    0x0801dfaa   0x00000020   Code   RO         4804    i.xmlWriterMarkRollbackPoint  deviceprogrammer.lib(deviceprogrammer_xml_parser.o)
    0x0801dfca   0x00000002   PAD
    0x0801dfcc   0x0000000c   Code   RO         4805    i.xmlWriterRawCloseTag  deviceprogrammer.lib(deviceprogrammer_xml_parser.o)
    0x0801dfd8   0x00000010   Code   RO         4806    i.xmlWriterRawCloseTagName  deviceprogrammer.lib(deviceprogrammer_xml_parser.o)
    0x0801dfe8   0x0000000c   Code   RO         4807    i.xmlWriterRawStartTag  deviceprogrammer.lib(deviceprogrammer_xml_parser.o)
    0x0801dff4   0x00000010   Code   RO         4808    i.xmlWriterRawStartTagNoAttributes  deviceprogrammer.lib(deviceprogrammer_xml_parser.o)
    0x0801e004   0x00000012   Code   RO         4809    i.xmlWriterRawWrite  deviceprogrammer.lib(deviceprogrammer_xml_parser.o)
    0x0801e016   0x00000050   Code   RO         4810    i.xmlWriterRawWriteArgList  deviceprogrammer.lib(deviceprogrammer_xml_parser.o)
    0x0801e066   0x00000002   PAD
    0x0801e068   0x00000018   Code   RO         4811    i.xmlWriterRawWriteAttribute  deviceprogrammer.lib(deviceprogrammer_xml_parser.o)
    0x0801e080   0x00000064   Code   RO         4812    i.xmlWriterRawWriteAttributeValueFromBuffer  deviceprogrammer.lib(deviceprogrammer_xml_parser.o)
    0x0801e0e4   0x00000044   Code   RO         4813    i.xmlWriterRawWriteFromBuffer  deviceprogrammer.lib(deviceprogrammer_xml_parser.o)
    0x0801e128   0x00000014   Code   RO         4814    i.xmlWriterReset    deviceprogrammer.lib(deviceprogrammer_xml_parser.o)
    0x0801e13c   0x0000002c   Code   RO         6662    locale$$code        c_2.l(lc_ctype_c.o)
    0x0801e168   0x0000002c   Code   RO         6773    locale$$code        c_2.l(lc_numeric_c.o)
    0x0801e194   0x00000004   Code   RO         6670    x$fpl$printf1       fz_2v.l(printf1.o)
    0x0801e198   0x00000000   Code   RO         6787    x$fpl$usenofp       fz_2v.l(usenofp.o)
    0x0801e198   0x0000000c   Code   RO         6796    x$sdivmod           c_2.l(aeabi_sdiv_cr4.o)
    0x0801e1a4   0x00000261   Data   RO           29    .constdata          sbl1_mc.o
    0x0801e405   0x00000031   Data   RO          224    .constdata          qc_version.o
    0x0801e436   0x0000001f   Data   RO          225    .constdata          oem_version.o
    0x0801e455   0x0000001d   Data   RO          226    .constdata          oem_version.o
    0x0801e472   0x00000019   Data   RO          373    .constdata          boot_error_dload.lib(boot_dload_debug.o)
    0x0801e48b   0x00000005   Data   RO         1202    .constdata          Spmi.lib(SpmiCfg.o)
    0x0801e490   0x0000000c   Data   RO         1311    .constdata          DALFwk.lib(DALModEnv.o)
    0x0801e49c   0x000000b0   Data   RO         1600    .constdata          Clock_msm8909_SBL.lib(ClockSBL.o)
    0x0801e54c   0x00000060   Data   RO         1634    .constdata          Clock_msm8909_SBL.lib(ClockTools.o)
    0x0801e5ac   0x0000103c   Data   RO         2052    .constdata          DALConfig.lib(DALConfig_boot.o)
    0x0801f5e8   0x00000150   Data   RO         2053    .constdata          DALConfig.lib(DALConfig_boot.o)
    0x0801f738   0x00000010   Data   RO         2054    .constdata          DALConfig.lib(DALConfig_boot.o)
    0x0801f748   0x00000050   Data   RO         2165    .constdata          smem_boot.lib(smem.o)
    0x0801f798   0x00000034   Data   RO         2259    .constdata          secboot_auth.lib(secboot.o)
    0x0801f7cc   0x000000ac   Data   RO         2295    .constdata          secboot_auth.lib(secboot_x509.o)
    0x0801f878   0x00000180   Data   RO         2329    .constdata          secboot_auth.lib(secboot_hw.o)
    0x0801f9f8   0x00000150   Data   RO         3120    .constdata          deviceprogrammer.lib(deviceprogrammer_firehose.o)
    0x0801fb48   0x00000445   Data   RO         3182    .constdata          deviceprogrammer.lib(deviceprogrammer_security.o)
    0x0801ff8d   0x00000003   PAD
    0x0801ff90   0x00000006   Data   RO         3391    .constdata          pmic_target_sbl1_system.lib(pm_init_without_dal.o)
    0x0801ff96   0x00000004   Data   RO         3413    .constdata          qhsusb_bulk_chg.lib(qhsusb_fd_hdlc.o)
    0x0801ff9a   0x0000003e   Data   RO         3414    .constdata          qhsusb_bulk_chg.lib(qhsusb_fd_hdlc.o)
    0x0801ffd8   0x00000024   Data   RO         3415    .constdata          qhsusb_bulk_chg.lib(qhsusb_fd_hdlc.o)
    0x0801fffc   0x00000022   Data   RO         3416    .constdata          qhsusb_bulk_chg.lib(qhsusb_fd_hdlc.o)
    0x0802001e   0x00000002   PAD
    0x08020020   0x0000000c   Data   RO         3651    .constdata          I2cDriver.lib(I2cDriverDalInfo.o)
    0x0802002c   0x00000194   Data   RO         3723    .constdata          SpmiDalCfg.lib(GeniImage.o)
    0x080201c0   0x00000018   Data   RO         3735    .constdata          UART.lib(Uart.o)
    0x080201d8   0x00000008   Data   RO         3767    .constdata          adc_bsp_lib.lib(AdcBsp.o)
    0x080201e0   0x00000008   Data   RO         3768    .constdata          adc_bsp_lib.lib(AdcBsp.o)
    0x080201e8   0x00000060   Data   RO         3770    .constdata          adc_bsp_lib.lib(VAdcBsp.o)
    0x08020248   0x00000110   Data   RO         3771    .constdata          adc_bsp_lib.lib(VAdcBsp.o)
    0x08020358   0x00000008   Data   RO         3772    .constdata          adc_bsp_lib.lib(VAdcBsp.o)
    0x08020360   0x000001e0   Data   RO         3773    .constdata          adc_bsp_lib.lib(VAdcBsp.o)
    0x08020540   0x000000c0   Data   RO         3774    .constdata          adc_bsp_lib.lib(VAdcBsp.o)
    0x08020600   0x00000064   Data   RO         3775    .constdata          adc_bsp_lib.lib(VAdcBsp.o)
    0x08020664   0x0000000c   Data   RO         3778    .constdata          adc.lib(DalVAdcInfo.o)
    0x08020670   0x0000000c   Data   RO         3779    .constdata          tsens_bsp_lib.lib(BootTempCheckBsp.o)
    0x0802067c   0x00000078   Data   RO         3780    .constdata          tsens_bsp_lib.lib(TsensBootBsp.o)
    0x080206f4   0x00000020   Data   RO         3781    .constdata          tsens_bsp_lib.lib(TsensBootBsp.o)
    0x08020714   0x00000080   Data   RO         3794    .constdata          smem_config.lib(smem_8916_structs.o)
    0x08020794   0x00000c00   Data   RO         3894    .constdata          utils_tools.lib(crc.o)
    0x08021394   0x0000000c   Data   RO         4006    .constdata          DALflash.lib(flash_dal_info.o)
    0x080213a0   0x00000001   Data   RO         4714    .constdata          mini_sdcc.lib(sdcc_hc_stub.o)
    0x080213a1   0x00000003   PAD
    0x080213a4   0x0000000c   Data   RO         4867    .constdata          chipinfo.lib(DalChipInfoInfo.o)
    0x080213b0   0x0000000c   Data   RO         4886    .constdata          platforminfo.lib(PlatformInfoFwk.o)
    0x080213bc   0x00000038   Data   RO         4887    .constdata          platforminfo.lib(PlatformInfoFwk.o)
    0x080213f4   0x00000001   Data   RO         5005    .constdata          pmic_config_boot.lib(pm_config_target.o)
    0x080213f5   0x00000001   PAD
    0x080213f6   0x00000204   Data   RO         5006    .constdata          pmic_config_boot.lib(pm_config_target.o)
    0x080215fa   0x00000002   PAD
    0x080215fc   0x00000004   Data   RO         5007    .constdata          pmic_config_boot.lib(pm_config_target.o)
    0x08021600   0x00000001   Data   RO         5021    .constdata          pmic_config_boot.lib(pm_config_target.o)
    0x08021601   0x00000001   PAD
    0x08021602   0x00000228   Data   RO         5022    .constdata          pmic_config_boot.lib(pm_config_target.o)
    0x0802182a   0x00000002   PAD
    0x0802182c   0x00000004   Data   RO         5023    .constdata          pmic_config_boot.lib(pm_config_target.o)
    0x08021830   0x0000000c   Data   RO         5321    .constdata          DALtlmm.lib(DALTLMMInfo.o)
    0x0802183c   0x0000001d   Data   RO         5433    .constdata          UART.lib(Uart_sbl_os.o)
    0x08021859   0x00000003   PAD
    0x0802185c   0x00000044   Data   RO         5534    .constdata          adc.lib(DalVAdcFwk.o)
    0x080218a0   0x00000070   Data   RO         5650    .constdata          DALflash.lib(flash_dal_fwk.o)
    0x08021910   0x00000048   Data   RO         5807    .constdata          chipinfo.lib(DalChipInfoFwk.o)
    0x08021958   0x0000003c   Data   RO         5878    .constdata          DALtlmm.lib(DALTLMMFwk.o)
    0x08021994   0x00000174   Data   RO         6144    .constdata          chipinfo.lib(DalChipInfoLocal.o)
    0x08021b08   0x00000028   Data   RO         6532    .constdata          c_2.l(_printf_hex_int_ll_ptr.o)
    0x08021b30   0x00000011   Data   RO         6552    .constdata          c_2.l(__printf_flags_ss_wp.o)
    0x08021b41   0x00000003   PAD
    0x08021b44   0x00000008   Data   RO         6632    .constdata          c_2.l(_printf_wctomb.o)
    0x08021b4c   0x00000094   Data   RO         6748    .constdata          c_2.l(bigflt0.o)
    0x08021be0   0x000000d6   Data   RO          300    .conststring        boot_target_hw.lib(boot_pbl_v1.o)
    0x08021cb6   0x000000d0   Data   RO         2055    .conststring        DALConfig.lib(DALConfig_boot.o)
    0x08021d86   0x00000013   Data   RO         3736    .conststring        UART.lib(Uart.o)
    0x08021d99   0x00000057   Data   RO         3776    .conststring        adc_bsp_lib.lib(VAdcBsp.o)
    0x08021df0   0x00000014   Data   RO         3777    .conststring        adc_bsp_lib.lib(VAdcBsp.o)
    0x08021e04   0x000000f8   Data   RO         6145    .conststring        chipinfo.lib(DalChipInfoLocal.o)
    0x08021efc   0x00000110   Data   RO         6661    locale$$data        c_2.l(lc_ctype_c.o)
    0x0802200c   0x00000010   Data   RO         6695    locale$$data        c_2.l(null_locale.o)
    0x0802201c   0x0000001c   Data   RO         6772    locale$$data        c_2.l(lc_numeric_c.o)



  Load Region CODE_STACKS (Base: 0x08046000, Size: 0x00000000, Max: 0x00006000, ABSOLUTE)

    Execution Region SBL1_SVC_STACK (Base: 0x08046000, Size: 0x00002000, Max: 0x00002000, ABSOLUTE, UNINIT)

    Base Addr    Size         Type   Attr      Idx    E Section Name        Object

    0x08046000   0x00002000   Zero   RW            1    SBL1_SVC_STACK.bss  anon$$obj.o


    Execution Region SBL1_UND_STACK (Base: 0x08048000, Size: 0x00002000, Max: 0x00002000, ABSOLUTE, UNINIT)

    Base Addr    Size         Type   Attr      Idx    E Section Name        Object

    0x08048000   0x00002000   Zero   RW            2    SBL1_UND_STACK.bss  anon$$obj.o


    Execution Region SBL1_ABT_STACK (Base: 0x0804a000, Size: 0x00002000, Max: 0x00002000, ABSOLUTE, UNINIT)

    Base Addr    Size         Type   Attr      Idx    E Section Name        Object

    0x0804a000   0x00002000   Zero   RW            3    SBL1_ABT_STACK.bss  anon$$obj.o



  Load Region CODE_RAM (Base: 0x0804c000, Size: 0x00004728, Max: 0x00035000, ABSOLUTE)

    Execution Region SBL1_DATA_RW (Base: 0x0804c000, Size: 0x00004728, Max: 0xffffffff, ABSOLUTE)

    Base Addr    Size         Type   Attr      Idx    E Section Name        Object

    0x0804c000   0x00000084   Data   RW           32    .data               sbl1_mc.o
    0x0804c084   0x00000004   Data   RW           33    .data               sbl1_mc.o
    0x0804c088   0x00000004   Data   RW           68    .data               sbl1_target.o
    0x0804c08c   0x000000f0   Data   RW          113    .data               boot_rollback_img_set.o
    0x0804c17c   0x00000004   Data   RW          114    .data               boot_rollback_img_set.o
    0x0804c180   0x00000008   Data   RW          268    .data               boot_mmu.lib(boot_page_table.o)
    0x0804c188   0x00000024   Data   RW          301    .data               boot_target_hw.lib(boot_pbl_v1.o)
    0x0804c1ac   0x00000014   Data   RW          324    .data               boot_error_dload.lib(boot_error_handler.o)
    0x0804c1c0   0x0000000c   Data   RW          502    .data               boot_error_dload.lib(boot_hash.o)
    0x0804c1cc   0x00000004   Data   RW          529    .data               boot_logger.lib(boot_logger.o)
    0x0804c1d0   0x00000004   Data   RW          836    .data               boot_mem_manage.lib(boot_ram_init.o)
    0x0804c1d4   0x0000000c   Data   RW          887    .data               boot_security.lib(boot_rollback_version.o)
    0x0804c1e0   0x00000092   Data   RW         1042    .data               boot_logger.lib(boot_logger_ram.o)
    0x0804c272   0x00000002   PAD
    0x0804c274   0x0000009b   Data   RW         1064    .data               boot_logger.lib(boot_logger_uart.o)
    0x0804c30f   0x00000001   PAD
    0x0804c310   0x00000004   Data   RW         1203    .data               Spmi.lib(SpmiCfg.o)
    0x0804c314   0x00000004   Data   RW         1312    .data               DALFwk.lib(DALModEnv.o)
    0x0804c318   0x00000008   Data   RW         1313    .data               DALFwk.lib(DALModEnv.o)
    0x0804c320   0x00000020   Data   RW         1364    .data               DALFwk.lib(DALHeap.o)
    0x0804c340   0x00000004   Data   RW         1567    .data               deviceprogrammer.lib(deviceprogrammer_initialize.o)
    0x0804c344   0x0000000c   Data   RW         1573    .data               busywait_lib.lib(busywait_hw_qtimer.o)
    0x0804c350   0x00000008   Data   RW         1601    .data               Clock_msm8909_SBL.lib(ClockSBL.o)
    0x0804c358   0x00000004   Data   RW         1626    .data               Clock_msm8909_SBL.lib(ClockSBLCPU.o)
    0x0804c35c   0x00000114   Data   RW         1681    .data               pmic_drivers_pon.lib(pm_pon.o)
    0x0804c470   0x0000003e   Data   RW         1737    .data               qhsusb_bulk_chg.lib(qhsusb_al_bulk.o)
    0x0804c4ae   0x00000002   PAD
    0x0804c4b0   0x00000010   Data   RW         2035    .data               Spmi.lib(SpmiOsImage.o)
    0x0804c4c0   0x00000004   Data   RW         2049    .data               Spmi.lib(SpmiHal.o)
    0x0804c4c4   0x0000015c   Data   RW         2056    .data               DALConfig.lib(DALConfig_boot.o)
    0x0804c620   0x0000001c   Data   RW         2058    .data               DALConfig.lib(DALModDir_boot.o)
    0x0804c63c   0x00000008   Data   RW         2059    .data               DALConfig.lib(DALModDir_boot.o)
    0x0804c644   0x00000028   Data   RW         2166    .data               smem_boot.lib(smem.o)
    0x0804c66c   0x00000004   Data   RW         2199    .data               smem_boot.lib(smem_boot.o)
    0x0804c670   0x00000008   Data   RW         2228    .data               CeML.lib(CeML.o)
    0x0804c678   0x00000004   Data   RW         2330    .data               secboot_auth.lib(secboot_hw.o)
    0x0804c67c   0x00000008   Data   RW         3038    .data               mini_sdcc.lib(sdcc_mini_api.o)
    0x0804c684   0x00000004   PAD
    0x0804c688   0x00000544   Data   RW         3210    .data               Clock_msm8909_SBL.lib(ClockSBLConfig.o)
    0x0804cbcc   0x00000004   Data   RW         3220    .data               Clock_msm8909_SBL.lib(ClockTLMMSpare.o)
    0x0804cbd0   0x00000008   Data   RW         3337    .data               pm_pbs_driver.lib(pm_pbs_info.o)
    0x0804cbd8   0x00000001   Data   RW         3363    .data               pmic_framework.lib(pm_version.o)
    0x0804cbd9   0x00000003   PAD
    0x0804cbdc   0x0000025c   Data   RW         3417    .data               qhsusb_bulk_chg.lib(qhsusb_fd_hdlc.o)
    0x0804ce38   0x00000030   Data   RW         3418    .data               qhsusb_bulk_chg.lib(qhsusb_fd_hdlc.o)
    0x0804ce68   0x00000010   Data   RW         3458    .data               qhsusb_bulk_chg.lib(qhsusb_dcd_ch9.o)
    0x0804ce78   0x00000028   Data   RW         3515    .data               qhsusb_bulk_chg.lib(qhsusb_dci.o)
    0x0804cea0   0x00000003   Data   RW         3579    .data               qhsusb_bulk_chg.lib(qhsusb_dci_8909.o)
    0x0804cea3   0x00000001   PAD
    0x0804cea4   0x00000008   Data   RW         3626    .data               qhsusb_bulk_chg.lib(qhsusb_log.o)
    0x0804ceac   0x00000030   Data   RW         3652    .data               I2cDriver.lib(I2cDriverDalInfo.o)
    0x0804cedc   0x00000280   Data   RW         3704    .data               icb_cfg_lib.lib(icbcfg_data.o)
    0x0804d15c   0x00000008   Data   RW         3705    .data               icb_cfg_lib.lib(icbcfg_data.o)
    0x0804d164   0x00000004   PAD
    0x0804d168   0x00000010   Data   RW         3707    .data               icb_cfg_lib.lib(icbcfg_data.o)
    0x0804d178   0x00000004   Data   RW         3708    .data               icb_cfg_lib.lib(icbcfg_data.o)
    0x0804d17c   0x00000020   Data   RW         3709    .data               icb_cfg_lib.lib(icbcfg_data.o)
    0x0804d19c   0x00000004   PAD
    0x0804d1a0   0x00000020   Data   RW         3710    .data               icb_cfg_lib.lib(icbcfg_data.o)
    0x0804d1c0   0x00000028   Data   RW         3711    .data               icb_cfg_lib.lib(icbcfg_data.o)
    0x0804d1e8   0x00000008   Data   RW         3712    .data               icb_cfg_lib.lib(icbcfg_data.o)
    0x0804d1f0   0x0000000c   Data   RW         3717    .data               Spmi.lib(SpmiOs.o)
    0x0804d1fc   0x0000003c   Data   RW         3737    .data               UART.lib(Uart.o)
    0x0804d238   0x00000010   Data   RW         3757    .data               DALFwk.lib(DALGlbCtxt.o)
    0x0804d248   0x00000010   Data   RW         4007    .data               DALflash.lib(flash_dal_info.o)
    0x0804d258   0x00000004   Data   RW         4675    .data               mini_sdcc.lib(sdcc_handle_util.o)
    0x0804d25c   0x00000018   Data   RW         4694    .data               mini_sdcc.lib(sdcc_bsp_boot.o)
    0x0804d274   0x00000024   Data   RW         4749    .data               HALsdcc.lib(HALsdcc_8916.o)
    0x0804d298   0x00000004   Data   RW         4868    .data               chipinfo.lib(DalChipInfoInfo.o)
    0x0804d29c   0x00000004   Data   RW         4888    .data               platforminfo.lib(PlatformInfoFwk.o)
    0x0804d2a0   0x0000008c   Data   RW         4889    .data               platforminfo.lib(PlatformInfoFwk.o)
    0x0804d32c   0x00000002   Data   RW         4956    .data               pmic_config_boot.lib(pm_config_common.o)
    0x0804d32e   0x00000002   PAD
    0x0804d330   0x00000004   Data   RW         4957    .data               pmic_config_boot.lib(pm_config_common.o)
    0x0804d334   0x00000018   Data   RW         4958    .data               pmic_config_boot.lib(pm_config_common.o)
    0x0804d34c   0x00000004   Data   RW         4959    .data               pmic_config_boot.lib(pm_config_common.o)
    0x0804d350   0x00000018   Data   RW         4960    .data               pmic_config_boot.lib(pm_config_common.o)
    0x0804d368   0x00000004   Data   RW         4961    .data               pmic_config_boot.lib(pm_config_common.o)
    0x0804d36c   0x00000018   Data   RW         4962    .data               pmic_config_boot.lib(pm_config_common.o)
    0x0804d384   0x00000004   Data   RW         4963    .data               pmic_config_boot.lib(pm_config_common.o)
    0x0804d388   0x00000024   Data   RW         4964    .data               pmic_config_boot.lib(pm_config_common.o)
    0x0804d3ac   0x00000004   Data   RW         4965    .data               pmic_config_boot.lib(pm_config_common.o)
    0x0804d3b0   0x00000024   Data   RW         4966    .data               pmic_config_boot.lib(pm_config_common.o)
    0x0804d3d4   0x00000004   Data   RW         4967    .data               pmic_config_boot.lib(pm_config_common.o)
    0x0804d3d8   0x0000003c   Data   RW         4968    .data               pmic_config_boot.lib(pm_config_common.o)
    0x0804d414   0x00000004   Data   RW         4969    .data               pmic_config_boot.lib(pm_config_common.o)
    0x0804d418   0x00000018   Data   RW         4970    .data               pmic_config_boot.lib(pm_config_common.o)
    0x0804d430   0x00000004   Data   RW         4971    .data               pmic_config_boot.lib(pm_config_common.o)
    0x0804d434   0x00000024   Data   RW         4972    .data               pmic_config_boot.lib(pm_config_common.o)
    0x0804d458   0x00000004   Data   RW         4973    .data               pmic_config_boot.lib(pm_config_common.o)
    0x0804d45c   0x00000018   Data   RW         4974    .data               pmic_config_boot.lib(pm_config_common.o)
    0x0804d474   0x00000004   Data   RW         4975    .data               pmic_config_boot.lib(pm_config_common.o)
    0x0804d478   0x0000000c   Data   RW         4976    .data               pmic_config_boot.lib(pm_config_common.o)
    0x0804d484   0x00000004   Data   RW         4977    .data               pmic_config_boot.lib(pm_config_common.o)
    0x0804d488   0x0000000c   Data   RW         4978    .data               pmic_config_boot.lib(pm_config_common.o)
    0x0804d494   0x00000004   Data   RW         4979    .data               pmic_config_boot.lib(pm_config_common.o)
    0x0804d498   0x0000000c   Data   RW         4980    .data               pmic_config_boot.lib(pm_config_common.o)
    0x0804d4a4   0x0000000a   Data   RW         4981    .data               pmic_config_boot.lib(pm_config_common.o)
    0x0804d4ae   0x00000024   Data   RW         4982    .data               pmic_config_boot.lib(pm_config_common.o)
    0x0804d4d2   0x00000024   Data   RW         4983    .data               pmic_config_boot.lib(pm_config_common.o)
    0x0804d4f6   0x00000024   Data   RW         4984    .data               pmic_config_boot.lib(pm_config_common.o)
    0x0804d51a   0x0000001c   Data   RW         4986    .data               pmic_config_boot.lib(pm_config_common.o)
    0x0804d536   0x00000054   Data   RW         4987    .data               pmic_config_boot.lib(pm_config_common.o)
    0x0804d58a   0x00000052   Data   RW         4988    .data               pmic_config_boot.lib(pm_config_common.o)
    0x0804d5dc   0x00000008   Data   RW         4989    .data               pmic_config_boot.lib(pm_config_common.o)
    0x0804d5e4   0x00000050   Data   RW         4990    .data               pmic_config_boot.lib(pm_config_common.o)
    0x0804d634   0x0000003c   Data   RW         4991    .data               pmic_config_boot.lib(pm_config_common.o)
    0x0804d670   0x00000004   Data   RW         4992    .data               pmic_config_boot.lib(pm_config_common.o)
    0x0804d674   0x00000004   Data   RW         4993    .data               pmic_config_boot.lib(pm_config_common.o)
    0x0804d678   0x0000000e   Data   RW         4994    .data               pmic_config_boot.lib(pm_config_common.o)
    0x0804d686   0x00000028   Data   RW         4995    .data               pmic_config_boot.lib(pm_config_common.o)
    0x0804d6ae   0x0000002c   Data   RW         4996    .data               pmic_config_boot.lib(pm_config_common.o)
    0x0804d6da   0x0000000a   Data   RW         4997    .data               pmic_config_boot.lib(pm_config_common.o)
    0x0804d6e4   0x0000002c   Data   RW         4998    .data               pmic_config_boot.lib(pm_config_common.o)
    0x0804d710   0x0000000a   Data   RW         4999    .data               pmic_config_boot.lib(pm_config_common.o)
    0x0804d71a   0x0000002a   Data   RW         5000    .data               pmic_config_boot.lib(pm_config_common.o)
    0x0804d744   0x0000002c   Data   RW         5001    .data               pmic_config_boot.lib(pm_config_common.o)
    0x0804d770   0x0000001a   Data   RW         5002    .data               pmic_config_boot.lib(pm_config_common.o)
    0x0804d78a   0x0000000a   Data   RW         5003    .data               pmic_config_boot.lib(pm_config_common.o)
    0x0804d794   0x0000000c   Data   RW         5008    .data               pmic_config_boot.lib(pm_config_target.o)
    0x0804d7a0   0x00000018   Data   RW         5009    .data               pmic_config_boot.lib(pm_config_target.o)
    0x0804d7b8   0x0000000c   Data   RW         5010    .data               pmic_config_boot.lib(pm_config_target.o)
    0x0804d7c4   0x00000002   Data   RW         5011    .data               pmic_config_boot.lib(pm_config_target.o)
    0x0804d7c6   0x00000002   PAD
    0x0804d7c8   0x00000014   Data   RW         5012    .data               pmic_config_boot.lib(pm_config_target.o)
    0x0804d7dc   0x00000004   Data   RW         5013    .data               pmic_config_boot.lib(pm_config_target.o)
    0x0804d7e0   0x00000004   Data   RW         5014    .data               pmic_config_boot.lib(pm_config_target.o)
    0x0804d7e4   0x00000032   Data   RW         5015    .data               pmic_config_boot.lib(pm_config_target.o)
    0x0804d816   0x00000016   Data   RW         5016    .data               pmic_config_boot.lib(pm_config_target.o)
    0x0804d82c   0x00000004   Data   RW         5017    .data               pmic_config_boot.lib(pm_config_target.o)
    0x0804d830   0x00000aec   Data   RW         5018    .data               pmic_config_boot.lib(pm_config_target_sbl_sequence.o)
    0x0804e31c   0x00000400   Data   RW         5019    .data               pmic_config_boot.lib(pm_config_target_pbs_ram.o)
    0x0804e71c   0x00000008   Data   RW         5024    .data               pmic_config_boot.lib(pm_config_target.o)
    0x0804e724   0x00000018   Data   RW         5025    .data               pmic_config_boot.lib(pm_config_target.o)
    0x0804e73c   0x0000000c   Data   RW         5026    .data               pmic_config_boot.lib(pm_config_target.o)
    0x0804e748   0x00000002   Data   RW         5027    .data               pmic_config_boot.lib(pm_config_target.o)
    0x0804e74a   0x00000002   PAD
    0x0804e74c   0x00000014   Data   RW         5028    .data               pmic_config_boot.lib(pm_config_target.o)
    0x0804e760   0x00000004   Data   RW         5029    .data               pmic_config_boot.lib(pm_config_target.o)
    0x0804e764   0x00000004   Data   RW         5030    .data               pmic_config_boot.lib(pm_config_target.o)
    0x0804e768   0x00000032   Data   RW         5031    .data               pmic_config_boot.lib(pm_config_target.o)
    0x0804e79a   0x00000016   Data   RW         5032    .data               pmic_config_boot.lib(pm_config_target.o)
    0x0804e7b0   0x00000004   Data   RW         5033    .data               pmic_config_boot.lib(pm_config_target.o)
    0x0804e7b4   0x00000c54   Data   RW         5034    .data               pmic_config_boot.lib(pm_config_target_sbl_sequence.o)
    0x0804f408   0x00000400   Data   RW         5035    .data               pmic_config_boot.lib(pm_config_target_pbs_ram.o)
    0x0804f808   0x00000008   Data   RW         5322    .data               DALtlmm.lib(DALTLMMInfo.o)
    0x0804f810   0x00000208   Data   RW         5499    .data               UART.lib(Uart_log.o)
    0x0804fa18   0x000001d8   Data   RW         5535    .data               adc.lib(DalVAdcFwk.o)
    0x0804fbf0   0x00000005   Data   RW         5574    .data               CeEL.lib(CeEL_Env.o)
    0x0804fbf5   0x00000003   PAD
    0x0804fbf8   0x000001c0   Data   RW         5651    .data               DALflash.lib(flash_dal_fwk.o)
    0x0804fdb8   0x000000ac   Data   RW         5808    .data               chipinfo.lib(DalChipInfoFwk.o)
    0x0804fe64   0x0000000c   Data   RW         5838    .data               platforminfo.lib(PlatformInfo.o)
    0x0804fe70   0x000000a0   Data   RW         5879    .data               DALtlmm.lib(DALTLMMFwk.o)
    0x0804ff10   0x000001e8   Data   RW         6146    .data               chipinfo.lib(DalChipInfoLocal.o)
    0x080500f8   0x0000001c   Data   RW         6177    .data               DALtlmm.lib(DALTLMM.o)
    0x08050114   0x00000018   Data   RW         6253    .data               DALflash.lib(flash_properties.o)
    0x0805012c   0x00000008   Data   RW         6336    .data               DALtlmm.lib(DALTLMMState.o)
    0x08050134   0x00000008   Data   RW         6349    .data               HALtlmmV2.lib(HALtlmm.o)
    0x0805013c   0x00000054   Data   RW         6381    .data               DALflash_i2c_nor.lib(flash_nor_entry_reduced.o)
    0x08050190   0x00000498   Data   RW         6406    .data               DALflash_i2c_nor.lib(flash_nor_i2c_config.o)
    0x08050628   0x00000048   Data   RW         6407    .data               DALflash_i2c_nor.lib(flash_nor_i2c_config.o)
    0x08050670   0x00000060   Data   RW         6424    .data               extdrv_i2c_v2.lib(flash_extdrv_i2c_v2.o)
    0x080506d0   0x00000054   Data   RW         6483    .data               DALflash_i2c_nor.lib(flash_nor_i2c_core.o)
    0x08050724   0x00000004   Data   RW          326    ERR_DATA_PTR        boot_error_dload.lib(boot_error_handler.o)


    Execution Region SBL1_DATA_ZI (Base: 0x08050728, Size: 0x00006958, Max: 0xffffffff, ABSOLUTE)

    Base Addr    Size         Type   Attr      Idx    E Section Name        Object

    0x08050728   0x000002c8   Zero   RW           28    .bss                sbl1_mc.o
    0x080509f0   0x00000054   Zero   RW          299    .bss                boot_target_hw.lib(boot_pbl_v1.o)
    0x08050a44   0x00000100   Zero   RW          323    .bss                boot_error_dload.lib(boot_error_handler.o)
    0x08050b44   0x00000104   Zero   RW          747    .bss                boot_flash_common.lib(boot_clobber_prot.o)
    0x08050c48   0x00000018   PAD
    0x08050c60   0x000000b8   Zero   RW          868    .bss                boot_security.lib(boot_authenticator.o)
    0x08050d18   0x00000009   Zero   RW         1041    .bss                boot_logger.lib(boot_logger_ram.o)
    0x08050d21   0x00000209   Zero   RW         1063    .bss                boot_logger.lib(boot_logger_uart.o)
    0x08050f2a   0x00000006   PAD
    0x08050f30   0x000002b8   Zero   RW         1234    .bss                Spmi.lib(SpmiBus.o)
    0x080511e8   0x00000020   Zero   RW         1310    .bss                DALFwk.lib(DALModEnv.o)
    0x08051208   0x0000000c   Zero   RW         1572    .bss                busywait_lib.lib(busywait_hw_qtimer.o)
    0x08051214   0x00000488   Zero   RW         1994    .bss                Spmi.lib(PmicArb.o)
    0x0805169c   0x00000080   Zero   RW         2046    .bss                Spmi.lib(SpmiOsLogs.o)
    0x0805171c   0x00000018   Zero   RW         2164    .bss                smem_boot.lib(smem.o)
    0x08051734   0x00000004   PAD
    0x08051738   0x00003600   Zero   RW         3118    .bss                deviceprogrammer.lib(deviceprogrammer_firehose.o)
    0x08054d38   0x00000008   PAD
    0x08054d40   0x00000090   Zero   RW         3181    .bss                deviceprogrammer.lib(deviceprogrammer_security.o)
    0x08054dd0   0x00000150   Zero   RW         3336    .bss                pm_pbs_driver.lib(pm_pbs_info.o)
    0x08054f20   0x0000008c   Zero   RW         3362    .bss                pmic_framework.lib(pm_version.o)
    0x08054fac   0x00000234   Zero   RW         4607    .bss                mini_sdcc.lib(sdcc_util.o)
    0x080551e0   0x00000200   Zero   RW         4653    .bss                mini_sdcc.lib(sdcc_mmc_util.o)
    0x080553e0   0x00000180   Zero   RW         4674    .bss                mini_sdcc.lib(sdcc_handle_util.o)
    0x08055560   0x0000001c   Zero   RW         4885    .bss                platforminfo.lib(PlatformInfoFwk.o)
    0x0805557c   0x00000010   Zero   RW         5004    .bss                pmic_config_boot.lib(pm_config_target.o)
    0x0805558c   0x00000010   Zero   RW         5020    .bss                pmic_config_boot.lib(pm_config_target.o)
    0x0805559c   0x0000001c   Zero   RW         5173    .bss                pmic_drivers_mpp.lib(pm_mpp_driver.o)
    0x080555b8   0x00000040   Zero   RW         5771    .bss                mini_sdcc.lib(sdcc_sd_util.o)
    0x080555f8   0x0000001c   Zero   RW         5806    .bss                chipinfo.lib(DalChipInfoFwk.o)
    0x08055614   0x0000001c   Zero   RW         5877    .bss                DALtlmm.lib(DALTLMMFwk.o)
    0x08055630   0x000001c4   Zero   RW         6176    .bss                DALtlmm.lib(DALTLMM.o)
    0x080557f4   0x0000000c   Zero   RW         6335    .bss                DALtlmm.lib(DALTLMMState.o)
    0x08055800   0x0000000c   Zero   RW         6449    .bss                DALflash_i2c_nor.lib(flash_nor_i2c_init.o)
    0x0805580c   0x0000002a   Zero   RW         6564    .bss                c_2.l(locale.o)
    0x08055836   0x00000002   PAD
    0x08055838   0x00000014   Zero   RW         6611    .bss                c_2.l(rt_locale.o)
    0x0805584c   0x00000004   Zero   RW         6681    .bss                c_2.l(rt_errno_addr.o)
    0x08055850   0x00001800   Zero   RW           36    BOOT_INTERNAL_HEAP  sbl1_mc.o
    0x08057050   0x00000004   Zero   RW          277    CACHE_MMU_ZI        boot_mmu.lib(boot_armv7_mmu.o)
    0x08057054   0x0000002c   Zero   RW          325    ERR_DATA            boot_error_dload.lib(boot_error_handler.o)


    Execution Region SBL1_LOG_META_INFO_SECTION (Base: 0x08057080, Size: 0x00000040, Max: 0x00000040, ABSOLUTE, UNINIT)

    Base Addr    Size         Type   Attr      Idx    E Section Name        Object

    0x08057080   0x00000000   Data   RW         6857    linker$$defined$$symbols  anon$$obj.o
    0x08057080   0x00000040   Zero   RW            4    SBL1_LOG_META_INFO_SECTION.bss  anon$$obj.o


    Execution Region SBL1_LOG_BUF_SECTION (Base: 0x080570c0, Size: 0x00000800, Max: 0x00000800, ABSOLUTE, UNINIT)

    Base Addr    Size         Type   Attr      Idx    E Section Name        Object

    0x080570c0   0x00000000   Data   RW         6858    linker$$defined$$symbols  anon$$obj.o
    0x080570c0   0x00000800   Zero   RW            5    SBL1_LOG_BUF_SECTION.bss  anon$$obj.o



  Load Region DEVICEPROGRAMMER_BUFFERS (Base: 0x00205000, Size: 0x00000000, Max: 0x00300000, ABSOLUTE)

    Execution Region DEVPRO_BUFF (Base: 0x00205000, Size: 0x00009000, Max: 0xffffffff, ABSOLUTE)

    Base Addr    Size         Type   Attr      Idx    E Section Name        Object

    0x00205000   0x00009000   Zero   RW         3119    .bss.CHANNEL_BUFFER_SECTION  deviceprogrammer.lib(deviceprogrammer_firehose.o)



  Load Region BOOT_DDR (Base: 0x87c00000, Size: 0x00000000, Max: 0x000e0000, ABSOLUTE)

    Execution Region SBL1_DEVPRO_USB_ZI_DUMMY (Base: 0x0020e000, Size: 0x00000000, Max: 0xffffffff, ABSOLUTE)

    **** No section assigned to this execution region ****


    Execution Region SBL1_DEVICEPROGRAMMER_USB_ZI (Base: 0x0020e000, Size: 0x0000358c, Max: 0xffffffff, ABSOLUTE)

    Base Addr    Size         Type   Attr      Idx    E Section Name        Object

    0x0020e000   0x00000000   Data   RW         6861    linker$$defined$$symbols  anon$$obj.o
    0x0020e000   0x00000200   Zero   RW         1736    .bss                qhsusb_bulk_chg.lib(qhsusb_al_bulk.o)
    0x0020e200   0x00000534   Zero   RW         3412    .bss                qhsusb_bulk_chg.lib(qhsusb_fd_hdlc.o)
    0x0020e734   0x0000004a   Zero   RW         3457    .bss                qhsusb_bulk_chg.lib(qhsusb_dcd_ch9.o)
    0x0020e77e   0x00000082   PAD
    0x0020e800   0x00002180   Zero   RW         3514    .bss                qhsusb_bulk_chg.lib(qhsusb_dci.o)
    0x00210980   0x0000000c   Zero   RW         3577    .bss                qhsusb_bulk_chg.lib(qhsusb_dci_8909.o)
    0x0021098c   0x00000c00   Zero   RW         3625    .bss                qhsusb_bulk_chg.lib(qhsusb_log.o)


    Execution Region SBL1_DDR_ZI (Base: 0x87c00000, Size: 0x00000288, Max: 0x00068000, ABSOLUTE)

    Base Addr    Size         Type   Attr      Idx    E Section Name        Object

    0x87c00000   0x00000000   Data   RW         6859    linker$$defined$$symbols  anon$$obj.o
    0x87c00000   0x0000002c   Zero   RW         2227    .bss                CeML.lib(CeML.o)
    0x87c0002c   0x000001a0   Zero   RW         5573    .bss                CeEL.lib(CeEL_Env.o)
    0x87c001cc   0x000000bc   Zero   RW           34    BOOT_CRASH_DUMP_ZONE  sbl1_mc.o


    Execution Region SBL1_DDR_PAGE_TABLE (Base: 0x87c68000, Size: 0x00000000, Max: 0x00008000, ABSOLUTE)

    **** No section assigned to this execution region ****


    Execution Region SBL1_DLOAD_ZI (Base: 0x87c70000, Size: 0x00000000, Max: 0xffffffff, ABSOLUTE)

    Base Addr    Size         Type   Attr      Idx    E Section Name        Object

    0x87c70000   0x00000000   Data   RO         6860    linker$$defined$$symbols  anon$$obj.o


    Execution Region SBL1_DDR_LOG_META_INFO_SECTION (Base: 0x87cdf600, Size: 0x00000040, Max: 0x00000040, ABSOLUTE, UNINIT)

    Base Addr    Size         Type   Attr      Idx    E Section Name        Object

    0x87cdf600   0x00000040   Zero   RW            6    SBL1_DDR_LOG_META_INFO_SECTION.bss  anon$$obj.o


    Execution Region SBL1_DDR_LOG_BUF_SECTION (Base: 0x87cdf640, Size: 0x000009c0, Max: 0x000009c0, ABSOLUTE, UNINIT)

    Base Addr    Size         Type   Attr      Idx    E Section Name        Object

    0x87cdf640   0x000009c0   Zero   RW            7    SBL1_DDR_LOG_BUF_SECTION.bss  anon$$obj.o



  Load Region BOOT_SYSTEM_DEBUG (Base: 0x00220000, Size: 0x00001924, Max: 0x00003000, ABSOLUTE)

    Execution Region SYSTEM_DEBUG_CO_RO (Base: 0x00220000, Size: 0x000002b8, Max: 0x00003000, ABSOLUTE)

    Base Addr    Size         Type   Attr      Idx    E Section Name        Object

    0x00220000   0x00000178   Code   RO          116    SYSTEM_DEBUG_ENTRY  sys_debug.o
    0x00220178   0x00000026   Code   RO          118    i.Boot_ToggleClock  sys_debug_mc.o
    0x0022019e   0x00000002   PAD
    0x002201a0   0x000000ac   Code   RO          120    i.sys_debug_enable_clocks  sys_debug_mc.o
    0x0022024c   0x0000006c   Code   RO          123    i.sys_debug_main_ctl  sys_debug_mc.o


    Execution Region BOOT_A53 (Base: 0x002202b8, Size: 0x000000d0, Max: 0xffffffff, ABSOLUTE)

    Base Addr    Size         Type   Attr      Idx    E Section Name        Object

    0x002202b8   0x00000048   Code   RO         1036    BOOT_A53_ASM        boot_target_hw.lib(boot_a53_asm.o)
    0x00220300   0x00000008   Ven    RO         6872    Veneer$$Code        anon$$obj.o
    0x00220308   0x00000008   Ven    RO         6873    Veneer$$Code        anon$$obj.o
    0x00220310   0x00000030   Code   RO          281    i.boot_hw_reset     boot_target_hw.lib(boot_a53.o)
    0x00220340   0x00000048   Code   RO          283    i.boot_switch_to_aarch64  boot_target_hw.lib(boot_a53.o)


    Execution Region BOOT_SEGMENT2_DDRFW (Base: 0x00220388, Size: 0x0000159c, Max: 0xffffffff, ABSOLUTE)

    Base Addr    Size         Type   Attr      Idx    E Section Name        Object

    0x00220388   0x0000000a   Ven    RO         6874    Veneer$$Code        anon$$obj.o
    0x00220392   0x00000002   PAD
    0x00220394   0x0000007c   Code   RO         3636    i.HAL_SDRAM_AHB2PHY_Broadcast_Enable  DDR_HAL.lib(AHB2PHY.o)
    0x00220410   0x000000a4   Code   RO         1783    i.HAL_SDRAM_BIMC_Rank_Detection  DDR_HAL.lib(BIMC_v1.o)
    0x002204b4   0x0000006c   Code   RO         1784    i.HAL_SDRAM_BIMC_Update_Clock_Period  DDR_HAL.lib(BIMC_v1.o)
    0x00220520   0x00000014   Code   RO         1785    i.HAL_SDRAM_DDR_Wait  DDR_HAL.lib(BIMC_v1.o)
    0x00220534   0x000000c0   Code   RO         1810    i.HAL_SDRAM_DPE_Force_Update_Latency  DDR_HAL.lib(BIMC_DPE_v1.o)
    0x002205f4   0x0000008c   Code   RO         1811    i.HAL_SDRAM_DPE_Init  DDR_HAL.lib(BIMC_DPE_v1.o)
    0x00220680   0x00000154   Code   RO         1814    i.HAL_SDRAM_DPE_Update_AC_Parameters  DDR_HAL.lib(BIMC_DPE_v1.o)
    0x002207d4   0x0000003a   Code   RO         1789    i.HAL_SDRAM_Exit_Self_Refresh  DDR_HAL.lib(BIMC_v1.o)
    0x0022080e   0x00000072   Code   RO         1790    i.HAL_SDRAM_Get_Base_Addr  DDR_HAL.lib(BIMC_v1.o)
    0x00220880   0x0000017c   Code   RO         1791    i.HAL_SDRAM_Init    DDR_HAL.lib(BIMC_v1.o)
    0x002209fc   0x00000078   Code   RO         1855    i.HAL_SDRAM_PHY_Disable_CDC_Cal  DDR_HAL.lib(DDR_PHY.o)
    0x00220a74   0x0000002a   Code   RO         1856    i.HAL_SDRAM_PHY_Disable_IO_Cal  DDR_HAL.lib(DDR_PHY.o)
    0x00220a9e   0x00000002   PAD
    0x00220aa0   0x0000004c   Code   RO         1858    i.HAL_SDRAM_PHY_Enable_CDC_Cal  DDR_HAL.lib(DDR_PHY.o)
    0x00220aec   0x00000020   Code   RO         1859    i.HAL_SDRAM_PHY_Enable_IO_Cal  DDR_HAL.lib(DDR_PHY.o)
    0x00220b0c   0x00000164   Code   RO         1861    i.HAL_SDRAM_PHY_Init  DDR_HAL.lib(DDR_PHY.o)
    0x00220c70   0x000000bc   Code   RO         1862    i.HAL_SDRAM_PHY_Manual_CDC_Cal  DDR_HAL.lib(DDR_PHY.o)
    0x00220d2c   0x00000066   Code   RO         1863    i.HAL_SDRAM_PHY_Manual_IO_Cal  DDR_HAL.lib(DDR_PHY.o)
    0x00220d92   0x00000002   PAD
    0x00220d94   0x00000048   Code   RO         1864    i.HAL_SDRAM_PHY_Update_CDC_Config  DDR_HAL.lib(DDR_PHY.o)
    0x00220ddc   0x00000090   Code   RO         1792    i.HAL_SDRAM_RL      DDR_HAL.lib(BIMC_v1.o)
    0x00220e6c   0x0000015c   Code   RO         1793    i.HAL_SDRAM_Ram_Size_Detection  DDR_HAL.lib(BIMC_v1.o)
    0x00220fc8   0x00000058   Code   RO         1823    i.HAL_SDRAM_Read_MR  DDR_HAL.lib(BIMC_SHKE_v1.o)
    0x00221020   0x00000200   Code   RO         3629    i.HAL_SDRAM_SCMO_Init  DDR_HAL.lib(BIMC_SCMO_v1.o)
    0x00221220   0x00000030   Code   RO         3631    i.HAL_SDRAM_SCMO_Rank_Enable  DDR_HAL.lib(BIMC_SCMO_v1.o)
    0x00221250   0x00000218   Code   RO         1826    i.HAL_SDRAM_SHKE_Device_Init  DDR_HAL.lib(BIMC_SHKE_v1.o)
    0x00221468   0x00000034   Code   RO         1827    i.HAL_SDRAM_SHKE_Disable_Auto_Refresh  DDR_HAL.lib(BIMC_SHKE_v1.o)
    0x0022149c   0x00000034   Code   RO         1828    i.HAL_SDRAM_SHKE_Disable_HW_Self_Refresh  DDR_HAL.lib(BIMC_SHKE_v1.o)
    0x002214d0   0x0000001c   Code   RO         1829    i.HAL_SDRAM_SHKE_Disable_Periodic_SRR  DDR_HAL.lib(BIMC_SHKE_v1.o)
    0x002214ec   0x0000001c   Code   RO         1830    i.HAL_SDRAM_SHKE_Disable_ZQCAL  DDR_HAL.lib(BIMC_SHKE_v1.o)
    0x00221508   0x00000034   Code   RO         1831    i.HAL_SDRAM_SHKE_Enable_Auto_Refresh  DDR_HAL.lib(BIMC_SHKE_v1.o)
    0x0022153c   0x00000034   Code   RO         1832    i.HAL_SDRAM_SHKE_Enable_HW_Self_Refresh  DDR_HAL.lib(BIMC_SHKE_v1.o)
    0x00221570   0x0000001c   Code   RO         1833    i.HAL_SDRAM_SHKE_Enable_Periodic_SRR  DDR_HAL.lib(BIMC_SHKE_v1.o)
    0x0022158c   0x0000001c   Code   RO         1834    i.HAL_SDRAM_SHKE_Enable_ZQCAL  DDR_HAL.lib(BIMC_SHKE_v1.o)
    0x002215a8   0x00000044   Code   RO         1836    i.HAL_SDRAM_SHKE_Exit_Self_Refresh  DDR_HAL.lib(BIMC_SHKE_v1.o)
    0x002215ec   0x0000005c   Code   RO         1837    i.HAL_SDRAM_SHKE_Init  DDR_HAL.lib(BIMC_SHKE_v1.o)
    0x00221648   0x00000058   Code   RO         1794    i.HAL_SDRAM_WL      DDR_HAL.lib(BIMC_v1.o)
    0x002216a0   0x00000060   Code   RO         1838    i.HAL_SDRAM_Write_MR  DDR_HAL.lib(BIMC_SHKE_v1.o)
    0x00221700   0x00000004   Code   RO          679    i.boot_ddr_restore_from_wdog_reset  boot_extern_driver_interface.lib(boot_extern_ddr_interface.o)
    0x00221704   0x00000020   Code   RO          985    i.ddr_busywait      DDR_DRIVERS.lib(ddr_target.o)
    0x00221724   0x00000020   Code   RO          986    i.ddr_busywait_init  DDR_DRIVERS.lib(ddr_target.o)
    0x00221744   0x00000010   Code   RO         1795    i.ddr_divide_func   DDR_HAL.lib(BIMC_v1.o)
    0x00221754   0x0000003c   Code   RO          959    i.ddr_get_params    DDR_DRIVERS.lib(ddr_params.o)
    0x00221790   0x0000000c   Code   RO          963    i.ddr_param_interleaved  DDR_DRIVERS.lib(ddr_params.o)
    0x0022179c   0x0000008c   Code   RO          964    i.ddr_params_detection  DDR_DRIVERS.lib(ddr_params.o)
    0x00221828   0x0000009c   Code   RO          991    i.ddr_restore_from_wdog_reset  DDR_DRIVERS.lib(ddr_target.o)
    0x002218c4   0x00000028   Code   RO          968    i.ddr_restore_param_wdog_reset  DDR_DRIVERS.lib(ddr_params.o)
    0x002218ec   0x00000036   Code   RO         1765    i.ddr_set_config    DDR_DRIVERS.lib(ddr_config.o)



  Load Region BOOT_SYSTEM_DEBUG_DATA (Base: 0x00223000, Size: 0x00000868, Max: 0x00001000, ABSOLUTE)

    Execution Region SYSTEM_DEBUG_DATA (Base: 0x00223000, Size: 0x00000868, Max: 0x00001000, ABSOLUTE)

    Base Addr    Size         Type   Attr      Idx    E Section Name        Object

    0x00223000   0x0000000c   Data   RW          946    .data               DDR_DRIVERS.lib(ddr_drivers.o)
    0x0022300c   0x00000024   Data   RW          970    .data               DDR_DRIVERS.lib(ddr_params.o)
    0x00223030   0x00000040   Data   RW          995    .data               DDR_DRIVERS.lib(ddr_target.o)
    0x00223070   0x00000310   Data   RW         1766    .data               DDR_DRIVERS.lib(ddr_config.o)
    0x00223380   0x00000058   Data   RW         1767    .data               DDR_DRIVERS.lib(ddr_config.o)
    0x002233d8   0x000000b0   Data   RW         1768    .data               DDR_DRIVERS.lib(ddr_config.o)
    0x00223488   0x000000a8   Data   RW         1769    .data               DDR_DRIVERS.lib(ddr_config.o)
    0x00223530   0x00000004   Data   RW         1774    .data               DDR_DRIVERS.lib(ddr_config.o)
    0x00223534   0x00000004   Data   RW         1775    .data               DDR_DRIVERS.lib(ddr_config.o)
    0x00223538   0x00000004   Data   RW         1776    .data               DDR_DRIVERS.lib(ddr_config.o)
    0x0022353c   0x00000004   Data   RW         1777    .data               DDR_DRIVERS.lib(ddr_config.o)
    0x00223540   0x00000004   Data   RW         1778    .data               DDR_DRIVERS.lib(ddr_config.o)
    0x00223544   0x00000004   Data   RW         1779    .data               DDR_DRIVERS.lib(ddr_config.o)
    0x00223548   0x00000004   Data   RW         1780    .data               DDR_DRIVERS.lib(ddr_config.o)
    0x0022354c   0x00000004   Data   RW         1781    .data               DDR_DRIVERS.lib(ddr_config.o)
    0x00223550   0x00000004   Data   RW         1868    .data               DDR_HAL.lib(DDR_PHY.o)
    0x00223554   0x00000314   Data   RW          117    SYSTEM_DEBUG_DATA   sys_debug.o


    Execution Region BOOT_SEGMENT2_DDRFW_TBL (Base: 0x00223868, Size: 0x00000000, Max: 0xffffffff, ABSOLUTE)

    **** No section assigned to this execution region ****


    Execution Region SYSTEM_DEBUG_QSEE_INFO (Base: 0x00223868, Size: 0x00000020, Max: 0x00000020, ABSOLUTE, UNINIT)

    Base Addr    Size         Type   Attr      Idx    E Section Name        Object

    0x00223868   0x00000000   Data   RW         6862    linker$$defined$$symbols  anon$$obj.o
    0x00223868   0x00000020   Zero   RW            8    SYSTEM_DEBUG_QSEE_INFO.bss  anon$$obj.o


==============================================================================

Image component sizes


      Code (inc. data)   RO Data    RW Data    ZI Data      Debug   Object Name

         0          0          0        244          0          0   boot_rollback_img_set.o
         0          0         60          0          0          0   oem_version.o
         0          0         49          0          0          0   qc_version.o
       704         44          0          0          0        164   sbl1.o
       812        164        609        136       7044        644   sbl1_mc.o
         0          0          0          4          0          0   sbl1_target.o
       376         16          0        788          0          0   sys_debug.o
       318         40          0          0          0        384   sys_debug_mc.o

    ----------------------------------------------------------------------
      2276        272        718       1172      36324       1192   Object Totals
        60          8          0          0      29280          0   (incl. Generated)
         6          0          0          0          0          0   (incl. Padding)

    ----------------------------------------------------------------------

      Code (inc. data)   RO Data    RW Data    ZI Data      Debug   Library Member Name

      1416         48          0          0          0       1224   CeCL.o
         8          0          0          0          0        232   CeCL_Ce0.o
       240         10          0          0          0       1472   CeEL.o
       116         12          0          5        416        232   CeEL_Env.o
        74          0          0          0          0        256   CeEL_Reg.o
      2010         80          0          8         44       1060   CeML.o
       664          8          0          0          0        644   ClockSBLCommon.o
      1158        172        176          8          0       1488   ClockSBL.o
       120         10          0          4          0        132   ClockSBLCPU.o
       450         52          0       1348          0        720   ClockSBLConfig.o
        76          8          0          4          0        128   ClockTLMMSpare.o
       404         28         96          0          0        536   ClockTools.o
         0          0       4716        348          0          0   DALConfig_boot.o
         0          0          0         36          0          0   DALModDir_boot.o
       648        138          0         16          0       1024   DALGlbCtxt.o
       122         14          0         32          0        484   DALHeap.o
        20          0          0          0          0        116   DALMemDesc.o
       518         38         12         12         32       2888   DALModEnv.o
       806          6          0          0          0        684   DALProps.o
       474          0          0          0          0        896   dalfwkbase.o
       144          0          0          0          0        492   flash_dal.o
       750         20        112        448          0       3424   flash_dal_fwk.o
         0          0         12         16          0          0   flash_dal_info.o
        26          0          0          0          0        128   flash_dal_util.o
        94         28          0         24          0        264   flash_properties.o
       288          4          0         84          0       2616   flash_nor_entry_reduced.o
        24         12          0       1248          0        232   flash_nor_i2c_config.o
       342          0          0         84          0        404   flash_nor_i2c_core.o
       644         50          0          0         12       1264   flash_nor_i2c_init.o
      1374        278          0         28        452       2132   DALTLMM.o
       180         20         60        160         28       1764   DALTLMMFwk.o
         0          0         12          8          0          0   DALTLMMInfo.o
       360         48          0          8         12        368   DALTLMMState.o
        54          0          0       1248          0        128   ddr_config.o
         0          0          0         12          0          0   ddr_drivers.o
       252         22          0         36          0        480   ddr_params.o
       220         30          0         64          0        388   ddr_target.o
       124          6          0          0          0        124   AHB2PHY.o
       672         30          0          0          0        400   BIMC_DPE_v1.o
       560         10          0          0          0        256   BIMC_SCMO_v1.o
      1200         86          0          0          0       1596   BIMC_SHKE_v1.o
      1440        130          0          0          0       1284   BIMC_v1.o
       988         78          0          4          0       1064   DDR_PHY.o
       128         26          0         36          0        348   HALsdcc_8916.o
       292         34          0          0          0        620   HALsdcc_sdcc4.o
       140          0          0          0          0          0   HALsdcc_util.o
       216         28          0          8          0        600   HALtlmm.o
         4          0         12         48          0        116   I2cDriverDalInfo.o
       146          4          0          0          0        380   PrngCL.o
         8          0          0          0          0        232   PrngEL.o
        38          0          0          0          0        140   PrngML.o
      1344         88          0          0       1160       1656   PmicArb.o
      1024        174          0          0        696       1092   SpmiBus.o
      1068         54          5          4          0       1132   SpmiCfg.o
        20          4          0          4          0        116   SpmiHal.o
       428         72          0          0          0        524   SpmiMaster.o
       316        126          0         12          0        504   SpmiOs.o
       306         62          0         16          0       1208   SpmiOsImage.o
         0          0          0          0        128          0   SpmiOsLogs.o
       442          6          0          0          0        536   SpmiRadixTree.o
       232         64        404          0          0        116   GeniImage.o
       970         20         43         60          0        936   Uart.o
       478          0          0          0          0       3152   Uart_hal.o
       124         10          0        520          0        128   Uart_log.o
       748        148         29          0          0       1020   Uart_sbl_os.o
       210          6          0          0          0        376   AdcScalingUtil.o
      1816         32          0          0          0       3152   DalVAdc.o
       250         12         68        472          0       1988   DalVAdcFwk.o
         0          0         12          0          0          0   DalVAdcInfo.o
       812         46          0          0          0       1184   VAdcHal.o
         0          0         16          0          0          0   AdcBsp.o
         0          0       1255          0          0          0   VAdcBsp.o
        44         10          0          0          0        232   boot_dload.o
         0          0         25          0          0          0   boot_dload_debug.o
       806        384          0         24        300       1684   boot_error_handler.o
        40          6          0         12          0        116   boot_hash.o
         4          0          0          0          0        116   boot_extern_busywait_interface.o
        16          0          0          0          0        464   boot_extern_clk_interface.o
         4          0          0          0          0        116   boot_extern_crypto_interface.o
         8          0          0          0          0        232   boot_extern_dal_interface.o
         4          0          0          0          0        116   boot_extern_ddr_interface.o
         4          0          0          0          0        120   boot_extern_deviceprogrammer_lite_interface.o
         4          0          0          0          0        116   boot_extern_pmic_interface.o
         8          0          0          0          0        232   boot_extern_secboot_interface.o
         8          0          0          0          0        232   boot_uart.o
       136         30          0          0        260        132   boot_clobber_prot.o
       374         68          0          4          0       1160   boot_logger.o
       378         18          0        146          9        396   boot_logger_ram.o
        96          8          0          0          0        364   boot_logger_timer.o
       356         22          0        155        521        380   boot_logger_uart.o
        44          8          0          4          0        128   boot_ram_init.o
       984          4          0          0          4          0   boot_armv7_mmu.o
       538         12          0          8          0        544   boot_page_table.o
       280         44          0          0        184        384   boot_authenticator.o
        72         34          0         12          0        124   boot_rollback_version.o
       120         38          0          0          0        248   boot_a53.o
        72          0          0          0          0          0   boot_a53_asm.o
       168         48        214         36         84        396   boot_pbl_v1.o
       308          0          0          0          0        612   boot_util.o
       252          4          0          0          0          0   boot_util_asm.o
       188         64          0         12         12        256   busywait_hw_qtimer.o
        56          6          0          0          0         88   __2snprintf.o
       396          6         17          0          0         92   __printf_flags_ss_wp.o
        14          0          0          0          0         68   __printf_wp.o
       124          0          0          0          0         92   __strtoull.o
        28          0          0          0          0         68   _chval.o
         6          0          0          0          0          0   _printf_a.o
         6          0          0          0          0          0   _printf_c.o
        44          0          0          0          0        108   _printf_char.o
        48          6          0          0          0         96   _printf_char_common.o
        42          0          0          0          0         68   _printf_charcount.o
         6          0          0          0          0          0   _printf_d.o
       116         18          0          0          0         92   _printf_dec.o
         6          0          0          0          0          0   _printf_e.o
         6          0          0          0          0          0   _printf_f.o
      1048          0          0          0          0        216   _printf_fp_dec.o
       128         16          0          0          0         84   _printf_fp_infnan.o
         6          0          0          0          0          0   _printf_g.o
       156          6         40          0          0        160   _printf_hex_int_ll_ptr.o
         6          0          0          0          0          0   _printf_i.o
       184          0          0          0          0         88   _printf_intcommon.o
        10          0          0          0          0          0   _printf_l.o
         6          0          0          0          0          0   _printf_lc.o
        10          0          0          0          0          0   _printf_ll.o
         6          0          0          0          0          0   _printf_lld.o
         6          0          0          0          0          0   _printf_lli.o
         6          0          0          0          0          0   _printf_llo.o
         6          0          0          0          0          0   _printf_llu.o
         6          0          0          0          0          0   _printf_llx.o
       120         16          0          0          0         92   _printf_longlong_dec.o
         6          0          0          0          0          0   _printf_ls.o
         6          0          0          0          0          0   _printf_n.o
         6          0          0          0          0          0   _printf_o.o
       120          8          0          0          0        124   _printf_oct_int_ll.o
         6          0          0          0          0          0   _printf_p.o
        82          0          0          0          0        108   _printf_pad.o
         0          0          0          0          0          0   _printf_percent.o
         4          0          0          0          0          0   _printf_percent_end.o
         6          0          0          0          0          0   _printf_s.o
        82          0          0          0          0         80   _printf_str.o
        36          0          0          0          0         84   _printf_truncate.o
         6          0          0          0          0          0   _printf_u.o
        44          0          0          0          0        108   _printf_wchar.o
       188          6          8          0          0         92   _printf_wctomb.o
         6          0          0          0          0          0   _printf_x.o
        16          0          0          0          0         68   _snputc.o
        10          0          0          0          0         68   _sputc.o
       192          0          0          0          0         96   _strtoull.o
        64          0          0          0          0         92   _wcrtomb.o
        16          0          0          0          0         72   abort.o
         4          0          0          0          0         68   aeabi_ldiv0_sigfpe.o
        16          0          0          0          0         68   aeabi_memset.o
        12          0          0          0          0         68   aeabi_sdiv_cr4.o
       216          6        148          0          0         96   bigflt0.o
      1910        128          0          0          0        672   btod.o
        52          6          0          0          0         80   c89vsnprintf.o
         8          0          0          0          0         68   defsig_abrt_formal.o
         8          0          0          0          0         68   defsig_fpe_formal.o
         0          0          0          0          0          0   indicate_semi.o
        44         10        272          0          0         76   lc_ctype_c.o
        44         10         28          0          0         76   lc_numeric_c.o
         0          0          0          0          0          0   libinit2.o
        38          0          0          0          0         68   llshl.o
       152          0          0          0          0         80   lludiv10.o
       816         64          0          0          0         84   lludiv5.o
        16          6          0          0         42         68   locale.o
       424         10          0          0          0        188   locale_r.o
        88          0          0          0          0         76   memcmp.o
         0          0         16          0          0          0   null_locale.o
        16          4          0          0          0         76   rt_ctype_table.o
        10          0          0          0          0         76   rt_div0.o
         8          4          0          0          4         68   rt_errno_addr.o
         8          4          0          0         20         68   rt_locale.o
        68          0          0          0          0         68   rt_memclr.o
        78          0          0          0          0         80   rt_memclr_w.o
       212          0          0          0          0         68   rt_memcpy.o
       100          0          0          0          0         80   rt_memcpy_w.o
       212          0          0          0          0         68   rt_memmove.o
       128          0          0          0          0         80   rt_memmove_w.o
        44          0          0          0          0         68   rtudiv10.o
        20          0          0          0          0         68   strchr.o
       160          4          0          0          0         80   strcmp.o
        58          0          0          0          0         68   strlen.o
       240          4          0          0          0         80   strncmp.o
        22          0          0          0          0         68   strrchr.o
        36          0          0          0          0         80   strstr.o
         4          0          0          0          0         68   strtoull.o
        12          4          0          0          0         68   sys_exit.o
        22          0          0          0          0         68   uread4.o
         2          0          0          0          0         68   use_no_semi.o
        22          0          0          0          0         68   uwrite4.o
       148          0          0          0          0       1748   DalChipInfo.o
       194         16         72        172         28       2112   DalChipInfoFwk.o
         0          0         12          4          0          0   DalChipInfoInfo.o
      1228        374        620        488          0       1296   DalChipInfoLocal.o
        48         12          0          0          0        240   deviceprogrammer_bsp_8974.o
     15124       5624        336          0      50688       5468   deviceprogrammer_firehose.o
       376        134          0          4          0        268   deviceprogrammer_initialize.o
      3406        120       1093          0        144       1328   deviceprogrammer_security.o
      1654        670          0          0          0       1792   deviceprogrammer_storage_device.o
      1336         28          0          0          0       1052   deviceprogrammer_utils.o
      1356         48          0          0          0       2356   deviceprogrammer_xml_parser.o
      1010         94          0         96          0       1480   flash_extdrv_i2c_v2.o
         4          0          0          0          0        116   printf1.o
         0          0          0          0          0          0   usenofp.o
         0          0          0        780          0          0   icbcfg_data.o
        26          0          0          0          0        124   memscpy.o
        26          0          0          0          0        124   memsmove.o
         8          0          0          0          0        116   strcasecmp.o
        64          0          0          0          0        128   strlcat.o
        56          0          0          0          0        124   strlcpy.o
        62          0          0          0          0        128   strncasecmp.o
        48          0          0          0          0        124   fpclassify.o
         4          0          0          0          0        232   HALsdhci_stub.o
       356         66          0         24          0        852   sdcc_bsp_boot.o
         2          0          0          0          0        116   sdcc_debug.o
       232         34          0          4        384        492   sdcc_handle_util.o
        24          0          1          0          0        696   sdcc_hc_stub.o
      1040         12          0          8          0        936   sdcc_mini_api.o
      1574         46          0          0        512       1428   sdcc_mmc_util.o
      2208         60          0          0          0       2892   sdcc_pal_tool.o
      1062         36          0          0         64       1312   sdcc_sd_util.o
      1866         58          0          0        564       2120   sdcc_util.o
       974         58          0         12          0       1388   PlatformInfo.o
       174         16         68        144         28       1868   PlatformInfoFwk.o
       124         10          0          8        336        128   pm_pbs_info.o
        30          0          0          0          0        116   pm_app_pon.o
       188          0          0          0          0        528   pm_comm_spmi_lite.o
         0          0          0       1126          0          0   pm_config_common.o
         0          0       1078        304         32          0   pm_config_target.o
         0          0          0       2048          0          0   pm_config_target_pbs_ram.o
         0          0          0       5952          0          0   pm_config_target_sbl_sequence.o
       442          0          0          0          0        548   pm_mpp.o
        20          4          0          0         28        116   pm_mpp_driver.o
       966         70          0        276          0        660   pm_pon.o
       104         16          0          1        140        232   pm_version.o
        48          4          6          0          0        124   pm_init_without_dal.o
      1344        100          0         62        512       1948   qhsusb_al_bulk.o
        60         12          0          0          0        348   qhsusb_boot_dload.o
      1616         34          0         16         74       2384   qhsusb_dcd_ch9.o
      2948        286          0         40       8576       3844   qhsusb_dci.o
       296         44          0          3         12       1424   qhsusb_dci_8909.o
        52          0          0          0          0        832   qhsusb_dci_8909_hw_apis_sbl1.o
      1304        104        136        652       1332       1692   qhsusb_fd_hdlc.o
        48          8          0          8       3072        132   qhsusb_log.o
      3566        116         52          0          0       1744   secboot.o
      1220         24          0          0          0       1284   secboot_asn1.o
       738         40        384          4          0       1364   secboot_hw.o
        22          0          0          0          0        116   secboot_hw_apps.o
      4044         42        172          0          0       2952   secboot_x509.o
       110          0          0          0          0        132   secmath_BIGINT_read_unsigned_bin.o
       724          0          0          0          0        548   secmath_barrett_reduce.o
       532          0          0          0          0        284   secmath_mod_exp.o
       332          0          0          0          0        284   secmath_montmul_ref.o
       262          0          0          0          0        628   secmath_montmul_utils.o
       910         88         80         40         24       1528   smem.o
        52          8          0          4          0        812   smem_boot.o
         4          0          0          0          0        116   smem_mapping_rex.o
        72         14          0          0          0        248   smem_rex.o
         0          0        128          0          0          0   smem_8916_structs.o
         8          0          0          0          0        232   smem_ext.o
         0          0         12          0          0          0   BootTempCheckBsp.o
         0          0        152          0          0          0   TsensBootBsp.o
        80         18       3072          0          0        124   crc.o

    ----------------------------------------------------------------------
    102884      12194      15302      19196      71144     130980   Library Totals
       164          0         20         30        174          0   (incl. Padding)

    ----------------------------------------------------------------------

      Code (inc. data)   RO Data    RW Data    ZI Data      Debug   Library Name

      1424         48          0          0          0       1456   CeCL.lib
       430         22          0          5        416       1960   CeEL.lib
      2010         80          0          8         44       1060   CeML.lib
       664          8          0          0          0        644   Clock_Common_SBL.lib
      2208        270        272       1364          0       3004   Clock_msm8909_SBL.lib
         0          0       4716        384          0          0   DALConfig.lib
      2588        196         12         60         32       6092   DALFwk.lib
      1014         48        124        488          0       4308   DALflash.lib
      1298         66          0       1416         12       4516   DALflash_i2c_nor.lib
      1914        346         72        204        492       4264   DALtlmm.lib
       526         52          0       1360          0        996   DDR_DRIVERS.lib
      4984        340          0          4          0       4724   DDR_HAL.lib
       560         60          0         36          0        968   HALsdcc.lib
       216         28          0          8          0        600   HALtlmmV2.lib
         4          0         12         48          0        116   I2cDriver.lib
       146          4          0          0          0        380   PrngCL.lib
         8          0          0          0          0        232   PrngEL.lib
        38          0          0          0          0        140   PrngML.lib
      4948        586          5         36       1984       6768   Spmi.lib
       232         64        404          0          0        116   SpmiDalCfg.lib
      2320        178         72        580          0       5236   UART.lib
      3088         96         80        472          0       6700   adc.lib
         0          0       1271          0          0          0   adc_bsp_lib.lib
       890        400         25         36        300       2032   boot_error_dload.lib
        60          0          0          0          0       1744   boot_extern_driver_interface.lib
       136         30          0          0        260        132   boot_flash_common.lib
      1204        116          0        305        530       2300   boot_logger.lib
        44          8          0          4          0        128   boot_mem_manage.lib
      1522         16          0          8          4        544   boot_mmu.lib
       352         78          0         12        184        508   boot_security.lib
       360         86        214         36         84        644   boot_target_hw.lib
       560          4          0          0          0        612   boot_util.lib
       188         64          0         12         12        256   busywait_lib.lib
      8828        352        529          0         66       5892   c_2.l
      1570        390        704        664         28       5156   chipinfo.lib
     23300       6636       1429          4      50832      12504   deviceprogrammer.lib
      1010         94          0         96          0       1480   extdrv_i2c_v2.lib
         4          0          0          0          0        116   fz_2v.l
         0          0          0        780          0          0   icb_cfg_lib.lib
       242          0          0          0          0        744   libstd.lib
        48          0          0          0          0        124   m_2v.l
      8368        312          1         36       1524      11076   mini_sdcc.lib
      1148         74         68        156         28       3256   platforminfo.lib
       124         10          0          8        336        128   pm_pbs_driver.lib
        30          0          0          0          0        116   pmic_app_pon.lib
       188          0          0          0          0        528   pmic_comm_spmi_lite.lib
         0          0       1078       9430         32          0   pmic_config_boot.lib
       462          4          0          0         28        664   pmic_drivers_mpp.lib
       966         70          0        276          0        660   pmic_drivers_pon.lib
       104         16          0          1        140        232   pmic_framework.lib
        48          4          6          0          0        124   pmic_target_sbl1_system.lib
      7668        588        136        781      13578      12604   qhsusb_bulk_chg.lib
      9590        222        608          4          0       7460   secboot_auth.lib
      1960          0          0          0          0       1876   secmath.lib
      1038        110         80         44         24       2704   smem_boot.lib
         0          0        128          0          0          0   smem_config.lib
         8          0          0          0          0        232   smem_ext_common.lib
         0          0        164          0          0          0   tsens_bsp_lib.lib
        80         18       3072          0          0        124   utils_tools.lib

    ----------------------------------------------------------------------
    102884      12194      15302      19196      71144     130980   Library Totals

    ----------------------------------------------------------------------

==============================================================================


      Code (inc. data)   RO Data    RW Data    ZI Data      Debug   

    105160      12466      16020      20368     107468      29488   Grand Totals
    105160      12466      16020      20368     107468      29488   ELF Image Totals
    105160      12466      16020      20368          0          0   ROM Totals

==============================================================================

    Total RO  Size (Code + RO Data)               121180 ( 118.34kB)
    Total RW  Size (RW Data + ZI Data)            127836 ( 124.84kB)
    Total ROM Size (Code + RO Data + RW Data)     141548 ( 138.23kB)

==============================================================================

